"2019-01-01","2019-01-31","O1","I1","ISBN:111-1-1111-1111-1|Online_ISSN:1111-1111","","","Country:us|YearOfPublish:2001","M1","1"
"2019-02-01","2019-02-28","O1","I1","ISBN:111-1-1111-1111-1|Online_ISSN:1111-1111","","","Country:us|YearOfPublish:2001","M1","2"
"2019-03-01","2019-03-31","O1","I1","ISBN:111-1-1111-1111-1|Online_ISSN:1111-1111","","","Country:us|YearOfPublish:2001","M1","3"
"2019-01-01","2019-01-31","O1","I1","ISBN:111-1-1111-1111-1|Online_ISSN:1111-1111","","","Country:us|YearOfPublish:2001","M2","2"
"2019-02-01","2019-02-28","O1","I1","ISBN:111-1-1111-1111-1|Online_ISSN:1111-1111","","","Country:us|YearOfPublish:2001","M2","3"
"2019-03-01","2019-03-31","O1","I1","ISBN:111-1-1111-1111-1|Online_ISSN:1111-1111","","","Country:us|YearOfPublish:2001","M2","4"
"2019-01-01","2019-01-31","O1","I1","ISBN:111-1-1111-1111-1|Online_ISSN:1111-1111","","","Country:cs|YearOfPublish:2001","M1","5"
"2019-02-01","2019-02-28","O1","I1","ISBN:111-1-1111-1111-1|Online_ISSN:1111-1111","","","Country:cs|YearOfPublish:2001","M1","6"
"2019-03-01","2019-03-31","O1","I1","ISBN:111-1-1111-1111-1|Online_ISSN:1111-1111","","","Country:cs|YearOfPublish:2001","M1","7"
"2019-01-01","2019-01-31","O1","I1","ISBN:111-1-1111-1111-1|Online_ISSN:1111-1111","","","Country:cs|YearOfPublish:2001","M2","8"
"2019-02-01","2019-02-28","O1","I1","ISBN:111-1-1111-1111-1|Online_ISSN:1111-1111","","","Country:cs|YearOfPublish:2001","M2","9"
"2019-03-01","2019-03-31","O1","I1","ISBN:111-1-1111-1111-1|Online_ISSN:1111-1111","","","Country:cs|YearOfPublish:2001","M2","10"
"2019-01-01","2019-01-31","O1","I2","ISBN:222-2-2222-2222-2|Online_ISSN:2222-2222","","","Country:us|YearOfPublish:2002","M1","11"
"2019-02-01","2019-02-28","O1","I2","ISBN:222-2-2222-2222-2|Online_ISSN:2222-2222","","","Country:us|YearOfPublish:2002","M1","12"
"2019-03-01","2019-03-31","O1","I2","ISBN:222-2-2222-2222-2|Online_ISSN:2222-2222","","","Country:us|YearOfPublish:2002","M1","13"
"2019-01-01","2019-01-31","O1","I2","ISBN:222-2-2222-2222-2|Online_ISSN:2222-2222","","","Country:us|YearOfPublish:2002","M2","12"
"2019-02-01","2019-02-28","O1","I2","ISBN:222-2-2222-2222-2|Online_ISSN:2222-2222","","","Country:us|YearOfPublish:2002","M2","13"
"2019-03-01","2019-03-31","O1","I2","ISBN:222-2-2222-2222-2|Online_ISSN:2222-2222","","","Country:us|YearOfPublish:2002","M2","14"
"2019-01-01","2019-01-31","O1","I2","ISBN:222-2-2222-2222-2|Online_ISSN:2222-2222","","","Country:cs|YearOfPublish:2002","M1","15"
"2019-02-01","2019-02-28","O1","I2","ISBN:222-2-2222-2222-2|Online_ISSN:2222-2222","","","Country:cs|YearOfPublish:2002","M1","16"
"2019-03-01","2019-03-31","O1","I2","ISBN:222-2-2222-2222-2|Online_ISSN:2222-2222","","","Country:cs|YearOfPublish:2002","M1","17"
"2019-01-01","2019-01-31","O1","I2","ISBN:222-2-2222-2222-2|Online_ISSN:2222-2222","","","Country:cs|YearOfPublish:2002","Metric default","18"
"2019-02-01","2019-02-28","O1","I2","ISBN:222-2-2222-2222-2|Online_ISSN:2222-2222","","","Country:cs|YearOfPublish:2002","Metric default","19"
"2019-03-01","2019-03-31","O1","I2","ISBN:222-2-2222-2222-2|Online_ISSN:2222-2222","","","Country:cs|YearOfPublish:2002","Metric default","20"
"2019-01-01","2019-01-31","O2","I1","ISBN:111-1-1111-1111-1|Online_ISSN:1111-1111","","","Country:us|YearOfPublish:2001","M1","9"
"2019-02-01","2019-02-28","O2","I1","ISBN:111-1-1111-1111-1|Online_ISSN:1111-1111","","","Country:us|YearOfPublish:2001","M1","8"
"2019-03-01","2019-03-31","O2","I1","ISBN:111-1-1111-1111-1|Online_ISSN:1111-1111","","","Country:us|YearOfPublish:2001","M1","7"
"2019-01-01","2019-01-31","O2","I1","ISBN:111-1-1111-1111-1|Online_ISSN:1111-1111","","","Country:us|YearOfPublish:2001","M2","8"
"2019-02-01","2019-02-28","O2","I1","ISBN:111-1-1111-1111-1|Online_ISSN:1111-1111","","","Country:us|YearOfPublish:2001","M2","7"
"2019-03-01","2019-03-31","O2","I1","ISBN:111-1-1111-1111-1|Online_ISSN:1111-1111","","","Country:us|YearOfPublish:2001","M2","6"
"2019-01-01","2019-01-31","O2","I1","ISBN:111-1-1111-1111-1|Online_ISSN:1111-1111","","","Country:cs|YearOfPublish:2001","M1","7"
"2019-02-01","2019-02-28","O2","I1","ISBN:111-1-1111-1111-1|Online_ISSN:1111-1111","","","Country:cs|YearOfPublish:2001","M1","6"
"2019-03-01","2019-03-31","O2","I1","ISBN:111-1-1111-1111-1|Online_ISSN:1111-1111","","","Country:cs|YearOfPublish:2001","M1","5"
"2019-01-01","2019-01-31","O2","I1","ISBN:111-1-1111-1111-1|Online_ISSN:1111-1111","","","Country:cs|YearOfPublish:2001","M2","6"
"2019-02-01","2019-02-28","O2","I1","ISBN:111-1-1111-1111-1|Online_ISSN:1111-1111","","","Country:cs|YearOfPublish:2001","M2","5"
"2019-03-01","2019-03-31","O2","I1","ISBN:111-1-1111-1111-1|Online_ISSN:1111-1111","","","Country:cs|YearOfPublish:2001","M2","4"
"2019-01-01","2019-01-31","O2","I3","ISBN:333-3-3333-3333-3|Online_ISSN:3333-3333","","","Country:us|YearOfPublish:2003","M1","5"
"2019-02-01","2019-02-28","O2","I3","ISBN:333-3-3333-3333-3|Online_ISSN:3333-3333","","","Country:us|YearOfPublish:2003","M1","4"
"2019-03-01","2019-03-31","O2","I3","ISBN:333-3-3333-3333-3|Online_ISSN:3333-3333","","","Country:us|YearOfPublish:2003","M1","3"
"2019-01-01","2019-01-31","O2","I3","ISBN:333-3-3333-3333-3|Online_ISSN:3333-3333","","","Country:us|YearOfPublish:2003","M2","4"
"2019-02-01","2019-02-28","O2","I3","ISBN:333-3-3333-3333-3|Online_ISSN:3333-3333","","","Country:us|YearOfPublish:2003","M2","3"
"2019-03-01","2019-03-31","O2","I3","ISBN:333-3-3333-3333-3|Online_ISSN:3333-3333","","","Country:us|YearOfPublish:2003","M2","2"
"2019-01-01","2019-01-31","O2","I3","ISBN:333-3-3333-3333-3|Online_ISSN:3333-3333","","","Country:cs|YearOfPublish:2003","M1","3"
"2019-02-01","2019-02-28","O2","I3","ISBN:333-3-3333-3333-3|Online_ISSN:3333-3333","","","Country:cs|YearOfPublish:2003","M1","2"
"2019-03-01","2019-03-31","O2","I3","ISBN:333-3-3333-3333-3|Online_ISSN:3333-3333","","","Country:cs|YearOfPublish:2003","M1","1"
"2019-01-01","2019-01-31","O2","I3","ISBN:333-3-3333-3333-3|Online_ISSN:3333-3333","","","Country:cs|YearOfPublish:2003","M2","2"
"2019-02-01","2019-02-28","O2","I3","ISBN:333-3-3333-3333-3|Online_ISSN:3333-3333","","","Country:cs|YearOfPublish:2003","M2","1"
"2019-03-01","2019-03-31","O2","I3","ISBN:333-3-3333-3333-3|Online_ISSN:3333-3333","","","Country:cs|YearOfPublish:2003","M2","0"
