"2019-01-01","2019-01-31","","Title 1","","","","","","","Metric 1","1"
"2019-02-01","2019-02-28","","Title 1","","","","","","","Metric 1","4"
"2019-03-01","2019-03-31","","Title 1","","","","","","","Metric 1","7"
"2019-01-01","2019-01-31","","Title 1","","","","","","","Metric 2","10"
"2019-02-01","2019-02-28","","Title 1","","","","","","","Metric 2","20"
"2019-03-01","2019-03-31","","Title 1","","","","","","","Metric 2","30"
"2019-01-01","2019-01-31","","Title 2","","","","","","","Metric 1","2"
"2019-02-01","2019-02-28","","Title 2","","","","","","","Metric 1","5"
"2019-03-01","2019-03-31","","Title 2","","","","","","","Metric 1","8"
"2019-01-01","2019-01-31","","Title 2","","","","","","","Metric 2","20"
"2019-02-01","2019-02-28","","Title 2","","","","","","","Metric 2","30"
"2019-03-01","2019-03-31","","Title 2","","","","","","","Metric 2","40"
"2019-01-01","2019-01-31","","Title 3","","","","","","","Metric 1","3"
"2019-02-01","2019-02-28","","Title 3","","","","","","","Metric 1","6"
"2019-03-01","2019-03-31","","Title 3","","","","","","","Metric 1","9"
"2019-01-01","2019-01-31","","Title 3","","","","","","","Metric 2","30"
"2019-02-01","2019-02-28","","Title 3","","","","","","","Metric 2","40"
"2019-03-01","2019-03-31","","Title 3","","","","","","","Metric 2","50"
