"2019-01-01","2019-01-31","","Title 1","","","","1"
"2019-02-01","2019-02-28","","Title 1","","","","4"
"2019-03-01","2019-03-31","","Title 1","","","","7"
"2019-01-01","2019-01-31","","Title 2","","","","2"
"2019-02-01","2019-02-28","","Title 2","","","","5"
"2019-03-01","2019-03-31","","Title 2","","","","8"
"2019-01-01","2019-01-31","","Title 3","","","","3"
"2019-02-01","2019-02-28","","Title 3","","","","6"
"2019-03-01","2019-03-31","","Title 3","","","","9"
