"2020-01-01","2020-01-31","ClassiquesGarnierNumerique","Livres et revues numériques","Consult","Authentization:IP",,"12"
"2020-02-01","2020-02-29","ClassiquesGarnierNumerique","Livres et revues numériques","Consult","Authentization:IP",,"13"
"2020-03-01","2020-03-31","ClassiquesGarnierNumerique","Livres et revues numériques","Consult","Authentization:IP",,"3"
"2020-04-01","2020-04-30","ClassiquesGarnierNumerique","Livres et revues numériques","Consult","Authentization:IP",,"37"
"2020-05-01","2020-05-31","ClassiquesGarnierNumerique","Livres et revues numériques","Consult","Authentization:IP",,"56"
"2020-06-01","2020-06-30","ClassiquesGarnierNumerique","Livres et revues numériques","Consult","Authentization:IP",,"0"
"2020-07-01","2020-07-31","ClassiquesGarnierNumerique","Livres et revues numériques","Consult","Authentization:IP",,"6"
"2020-08-01","2020-08-31","ClassiquesGarnierNumerique","Livres et revues numériques","Consult","Authentization:IP",,"4"
"2020-09-01","2020-09-30","ClassiquesGarnierNumerique","Livres et revues numériques","Consult","Authentization:IP",,"3"
"2020-10-01","2020-10-31","ClassiquesGarnierNumerique","Livres et revues numériques","Consult","Authentization:IP",,"45"
"2020-11-01","2020-11-30","ClassiquesGarnierNumerique","Livres et revues numériques","Consult","Authentization:IP",,"4"
"2020-12-01","2020-12-31","ClassiquesGarnierNumerique","Livres et revues numériques","Consult","Authentization:IP",,"12"
"2020-01-01","2020-01-31","ClassiquesGarnierNumerique","Livres et revues numériques","Search","Authentization:IP",,"14"
"2020-02-01","2020-02-29","ClassiquesGarnierNumerique","Livres et revues numériques","Search","Authentization:IP",,"10"
"2020-03-01","2020-03-31","ClassiquesGarnierNumerique","Livres et revues numériques","Search","Authentization:IP",,"4"
"2020-04-01","2020-04-30","ClassiquesGarnierNumerique","Livres et revues numériques","Search","Authentization:IP",,"1"
"2020-05-01","2020-05-31","ClassiquesGarnierNumerique","Livres et revues numériques","Search","Authentization:IP",,"3"
"2020-06-01","2020-06-30","ClassiquesGarnierNumerique","Livres et revues numériques","Search","Authentization:IP",,"0"
"2020-07-01","2020-07-31","ClassiquesGarnierNumerique","Livres et revues numériques","Search","Authentization:IP",,"4"
"2020-08-01","2020-08-31","ClassiquesGarnierNumerique","Livres et revues numériques","Search","Authentization:IP",,"0"
"2020-09-01","2020-09-30","ClassiquesGarnierNumerique","Livres et revues numériques","Search","Authentization:IP",,"1"
"2020-10-01","2020-10-31","ClassiquesGarnierNumerique","Livres et revues numériques","Search","Authentization:IP",,"1"
"2020-11-01","2020-11-30","ClassiquesGarnierNumerique","Livres et revues numériques","Search","Authentization:IP",,"3"
"2020-12-01","2020-12-31","ClassiquesGarnierNumerique","Livres et revues numériques","Search","Authentization:IP",,"0"
"2020-01-01","2020-01-31","ClassiquesGarnierNumerique","Livres et revues numériques","Consult","Authentization:Shibboleth",,"0"
"2020-02-01","2020-02-29","ClassiquesGarnierNumerique","Livres et revues numériques","Consult","Authentization:Shibboleth",,"0"
"2020-03-01","2020-03-31","ClassiquesGarnierNumerique","Livres et revues numériques","Consult","Authentization:Shibboleth",,"0"
"2020-04-01","2020-04-30","ClassiquesGarnierNumerique","Livres et revues numériques","Consult","Authentization:Shibboleth",,"1"
"2020-05-01","2020-05-31","ClassiquesGarnierNumerique","Livres et revues numériques","Consult","Authentization:Shibboleth",,"0"
"2020-06-01","2020-06-30","ClassiquesGarnierNumerique","Livres et revues numériques","Consult","Authentization:Shibboleth",,"0"
"2020-07-01","2020-07-31","ClassiquesGarnierNumerique","Livres et revues numériques","Consult","Authentization:Shibboleth",,"0"
"2020-08-01","2020-08-31","ClassiquesGarnierNumerique","Livres et revues numériques","Consult","Authentization:Shibboleth",,"0"
"2020-09-01","2020-09-30","ClassiquesGarnierNumerique","Livres et revues numériques","Consult","Authentization:Shibboleth",,"0"
"2020-10-01","2020-10-31","ClassiquesGarnierNumerique","Livres et revues numériques","Consult","Authentization:Shibboleth",,"0"
"2020-11-01","2020-11-30","ClassiquesGarnierNumerique","Livres et revues numériques","Consult","Authentization:Shibboleth",,"0"
"2020-12-01","2020-12-31","ClassiquesGarnierNumerique","Livres et revues numériques","Consult","Authentization:Shibboleth",,"0"
"2020-01-01","2020-01-31","ClassiquesGarnierNumerique","Livres et revues numériques","Search","Authentization:Shibboleth",,"0"
"2020-02-01","2020-02-29","ClassiquesGarnierNumerique","Livres et revues numériques","Search","Authentization:Shibboleth",,"0"
"2020-03-01","2020-03-31","ClassiquesGarnierNumerique","Livres et revues numériques","Search","Authentization:Shibboleth",,"0"
"2020-04-01","2020-04-30","ClassiquesGarnierNumerique","Livres et revues numériques","Search","Authentization:Shibboleth",,"0"
"2020-05-01","2020-05-31","ClassiquesGarnierNumerique","Livres et revues numériques","Search","Authentization:Shibboleth",,"0"
"2020-06-01","2020-06-30","ClassiquesGarnierNumerique","Livres et revues numériques","Search","Authentization:Shibboleth",,"0"
"2020-07-01","2020-07-31","ClassiquesGarnierNumerique","Livres et revues numériques","Search","Authentization:Shibboleth",,"0"
"2020-08-01","2020-08-31","ClassiquesGarnierNumerique","Livres et revues numériques","Search","Authentization:Shibboleth",,"0"
"2020-09-01","2020-09-30","ClassiquesGarnierNumerique","Livres et revues numériques","Search","Authentization:Shibboleth",,"0"
"2020-10-01","2020-10-31","ClassiquesGarnierNumerique","Livres et revues numériques","Search","Authentization:Shibboleth",,"0"
"2020-11-01","2020-11-30","ClassiquesGarnierNumerique","Livres et revues numériques","Search","Authentization:Shibboleth",,"0"
"2020-12-01","2020-12-31","ClassiquesGarnierNumerique","Livres et revues numériques","Search","Authentization:Shibboleth",,"0"
"2020-01-01","2020-01-31","ClassiquesGarnierNumerique","Livres et revues numériques","Consult","Authentization:IP",,"12"
"2020-02-01","2020-02-29","ClassiquesGarnierNumerique","Livres et revues numériques","Consult","Authentization:IP",,"13"
"2020-03-01","2020-03-31","ClassiquesGarnierNumerique","Livres et revues numériques","Consult","Authentization:IP",,"3"
"2020-04-01","2020-04-30","ClassiquesGarnierNumerique","Livres et revues numériques","Consult","Authentization:IP",,"37"
"2020-05-01","2020-05-31","ClassiquesGarnierNumerique","Livres et revues numériques","Consult","Authentization:IP",,"56"
"2020-06-01","2020-06-30","ClassiquesGarnierNumerique","Livres et revues numériques","Consult","Authentization:IP",,"0"
"2020-07-01","2020-07-31","ClassiquesGarnierNumerique","Livres et revues numériques","Consult","Authentization:IP",,"6"
"2020-08-01","2020-08-31","ClassiquesGarnierNumerique","Livres et revues numériques","Consult","Authentization:IP",,"4"
"2020-09-01","2020-09-30","ClassiquesGarnierNumerique","Livres et revues numériques","Consult","Authentization:IP",,"3"
"2020-10-01","2020-10-31","ClassiquesGarnierNumerique","Livres et revues numériques","Consult","Authentization:IP",,"45"
"2020-11-01","2020-11-30","ClassiquesGarnierNumerique","Livres et revues numériques","Consult","Authentization:IP",,"4"
"2020-12-01","2020-12-31","ClassiquesGarnierNumerique","Livres et revues numériques","Consult","Authentization:IP",,"12"
"2020-01-01","2020-01-31","ClassiquesGarnierNumerique","Livres et revues numériques","Search","Authentization:IP",,"14"
"2020-02-01","2020-02-29","ClassiquesGarnierNumerique","Livres et revues numériques","Search","Authentization:IP",,"10"
"2020-03-01","2020-03-31","ClassiquesGarnierNumerique","Livres et revues numériques","Search","Authentization:IP",,"4"
"2020-04-01","2020-04-30","ClassiquesGarnierNumerique","Livres et revues numériques","Search","Authentization:IP",,"1"
"2020-05-01","2020-05-31","ClassiquesGarnierNumerique","Livres et revues numériques","Search","Authentization:IP",,"3"
"2020-06-01","2020-06-30","ClassiquesGarnierNumerique","Livres et revues numériques","Search","Authentization:IP",,"0"
"2020-07-01","2020-07-31","ClassiquesGarnierNumerique","Livres et revues numériques","Search","Authentization:IP",,"4"
"2020-08-01","2020-08-31","ClassiquesGarnierNumerique","Livres et revues numériques","Search","Authentization:IP",,"0"
"2020-09-01","2020-09-30","ClassiquesGarnierNumerique","Livres et revues numériques","Search","Authentization:IP",,"1"
"2020-10-01","2020-10-31","ClassiquesGarnierNumerique","Livres et revues numériques","Search","Authentization:IP",,"1"
"2020-11-01","2020-11-30","ClassiquesGarnierNumerique","Livres et revues numériques","Search","Authentization:IP",,"3"
"2020-12-01","2020-12-31","ClassiquesGarnierNumerique","Livres et revues numériques","Search","Authentization:IP",,"0"
"2020-01-01","2020-01-31","ClassiquesGarnierNumerique","Livres et revues numériques","Consult","Authentization:Shibboleth",,"0"
"2020-02-01","2020-02-29","ClassiquesGarnierNumerique","Livres et revues numériques","Consult","Authentization:Shibboleth",,"0"
"2020-03-01","2020-03-31","ClassiquesGarnierNumerique","Livres et revues numériques","Consult","Authentization:Shibboleth",,"0"
"2020-04-01","2020-04-30","ClassiquesGarnierNumerique","Livres et revues numériques","Consult","Authentization:Shibboleth",,"1"
"2020-05-01","2020-05-31","ClassiquesGarnierNumerique","Livres et revues numériques","Consult","Authentization:Shibboleth",,"0"
"2020-06-01","2020-06-30","ClassiquesGarnierNumerique","Livres et revues numériques","Consult","Authentization:Shibboleth",,"0"
"2020-07-01","2020-07-31","ClassiquesGarnierNumerique","Livres et revues numériques","Consult","Authentization:Shibboleth",,"0"
"2020-08-01","2020-08-31","ClassiquesGarnierNumerique","Livres et revues numériques","Consult","Authentization:Shibboleth",,"0"
"2020-09-01","2020-09-30","ClassiquesGarnierNumerique","Livres et revues numériques","Consult","Authentization:Shibboleth",,"0"
"2020-10-01","2020-10-31","ClassiquesGarnierNumerique","Livres et revues numériques","Consult","Authentization:Shibboleth",,"0"
"2020-11-01","2020-11-30","ClassiquesGarnierNumerique","Livres et revues numériques","Consult","Authentization:Shibboleth",,"0"
"2020-12-01","2020-12-31","ClassiquesGarnierNumerique","Livres et revues numériques","Consult","Authentization:Shibboleth",,"0"
"2020-01-01","2020-01-31","ClassiquesGarnierNumerique","Livres et revues numériques","Search","Authentization:Shibboleth",,"0"
"2020-02-01","2020-02-29","ClassiquesGarnierNumerique","Livres et revues numériques","Search","Authentization:Shibboleth",,"0"
"2020-03-01","2020-03-31","ClassiquesGarnierNumerique","Livres et revues numériques","Search","Authentization:Shibboleth",,"0"
"2020-04-01","2020-04-30","ClassiquesGarnierNumerique","Livres et revues numériques","Search","Authentization:Shibboleth",,"0"
"2020-05-01","2020-05-31","ClassiquesGarnierNumerique","Livres et revues numériques","Search","Authentization:Shibboleth",,"0"
"2020-06-01","2020-06-30","ClassiquesGarnierNumerique","Livres et revues numériques","Search","Authentization:Shibboleth",,"0"
"2020-07-01","2020-07-31","ClassiquesGarnierNumerique","Livres et revues numériques","Search","Authentization:Shibboleth",,"0"
"2020-08-01","2020-08-31","ClassiquesGarnierNumerique","Livres et revues numériques","Search","Authentization:Shibboleth",,"0"
"2020-09-01","2020-09-30","ClassiquesGarnierNumerique","Livres et revues numériques","Search","Authentization:Shibboleth",,"0"
"2020-10-01","2020-10-31","ClassiquesGarnierNumerique","Livres et revues numériques","Search","Authentization:Shibboleth",,"0"
"2020-11-01","2020-11-30","ClassiquesGarnierNumerique","Livres et revues numériques","Search","Authentization:Shibboleth",,"0"
"2020-12-01","2020-12-31","ClassiquesGarnierNumerique","Livres et revues numériques","Search","Authentization:Shibboleth",,"0"
