"2018-01-01","2018-01-31","","Title1","Book Title Requests","Platform:Ovid|Publisher:Publisher1","DOI:|ISBN:111-1-1111-1111-1|Print_ISSN:|Proprietary:","3"
"2018-02-01","2018-02-28","","Title1","Book Title Requests","Platform:Ovid|Publisher:Publisher1","DOI:|ISBN:111-1-1111-1111-1|Print_ISSN:|Proprietary:","2"
"2018-03-01","2018-03-31","","Title1","Book Title Requests","Platform:Ovid|Publisher:Publisher1","DOI:|ISBN:111-1-1111-1111-1|Print_ISSN:|Proprietary:","3"
"2018-04-01","2018-04-30","","Title1","Book Title Requests","Platform:Ovid|Publisher:Publisher1","DOI:|ISBN:111-1-1111-1111-1|Print_ISSN:|Proprietary:","1"
"2018-05-01","2018-05-31","","Title1","Book Title Requests","Platform:Ovid|Publisher:Publisher1","DOI:|ISBN:111-1-1111-1111-1|Print_ISSN:|Proprietary:","10"
"2018-06-01","2018-06-30","","Title1","Book Title Requests","Platform:Ovid|Publisher:Publisher1","DOI:|ISBN:111-1-1111-1111-1|Print_ISSN:|Proprietary:","0"
"2018-07-01","2018-07-31","","Title1","Book Title Requests","Platform:Ovid|Publisher:Publisher1","DOI:|ISBN:111-1-1111-1111-1|Print_ISSN:|Proprietary:","6"
"2018-08-01","2018-08-31","","Title1","Book Title Requests","Platform:Ovid|Publisher:Publisher1","DOI:|ISBN:111-1-1111-1111-1|Print_ISSN:|Proprietary:","0"
"2018-09-01","2018-09-30","","Title1","Book Title Requests","Platform:Ovid|Publisher:Publisher1","DOI:|ISBN:111-1-1111-1111-1|Print_ISSN:|Proprietary:","0"
"2018-10-01","2018-10-31","","Title1","Book Title Requests","Platform:Ovid|Publisher:Publisher1","DOI:|ISBN:111-1-1111-1111-1|Print_ISSN:|Proprietary:","0"
"2018-11-01","2018-11-30","","Title1","Book Title Requests","Platform:Ovid|Publisher:Publisher1","DOI:|ISBN:111-1-1111-1111-1|Print_ISSN:|Proprietary:","0"
"2018-12-01","2018-12-31","","Title1","Book Title Requests","Platform:Ovid|Publisher:Publisher1","DOI:|ISBN:111-1-1111-1111-1|Print_ISSN:|Proprietary:","7"
"2018-01-01","2018-01-31","","Title2","Book Title Requests","Platform:Ovid|Publisher:Publisher2","DOI:|ISBN:222-2-2222-2222-2|Print_ISSN:|Proprietary:","0"
"2018-02-01","2018-02-28","","Title2","Book Title Requests","Platform:Ovid|Publisher:Publisher2","DOI:|ISBN:222-2-2222-2222-2|Print_ISSN:|Proprietary:","0"
"2018-03-01","2018-03-31","","Title2","Book Title Requests","Platform:Ovid|Publisher:Publisher2","DOI:|ISBN:222-2-2222-2222-2|Print_ISSN:|Proprietary:","0"
"2018-04-01","2018-04-30","","Title2","Book Title Requests","Platform:Ovid|Publisher:Publisher2","DOI:|ISBN:222-2-2222-2222-2|Print_ISSN:|Proprietary:","0"
"2018-05-01","2018-05-31","","Title2","Book Title Requests","Platform:Ovid|Publisher:Publisher2","DOI:|ISBN:222-2-2222-2222-2|Print_ISSN:|Proprietary:","0"
"2018-06-01","2018-06-30","","Title2","Book Title Requests","Platform:Ovid|Publisher:Publisher2","DOI:|ISBN:222-2-2222-2222-2|Print_ISSN:|Proprietary:","0"
"2018-07-01","2018-07-31","","Title2","Book Title Requests","Platform:Ovid|Publisher:Publisher2","DOI:|ISBN:222-2-2222-2222-2|Print_ISSN:|Proprietary:","0"
"2018-08-01","2018-08-31","","Title2","Book Title Requests","Platform:Ovid|Publisher:Publisher2","DOI:|ISBN:222-2-2222-2222-2|Print_ISSN:|Proprietary:","0"
"2018-09-01","2018-09-30","","Title2","Book Title Requests","Platform:Ovid|Publisher:Publisher2","DOI:|ISBN:222-2-2222-2222-2|Print_ISSN:|Proprietary:","0"
"2018-10-01","2018-10-31","","Title2","Book Title Requests","Platform:Ovid|Publisher:Publisher2","DOI:|ISBN:222-2-2222-2222-2|Print_ISSN:|Proprietary:","0"
"2018-11-01","2018-11-30","","Title2","Book Title Requests","Platform:Ovid|Publisher:Publisher2","DOI:|ISBN:222-2-2222-2222-2|Print_ISSN:|Proprietary:","0"
"2018-12-01","2018-12-31","","Title2","Book Title Requests","Platform:Ovid|Publisher:Publisher2","DOI:|ISBN:222-2-2222-2222-2|Print_ISSN:|Proprietary:","6"
