"2012-01-01","2012-01-31","","XXX","","","","Platform:Tandfonline|Publisher:Publisher1","Access denied: concurrent/simultaneous user license limit exceeded","0"
"2012-02-01","2012-02-29","","XXX","","","","Platform:Tandfonline|Publisher:Publisher1","Access denied: concurrent/simultaneous user license limit exceeded","5"
"2012-03-01","2012-03-31","","XXX","","","","Platform:Tandfonline|Publisher:Publisher1","Access denied: concurrent/simultaneous user license limit exceeded","0"
"2012-04-01","2012-04-30","","XXX","","","","Platform:Tandfonline|Publisher:Publisher1","Access denied: concurrent/simultaneous user license limit exceeded","0"
"2012-05-01","2012-05-31","","XXX","","","","Platform:Tandfonline|Publisher:Publisher1","Access denied: concurrent/simultaneous user license limit exceeded","0"
"2012-06-01","2012-06-30","","XXX","","","","Platform:Tandfonline|Publisher:Publisher1","Access denied: concurrent/simultaneous user license limit exceeded","0"
"2012-01-01","2012-01-31","","XXX","","","","Platform:Tandfonline|Publisher:Publisher1","Access denied: content item not licensed","0"
"2012-02-01","2012-02-29","","XXX","","","","Platform:Tandfonline|Publisher:Publisher1","Access denied: content item not licensed","0"
"2012-03-01","2012-03-31","","XXX","","","","Platform:Tandfonline|Publisher:Publisher1","Access denied: content item not licensed","0"
"2012-04-01","2012-04-30","","XXX","","","","Platform:Tandfonline|Publisher:Publisher1","Access denied: content item not licensed","1"
"2012-05-01","2012-05-31","","XXX","","","","Platform:Tandfonline|Publisher:Publisher1","Access denied: content item not licensed","0"
"2012-06-01","2012-06-30","","XXX","","","","Platform:Tandfonline|Publisher:Publisher1","Access denied: content item not licensed","0"
