"2022-01-01","2022-01-31","","Journal1","","","","","","Platform:|Publisher:","FT Article Requests","10042"
"2022-02-01","2022-02-28","","Journal1","","","","","","Platform:|Publisher:","FT Article Requests","15922"
"2022-03-01","2022-03-31","","Journal1","","","","","","Platform:|Publisher:","FT Article Requests","15708"
"2022-04-01","2022-04-30","","Journal1","","","","","","Platform:|Publisher:","FT Article Requests","15796"
"2022-05-01","2022-05-31","","Journal1","","","","","","Platform:|Publisher:","FT Article Requests","8560"
"2022-06-01","2022-06-30","","Journal1","","","","","","Platform:|Publisher:","FT Article Requests","8481"
"2022-07-01","2022-07-31","","Journal1","","","","","","Platform:|Publisher:","FT Article Requests","7853"
"2022-08-01","2022-08-31","","Journal1","","","","","","Platform:|Publisher:","FT Article Requests","8446"
"2022-09-01","2022-09-30","","Journal1","","","","","","Platform:|Publisher:","FT Article Requests","14887"
"2022-10-01","2022-10-31","","Journal1","","","","","","Platform:|Publisher:","FT Article Requests","15002"
"2022-11-01","2022-11-30","","Journal1","","","","","","Platform:|Publisher:","FT Article Requests","16902"
"2022-12-01","2022-12-31","","Journal1","","","","","","Platform:|Publisher:","FT Article Requests","9678"
