"2020-01-01","2020-01-31","Journal1","Archive Article Requests","Platform:Sage|Publisher:Publisher1","DOI:10.1111/aaaa|Online_ISSN:1111-1111|Print_ISSN:2222-2222|Proprietary:aaaa","0"
"2020-02-01","2020-02-29","Journal1","Archive Article Requests","Platform:Sage|Publisher:Publisher1","DOI:10.1111/aaaa|Online_ISSN:1111-1111|Print_ISSN:2222-2222|Proprietary:aaaa","0"
"2020-03-01","2020-03-31","Journal1","Archive Article Requests","Platform:Sage|Publisher:Publisher1","DOI:10.1111/aaaa|Online_ISSN:1111-1111|Print_ISSN:2222-2222|Proprietary:aaaa","1"
"2020-04-01","2020-04-30","Journal1","Archive Article Requests","Platform:Sage|Publisher:Publisher1","DOI:10.1111/aaaa|Online_ISSN:1111-1111|Print_ISSN:2222-2222|Proprietary:aaaa","0"
"2020-05-01","2020-05-31","Journal1","Archive Article Requests","Platform:Sage|Publisher:Publisher1","DOI:10.1111/aaaa|Online_ISSN:1111-1111|Print_ISSN:2222-2222|Proprietary:aaaa","0"
"2020-06-01","2020-06-30","Journal1","Archive Article Requests","Platform:Sage|Publisher:Publisher1","DOI:10.1111/aaaa|Online_ISSN:1111-1111|Print_ISSN:2222-2222|Proprietary:aaaa","0"
"2020-07-01","2020-07-31","Journal1","Archive Article Requests","Platform:Sage|Publisher:Publisher1","DOI:10.1111/aaaa|Online_ISSN:1111-1111|Print_ISSN:2222-2222|Proprietary:aaaa","0"
"2020-08-01","2020-08-31","Journal1","Archive Article Requests","Platform:Sage|Publisher:Publisher1","DOI:10.1111/aaaa|Online_ISSN:1111-1111|Print_ISSN:2222-2222|Proprietary:aaaa","0"
"2020-09-01","2020-09-30","Journal1","Archive Article Requests","Platform:Sage|Publisher:Publisher1","DOI:10.1111/aaaa|Online_ISSN:1111-1111|Print_ISSN:2222-2222|Proprietary:aaaa","0"
