"2018-01-01","2018-01-31","","ItemName1","","","","","","Content Provider:MyPublisher|Platform:MyPlatform","Multimedia Full Content Unit Requests","0"
"2018-02-01","2018-02-28","","ItemName1","","","","","","Content Provider:MyPublisher|Platform:MyPlatform","Multimedia Full Content Unit Requests","0"
"2018-03-01","2018-03-31","","ItemName1","","","","","","Content Provider:MyPublisher|Platform:MyPlatform","Multimedia Full Content Unit Requests","0"
"2018-04-01","2018-04-30","","ItemName1","","","","","","Content Provider:MyPublisher|Platform:MyPlatform","Multimedia Full Content Unit Requests","1"
"2018-05-01","2018-05-31","","ItemName1","","","","","","Content Provider:MyPublisher|Platform:MyPlatform","Multimedia Full Content Unit Requests","10"
"2018-06-01","2018-06-30","","ItemName1","","","","","","Content Provider:MyPublisher|Platform:MyPlatform","Multimedia Full Content Unit Requests","0"
"2018-07-01","2018-07-31","","ItemName1","","","","","","Content Provider:MyPublisher|Platform:MyPlatform","Multimedia Full Content Unit Requests","0"
"2018-08-01","2018-08-31","","ItemName1","","","","","","Content Provider:MyPublisher|Platform:MyPlatform","Multimedia Full Content Unit Requests","0"
"2018-09-01","2018-09-30","","ItemName1","","","","","","Content Provider:MyPublisher|Platform:MyPlatform","Multimedia Full Content Unit Requests","0"
"2018-10-01","2018-10-31","","ItemName1","","","","","","Content Provider:MyPublisher|Platform:MyPlatform","Multimedia Full Content Unit Requests","0"
"2018-11-01","2018-11-30","","ItemName1","","","","","","Content Provider:MyPublisher|Platform:MyPlatform","Multimedia Full Content Unit Requests","0"
"2018-12-01","2018-12-31","","ItemName1","","","","","","Content Provider:MyPublisher|Platform:MyPlatform","Multimedia Full Content Unit Requests","0"
"2018-01-01","2018-01-31","","ItemName2","","","","","","Content Provider:MyPublisher|Platform:MyPlatform","Multimedia Full Content Unit Requests","0"
"2018-02-01","2018-02-28","","ItemName2","","","","","","Content Provider:MyPublisher|Platform:MyPlatform","Multimedia Full Content Unit Requests","3"
"2018-03-01","2018-03-31","","ItemName2","","","","","","Content Provider:MyPublisher|Platform:MyPlatform","Multimedia Full Content Unit Requests","0"
"2018-04-01","2018-04-30","","ItemName2","","","","","","Content Provider:MyPublisher|Platform:MyPlatform","Multimedia Full Content Unit Requests","0"
"2018-05-01","2018-05-31","","ItemName2","","","","","","Content Provider:MyPublisher|Platform:MyPlatform","Multimedia Full Content Unit Requests","0"
"2018-06-01","2018-06-30","","ItemName2","","","","","","Content Provider:MyPublisher|Platform:MyPlatform","Multimedia Full Content Unit Requests","0"
"2018-07-01","2018-07-31","","ItemName2","","","","","","Content Provider:MyPublisher|Platform:MyPlatform","Multimedia Full Content Unit Requests","0"
"2018-08-01","2018-08-31","","ItemName2","","","","","","Content Provider:MyPublisher|Platform:MyPlatform","Multimedia Full Content Unit Requests","0"
"2018-09-01","2018-09-30","","ItemName2","","","","","","Content Provider:MyPublisher|Platform:MyPlatform","Multimedia Full Content Unit Requests","0"
"2018-10-01","2018-10-31","","ItemName2","","","","","","Content Provider:MyPublisher|Platform:MyPlatform","Multimedia Full Content Unit Requests","0"
"2018-11-01","2018-11-30","","ItemName2","","","","","","Content Provider:MyPublisher|Platform:MyPlatform","Multimedia Full Content Unit Requests","0"
"2018-12-01","2018-12-31","","ItemName2","","","","","","Content Provider:MyPublisher|Platform:MyPlatform","Multimedia Full Content Unit Requests","1"
