"2022-03-01","2022-03-31","ProQuest",,"Regular Searches","Publisher:ProQuest",,"210"
"2022-03-01","2022-03-31","ProQuest",,"Searches-federated and automated","Publisher:ProQuest",,"7"
"2022-03-01","2022-03-31","ProQuest",,"Result Clicks","Publisher:ProQuest",,"107"
"2022-03-01","2022-03-31","ProQuest",,"Record Views","Publisher:ProQuest",,"59"
