"2020-01-01","2020-01-31","","","Metric1","","","11"
"2020-01-01","2020-01-31","","","M2","","","21"
"2020-01-01","2020-01-31","","","Met3","","","31"
"2020-02-01","2020-02-29","","","Metric1","","","12"
"2020-02-01","2020-02-29","","","M2","","","22"
"2020-02-01","2020-02-29","","","Met3","","","32"
"2020-03-01","2020-03-31","","","Metric1","","","13"
"2020-03-01","2020-03-31","","","M2","","","23"
"2020-03-01","2020-03-31","","","Met3","","","33"
