"2020-01-01","2020-01-31","","T1","Print_ISSN:1111-1111","","","","","Platform:P1|YOP:2015","deny","0"
"2020-02-01","2020-02-29","","T1","Print_ISSN:1111-1111","","","","","Platform:P1|YOP:2015","deny","1"
"2020-03-01","2020-03-31","","T1","Print_ISSN:1111-1111","","","","","Platform:P1|YOP:2015","deny","0"
"2020-01-01","2020-01-31","","T2","Print_ISSN:2222-2222","","","","","Platform:P1|YOP:2013","deny","3"
"2020-02-01","2020-02-29","","T2","Print_ISSN:2222-2222","","","","","Platform:P1|YOP:2013","deny","0"
"2020-03-01","2020-03-31","","T2","Print_ISSN:2222-2222","","","","","Platform:P1|YOP:2013","deny","2"
