"2020-01-01","2020-01-31","","","","","","","","","Sessions","7"
