"2021-01-01","2021-01-31","","DB1","","","","","","Platform:Platform1|Publisher:Publisher1","Total searches run","0"
"2021-02-01","2021-02-28","","DB1","","","","","","Platform:Platform1|Publisher:Publisher1","Total searches run","0"
"2021-03-01","2021-03-31","","DB1","","","","","","Platform:Platform1|Publisher:Publisher1","Total searches run","3"
"2021-04-01","2021-04-30","","DB1","","","","","","Platform:Platform1|Publisher:Publisher1","Total searches run","0"
"2021-05-01","2021-05-31","","DB1","","","","","","Platform:Platform1|Publisher:Publisher1","Total searches run","0"
"2021-06-01","2021-06-30","","DB1","","","","","","Platform:Platform1|Publisher:Publisher1","Total searches run","0"
"2021-07-01","2021-07-31","","DB1","","","","","","Platform:Platform1|Publisher:Publisher1","Total searches run","0"
"2021-08-01","2021-08-31","","DB1","","","","","","Platform:Platform1|Publisher:Publisher1","Total searches run","0"
"2021-09-01","2021-09-30","","DB1","","","","","","Platform:Platform1|Publisher:Publisher1","Total searches run","1"
"2021-10-01","2021-10-31","","DB1","","","","","","Platform:Platform1|Publisher:Publisher1","Total searches run","0"
"2021-11-01","2021-11-30","","DB1","","","","","","Platform:Platform1|Publisher:Publisher1","Total searches run","1"
"2021-12-01","2021-12-31","","DB1","","","","","","Platform:Platform1|Publisher:Publisher1","Total searches run","0"
"2021-01-01","2021-01-31","","DB1","","","","","","Platform:Platform1|Publisher:Publisher1","Searches-federated and automated","0"
"2021-02-01","2021-02-28","","DB1","","","","","","Platform:Platform1|Publisher:Publisher1","Searches-federated and automated","0"
"2021-03-01","2021-03-31","","DB1","","","","","","Platform:Platform1|Publisher:Publisher1","Searches-federated and automated","0"
"2021-04-01","2021-04-30","","DB1","","","","","","Platform:Platform1|Publisher:Publisher1","Searches-federated and automated","0"
"2021-05-01","2021-05-31","","DB1","","","","","","Platform:Platform1|Publisher:Publisher1","Searches-federated and automated","0"
"2021-06-01","2021-06-30","","DB1","","","","","","Platform:Platform1|Publisher:Publisher1","Searches-federated and automated","0"
"2021-07-01","2021-07-31","","DB1","","","","","","Platform:Platform1|Publisher:Publisher1","Searches-federated and automated","0"
"2021-08-01","2021-08-31","","DB1","","","","","","Platform:Platform1|Publisher:Publisher1","Searches-federated and automated","0"
"2021-09-01","2021-09-30","","DB1","","","","","","Platform:Platform1|Publisher:Publisher1","Searches-federated and automated","0"
"2021-10-01","2021-10-31","","DB1","","","","","","Platform:Platform1|Publisher:Publisher1","Searches-federated and automated","0"
"2021-11-01","2021-11-30","","DB1","","","","","","Platform:Platform1|Publisher:Publisher1","Searches-federated and automated","0"
"2021-12-01","2021-12-31","","DB1","","","","","","Platform:Platform1|Publisher:Publisher1","Searches-federated and automated","0"
"2021-01-01","2021-01-31","","DB1","","","","","","Platform:Platform1|Publisher:Publisher1","Total sessions","1"
"2021-02-01","2021-02-28","","DB1","","","","","","Platform:Platform1|Publisher:Publisher1","Total sessions","3"
"2021-03-01","2021-03-31","","DB1","","","","","","Platform:Platform1|Publisher:Publisher1","Total sessions","2"
"2021-04-01","2021-04-30","","DB1","","","","","","Platform:Platform1|Publisher:Publisher1","Total sessions","0"
"2021-05-01","2021-05-31","","DB1","","","","","","Platform:Platform1|Publisher:Publisher1","Total sessions","0"
"2021-06-01","2021-06-30","","DB1","","","","","","Platform:Platform1|Publisher:Publisher1","Total sessions","0"
"2021-07-01","2021-07-31","","DB1","","","","","","Platform:Platform1|Publisher:Publisher1","Total sessions","0"
"2021-08-01","2021-08-31","","DB1","","","","","","Platform:Platform1|Publisher:Publisher1","Total sessions","0"
"2021-09-01","2021-09-30","","DB1","","","","","","Platform:Platform1|Publisher:Publisher1","Total sessions","2"
"2021-10-01","2021-10-31","","DB1","","","","","","Platform:Platform1|Publisher:Publisher1","Total sessions","0"
"2021-11-01","2021-11-30","","DB1","","","","","","Platform:Platform1|Publisher:Publisher1","Total sessions","1"
"2021-12-01","2021-12-31","","DB1","","","","","","Platform:Platform1|Publisher:Publisher1","Total sessions","1"
"2021-01-01","2021-01-31","","DB1","","","","","","Platform:Platform1|Publisher:Publisher1","Sessions-federated and automated","0"
"2021-02-01","2021-02-28","","DB1","","","","","","Platform:Platform1|Publisher:Publisher1","Sessions-federated and automated","0"
"2021-03-01","2021-03-31","","DB1","","","","","","Platform:Platform1|Publisher:Publisher1","Sessions-federated and automated","0"
"2021-04-01","2021-04-30","","DB1","","","","","","Platform:Platform1|Publisher:Publisher1","Sessions-federated and automated","0"
"2021-05-01","2021-05-31","","DB1","","","","","","Platform:Platform1|Publisher:Publisher1","Sessions-federated and automated","0"
"2021-06-01","2021-06-30","","DB1","","","","","","Platform:Platform1|Publisher:Publisher1","Sessions-federated and automated","0"
"2021-07-01","2021-07-31","","DB1","","","","","","Platform:Platform1|Publisher:Publisher1","Sessions-federated and automated","0"
"2021-08-01","2021-08-31","","DB1","","","","","","Platform:Platform1|Publisher:Publisher1","Sessions-federated and automated","0"
"2021-09-01","2021-09-30","","DB1","","","","","","Platform:Platform1|Publisher:Publisher1","Sessions-federated and automated","0"
"2021-10-01","2021-10-31","","DB1","","","","","","Platform:Platform1|Publisher:Publisher1","Sessions-federated and automated","0"
"2021-11-01","2021-11-30","","DB1","","","","","","Platform:Platform1|Publisher:Publisher1","Sessions-federated and automated","0"
"2021-12-01","2021-12-31","","DB1","","","","","","Platform:Platform1|Publisher:Publisher1","Sessions-federated and automated","0"
"2021-01-01","2021-01-31","","DB2","","","","","","Platform:Platform1|Publisher:","Total searches run","0"
"2021-02-01","2021-02-28","","DB2","","","","","","Platform:Platform1|Publisher:","Total searches run","0"
"2021-03-01","2021-03-31","","DB2","","","","","","Platform:Platform1|Publisher:","Total searches run","2"
"2021-04-01","2021-04-30","","DB2","","","","","","Platform:Platform1|Publisher:","Total searches run","0"
"2021-05-01","2021-05-31","","DB2","","","","","","Platform:Platform1|Publisher:","Total searches run","0"
"2021-06-01","2021-06-30","","DB2","","","","","","Platform:Platform1|Publisher:","Total searches run","0"
"2021-07-01","2021-07-31","","DB2","","","","","","Platform:Platform1|Publisher:","Total searches run","0"
"2021-08-01","2021-08-31","","DB2","","","","","","Platform:Platform1|Publisher:","Total searches run","0"
"2021-09-01","2021-09-30","","DB2","","","","","","Platform:Platform1|Publisher:","Total searches run","1"
"2021-10-01","2021-10-31","","DB2","","","","","","Platform:Platform1|Publisher:","Total searches run","0"
"2021-11-01","2021-11-30","","DB2","","","","","","Platform:Platform1|Publisher:","Total searches run","0"
"2021-12-01","2021-12-31","","DB2","","","","","","Platform:Platform1|Publisher:","Total searches run","0"
"2021-01-01","2021-01-31","","DB2","","","","","","Platform:Platform1|Publisher:","Searches-federated and automated","0"
"2021-02-01","2021-02-28","","DB2","","","","","","Platform:Platform1|Publisher:","Searches-federated and automated","0"
"2021-03-01","2021-03-31","","DB2","","","","","","Platform:Platform1|Publisher:","Searches-federated and automated","0"
"2021-04-01","2021-04-30","","DB2","","","","","","Platform:Platform1|Publisher:","Searches-federated and automated","0"
"2021-05-01","2021-05-31","","DB2","","","","","","Platform:Platform1|Publisher:","Searches-federated and automated","0"
"2021-06-01","2021-06-30","","DB2","","","","","","Platform:Platform1|Publisher:","Searches-federated and automated","0"
"2021-07-01","2021-07-31","","DB2","","","","","","Platform:Platform1|Publisher:","Searches-federated and automated","0"
"2021-08-01","2021-08-31","","DB2","","","","","","Platform:Platform1|Publisher:","Searches-federated and automated","0"
"2021-09-01","2021-09-30","","DB2","","","","","","Platform:Platform1|Publisher:","Searches-federated and automated","0"
"2021-10-01","2021-10-31","","DB2","","","","","","Platform:Platform1|Publisher:","Searches-federated and automated","0"
"2021-11-01","2021-11-30","","DB2","","","","","","Platform:Platform1|Publisher:","Searches-federated and automated","0"
"2021-12-01","2021-12-31","","DB2","","","","","","Platform:Platform1|Publisher:","Searches-federated and automated","0"
"2021-01-01","2021-01-31","","DB2","","","","","","Platform:Platform1|Publisher:","Total sessions","1"
"2021-02-01","2021-02-28","","DB2","","","","","","Platform:Platform1|Publisher:","Total sessions","3"
"2021-03-01","2021-03-31","","DB2","","","","","","Platform:Platform1|Publisher:","Total sessions","3"
"2021-04-01","2021-04-30","","DB2","","","","","","Platform:Platform1|Publisher:","Total sessions","0"
"2021-05-01","2021-05-31","","DB2","","","","","","Platform:Platform1|Publisher:","Total sessions","0"
"2021-06-01","2021-06-30","","DB2","","","","","","Platform:Platform1|Publisher:","Total sessions","0"
"2021-07-01","2021-07-31","","DB2","","","","","","Platform:Platform1|Publisher:","Total sessions","0"
"2021-08-01","2021-08-31","","DB2","","","","","","Platform:Platform1|Publisher:","Total sessions","0"
"2021-09-01","2021-09-30","","DB2","","","","","","Platform:Platform1|Publisher:","Total sessions","1"
"2021-10-01","2021-10-31","","DB2","","","","","","Platform:Platform1|Publisher:","Total sessions","0"
"2021-11-01","2021-11-30","","DB2","","","","","","Platform:Platform1|Publisher:","Total sessions","1"
"2021-12-01","2021-12-31","","DB2","","","","","","Platform:Platform1|Publisher:","Total sessions","0"
"2021-01-01","2021-01-31","","DB2","","","","","","Platform:Platform1|Publisher:","Sessions-federated and automated","0"
"2021-02-01","2021-02-28","","DB2","","","","","","Platform:Platform1|Publisher:","Sessions-federated and automated","0"
"2021-03-01","2021-03-31","","DB2","","","","","","Platform:Platform1|Publisher:","Sessions-federated and automated","0"
"2021-04-01","2021-04-30","","DB2","","","","","","Platform:Platform1|Publisher:","Sessions-federated and automated","0"
"2021-05-01","2021-05-31","","DB2","","","","","","Platform:Platform1|Publisher:","Sessions-federated and automated","0"
"2021-06-01","2021-06-30","","DB2","","","","","","Platform:Platform1|Publisher:","Sessions-federated and automated","0"
"2021-07-01","2021-07-31","","DB2","","","","","","Platform:Platform1|Publisher:","Sessions-federated and automated","0"
"2021-08-01","2021-08-31","","DB2","","","","","","Platform:Platform1|Publisher:","Sessions-federated and automated","0"
"2021-09-01","2021-09-30","","DB2","","","","","","Platform:Platform1|Publisher:","Sessions-federated and automated","0"
"2021-10-01","2021-10-31","","DB2","","","","","","Platform:Platform1|Publisher:","Sessions-federated and automated","0"
"2021-11-01","2021-11-30","","DB2","","","","","","Platform:Platform1|Publisher:","Sessions-federated and automated","0"
"2021-12-01","2021-12-31","","DB2","","","","","","Platform:Platform1|Publisher:","Sessions-federated and automated","0"
"2021-01-01","2021-01-31","","DB3","","","","","","Platform:Platform1|Publisher:Publisher1","Total searches run","0"
"2021-02-01","2021-02-28","","DB3","","","","","","Platform:Platform1|Publisher:Publisher1","Total searches run","0"
"2021-03-01","2021-03-31","","DB3","","","","","","Platform:Platform1|Publisher:Publisher1","Total searches run","0"
"2021-04-01","2021-04-30","","DB3","","","","","","Platform:Platform1|Publisher:Publisher1","Total searches run","0"
"2021-05-01","2021-05-31","","DB3","","","","","","Platform:Platform1|Publisher:Publisher1","Total searches run","0"
"2021-06-01","2021-06-30","","DB3","","","","","","Platform:Platform1|Publisher:Publisher1","Total searches run","0"
"2021-07-01","2021-07-31","","DB3","","","","","","Platform:Platform1|Publisher:Publisher1","Total searches run","0"
"2021-08-01","2021-08-31","","DB3","","","","","","Platform:Platform1|Publisher:Publisher1","Total searches run","0"
"2021-09-01","2021-09-30","","DB3","","","","","","Platform:Platform1|Publisher:Publisher1","Total searches run","0"
"2021-10-01","2021-10-31","","DB3","","","","","","Platform:Platform1|Publisher:Publisher1","Total searches run","0"
"2021-11-01","2021-11-30","","DB3","","","","","","Platform:Platform1|Publisher:Publisher1","Total searches run","0"
"2021-12-01","2021-12-31","","DB3","","","","","","Platform:Platform1|Publisher:Publisher1","Total searches run","0"
"2021-01-01","2021-01-31","","DB3","","","","","","Platform:Platform1|Publisher:Publisher1","Searches-federated and automated","0"
"2021-02-01","2021-02-28","","DB3","","","","","","Platform:Platform1|Publisher:Publisher1","Searches-federated and automated","0"
"2021-03-01","2021-03-31","","DB3","","","","","","Platform:Platform1|Publisher:Publisher1","Searches-federated and automated","0"
"2021-04-01","2021-04-30","","DB3","","","","","","Platform:Platform1|Publisher:Publisher1","Searches-federated and automated","0"
"2021-05-01","2021-05-31","","DB3","","","","","","Platform:Platform1|Publisher:Publisher1","Searches-federated and automated","0"
"2021-06-01","2021-06-30","","DB3","","","","","","Platform:Platform1|Publisher:Publisher1","Searches-federated and automated","0"
"2021-07-01","2021-07-31","","DB3","","","","","","Platform:Platform1|Publisher:Publisher1","Searches-federated and automated","0"
"2021-08-01","2021-08-31","","DB3","","","","","","Platform:Platform1|Publisher:Publisher1","Searches-federated and automated","0"
"2021-09-01","2021-09-30","","DB3","","","","","","Platform:Platform1|Publisher:Publisher1","Searches-federated and automated","0"
"2021-10-01","2021-10-31","","DB3","","","","","","Platform:Platform1|Publisher:Publisher1","Searches-federated and automated","0"
"2021-11-01","2021-11-30","","DB3","","","","","","Platform:Platform1|Publisher:Publisher1","Searches-federated and automated","0"
"2021-12-01","2021-12-31","","DB3","","","","","","Platform:Platform1|Publisher:Publisher1","Searches-federated and automated","0"
"2021-01-01","2021-01-31","","DB3","","","","","","Platform:Platform1|Publisher:Publisher1","Total sessions","1"
"2021-02-01","2021-02-28","","DB3","","","","","","Platform:Platform1|Publisher:Publisher1","Total sessions","3"
"2021-03-01","2021-03-31","","DB3","","","","","","Platform:Platform1|Publisher:Publisher1","Total sessions","2"
"2021-04-01","2021-04-30","","DB3","","","","","","Platform:Platform1|Publisher:Publisher1","Total sessions","0"
"2021-05-01","2021-05-31","","DB3","","","","","","Platform:Platform1|Publisher:Publisher1","Total sessions","0"
"2021-06-01","2021-06-30","","DB3","","","","","","Platform:Platform1|Publisher:Publisher1","Total sessions","0"
"2021-07-01","2021-07-31","","DB3","","","","","","Platform:Platform1|Publisher:Publisher1","Total sessions","0"
"2021-08-01","2021-08-31","","DB3","","","","","","Platform:Platform1|Publisher:Publisher1","Total sessions","0"
"2021-09-01","2021-09-30","","DB3","","","","","","Platform:Platform1|Publisher:Publisher1","Total sessions","1"
"2021-10-01","2021-10-31","","DB3","","","","","","Platform:Platform1|Publisher:Publisher1","Total sessions","1"
"2021-11-01","2021-11-30","","DB3","","","","","","Platform:Platform1|Publisher:Publisher1","Total sessions","2"
"2021-12-01","2021-12-31","","DB3","","","","","","Platform:Platform1|Publisher:Publisher1","Total sessions","0"
"2021-01-01","2021-01-31","","DB3","","","","","","Platform:Platform1|Publisher:Publisher1","Sessions-federated and automated","0"
"2021-02-01","2021-02-28","","DB3","","","","","","Platform:Platform1|Publisher:Publisher1","Sessions-federated and automated","0"
"2021-03-01","2021-03-31","","DB3","","","","","","Platform:Platform1|Publisher:Publisher1","Sessions-federated and automated","0"
"2021-04-01","2021-04-30","","DB3","","","","","","Platform:Platform1|Publisher:Publisher1","Sessions-federated and automated","0"
"2021-05-01","2021-05-31","","DB3","","","","","","Platform:Platform1|Publisher:Publisher1","Sessions-federated and automated","0"
"2021-06-01","2021-06-30","","DB3","","","","","","Platform:Platform1|Publisher:Publisher1","Sessions-federated and automated","0"
"2021-07-01","2021-07-31","","DB3","","","","","","Platform:Platform1|Publisher:Publisher1","Sessions-federated and automated","0"
"2021-08-01","2021-08-31","","DB3","","","","","","Platform:Platform1|Publisher:Publisher1","Sessions-federated and automated","0"
"2021-09-01","2021-09-30","","DB3","","","","","","Platform:Platform1|Publisher:Publisher1","Sessions-federated and automated","0"
"2021-10-01","2021-10-31","","DB3","","","","","","Platform:Platform1|Publisher:Publisher1","Sessions-federated and automated","0"
"2021-11-01","2021-11-30","","DB3","","","","","","Platform:Platform1|Publisher:Publisher1","Sessions-federated and automated","0"
"2021-12-01","2021-12-31","","DB3","","","","","","Platform:Platform1|Publisher:Publisher1","Sessions-federated and automated","0"
