"2020-01-01","2020-01-31","","","","","","","","","Sessions","1"
"2020-02-01","2020-02-29","","","","","","","","","Sessions","2"
"2020-03-01","2020-03-31","","","","","","","","","Sessions","3"
