"2020-01-01","2020-01-31","","","","","","","","","M1","1"
"2020-02-01","2020-02-29","","","","","","","","","M1","2"
"2020-03-01","2020-03-31","","","","","","","","","M1","3"
"2020-01-01","2020-01-31","","","","","","","","","M2","4"
"2020-02-01","2020-02-29","","","","","","","","","M2","5"
"2020-03-01","2020-03-31","","","","","","","","","M2","6"
"2021-01-01","2021-01-31","","","","","","","","","M1","2"
"2021-02-01","2021-02-28","","","","","","","","","M1","3"
"2021-03-01","2021-03-31","","","","","","","","","M1","4"
"2021-01-01","2021-01-31","","","","","","","","","M2","5"
"2021-02-01","2021-02-28","","","","","","","","","M2","6"
"2021-03-01","2021-03-31","","","","","","","","","M2","7"
"2022-01-01","2022-01-31","","","","","","","","","M1","3"
"2022-02-01","2022-02-28","","","","","","","","","M1","4"
"2022-03-01","2022-03-31","","","","","","","","","M1","5"
"2022-01-01","2022-01-31","","","","","","","","","M2","6"
"2022-02-01","2022-02-28","","","","","","","","","M2","7"
"2022-03-01","2022-03-31","","","","","","","","","M2","8"
