"2020-01-01","2020-01-31","MyOrg","","","","","","","","MyMetric","1"
"2020-02-01","2020-02-29","MyOrg","","","","","","","","MyMetric","2"
"2020-03-01","2020-03-31","MyOrg","","","","","","","","MyMetric","3"
"2021-01-01","2021-01-31","MyOrg","","","","","","","","MyMetric","2"
"2021-02-01","2021-02-28","MyOrg","","","","","","","","MyMetric","3"
"2021-03-01","2021-03-31","MyOrg","","","","","","","","MyMetric","4"
"2022-01-01","2022-01-31","MyOrg","","","","","","","","MyMetric","3"
"2022-02-01","2022-02-28","MyOrg","","","","","","","","MyMetric","4"
"2022-03-01","2022-03-31","MyOrg","","","","","","","","MyMetric","5"
