"2021-01-01","2021-01-31","","T1","ISBN:111-1-1111-1111-1","","","YOP:2015","M1","1"
"2021-01-01","2021-01-31","","T1","ISBN:111-1-1111-1111-1","","","YOP:2015","M2","2"
"2021-01-01","2021-01-31","","T2","ISBN:222-2-2222-2222-2","","","YOP:2015","M1","3"
"2021-01-01","2021-01-31","","T2","ISBN:222-2-2222-2222-2","","","YOP:2015","M2","4"
"2021-02-01","2021-02-28","","T3","ISBN:333-3-3333-3333-3","","","YOP:2015","M1","5"
"2021-02-01","2021-02-28","","T3","ISBN:333-3-3333-3333-3","","","YOP:2015","M2","6"
