"2020-01-01","2020-01-31","","T1","Print_ISSN:1111-1111","","","Platform:P1|YOP:2015","Sessions","1"
"2020-02-01","2020-02-29","","T1","Print_ISSN:1111-1111","","","Platform:P1|YOP:2015","Sessions","2"
"2020-03-01","2020-03-31","","T1","Print_ISSN:1111-1111","","","Platform:P1|YOP:2015","Sessions","3"
"2020-01-01","2020-01-31","","T1","Print_ISSN:1111-1111","","","Platform:P1|YOP:2015","Denied","0"
"2020-02-01","2020-02-29","","T1","Print_ISSN:1111-1111","","","Platform:P1|YOP:2015","Denied","1"
"2020-03-01","2020-03-31","","T1","Print_ISSN:1111-1111","","","Platform:P1|YOP:2015","Denied","0"
"2020-01-01","2020-01-31","","T2","Proprietary:978-3-16-148410-0","","","Platform:P1|YOP:2013","Sessions","4"
"2020-02-01","2020-02-29","","T2","Proprietary:978-3-16-148410-0","","","Platform:P1|YOP:2013","Sessions","5"
"2020-03-01","2020-03-31","","T2","Proprietary:978-3-16-148410-0","","","Platform:P1|YOP:2013","Sessions","6"
"2020-01-01","2020-01-31","","T2","Proprietary:978-3-16-148410-1","","","Platform:P1|YOP:2013","Denied","3"
"2020-02-01","2020-02-29","","T2","Proprietary:978-3-16-148410-1","","","Platform:P1|YOP:2013","Denied","0"
"2020-03-01","2020-03-31","","T2","Proprietary:978-3-16-148410-1","","","Platform:P1|YOP:2013","Denied","2"
"2020-01-01","2020-01-31","","T3","","","","Platform:P1|YOP:2018","Denied","2"
"2020-02-01","2020-02-29","","T3","","","","Platform:P1|YOP:2018","Denied","8"
"2020-03-01","2020-03-31","","T3","","","","Platform:P1|YOP:2018","Denied","6"
"2020-01-01","2020-01-31","","T4","ISBN:80-902734-1-6","","","Platform:P1|YOP:2018","Sessions","3"
"2020-02-01","2020-02-29","","T4","ISBN:80-902734-1-6","","","Platform:P1|YOP:2018","Sessions","9"
"2020-03-01","2020-03-31","","T4","ISBN:80-902734-1-6","","","Platform:P1|YOP:2018","Sessions","7"
"2020-01-01","2020-01-31","","T4","Proprietary:80-902734-1-7","","","Platform:P1|YOP:2018","Denied","4"
"2020-02-01","2020-02-29","","T4","Proprietary:80-902734-1-7","","","Platform:P1|YOP:2018","Denied","0"
"2020-03-01","2020-03-31","","T4","Proprietary:80-902734-1-7","","","Platform:P1|YOP:2018","Denied","8"
