"2020-01-01","2020-01-31","","T1","Sessions","Platform:P1|YOP:2015","Print_ISSN:1111-1111","1"
"2020-02-01","2020-02-29","","T1","Sessions","Platform:P1|YOP:2015","Print_ISSN:1111-1111","2"
"2020-03-01","2020-03-31","","T1","Sessions","Platform:P1|YOP:2015","Print_ISSN:1111-1111","3"
"2020-01-01","2020-01-31","","T1","Denied","Platform:P1|YOP:2015","Print_ISSN:1111-1111","0"
"2020-02-01","2020-02-29","","T1","Denied","Platform:P1|YOP:2015","Print_ISSN:1111-1111","1"
"2020-03-01","2020-03-31","","T1","Denied","Platform:P1|YOP:2015","Print_ISSN:1111-1111","0"
"2020-01-01","2020-01-31","","T2","Sessions","Platform:P1|YOP:2013","ISBN:978-3-16-148410-0","4"
"2020-02-01","2020-02-29","","T2","Sessions","Platform:P1|YOP:2013","ISBN:978-3-16-148410-0","5"
"2020-03-01","2020-03-31","","T2","Sessions","Platform:P1|YOP:2013","ISBN:978-3-16-148410-0","6"
"2020-01-01","2020-01-31","","T2","Denied","Platform:P1|YOP:2013","ISBN:978-3-16-148410-0","3"
"2020-02-01","2020-02-29","","T2","Denied","Platform:P1|YOP:2013","ISBN:978-3-16-148410-0","0"
"2020-03-01","2020-03-31","","T2","Denied","Platform:P1|YOP:2013","ISBN:978-3-16-148410-0","2"
"2020-01-01","2020-01-31","","T3","Denied","Platform:P1|YOP:2018",,"2"
"2020-02-01","2020-02-29","","T3","Denied","Platform:P1|YOP:2018",,"8"
"2020-03-01","2020-03-31","","T3","Denied","Platform:P1|YOP:2018",,"6"
