"2020-01-01","2020-01-31","","","Met","","","1"
"2020-02-01","2020-02-29","","","Met","","","2"
"2020-03-01","2020-03-31","","","Met","","","3"
