"2020-01-01","2020-01-31","","","","","","","","Platform:P1|YOP:2015","Sessions","1"
"2020-02-01","2020-02-29","","","","","","","","Platform:P1|YOP:2015","Sessions","2"
"2020-03-01","2020-03-31","","","","","","","","Platform:P1|YOP:2015","Sessions","3"
"2020-01-01","2020-01-31","","","","","","","","Platform:P1|YOP:2015","Denied","0"
"2020-02-01","2020-02-29","","","","","","","","Platform:P1|YOP:2015","Denied","1"
"2020-03-01","2020-03-31","","","","","","","","Platform:P1|YOP:2015","Denied","0"
"2020-01-01","2020-01-31","","","","","","","","Platform:P1|YOP:2013","Sessions","4"
"2020-02-01","2020-02-29","","","","","","","","Platform:P1|YOP:2013","Sessions","5"
"2020-03-01","2020-03-31","","","","","","","","Platform:P1|YOP:2013","Sessions","6"
"2020-01-01","2020-01-31","","","","","","","","Platform:P1|YOP:2013","Denied","3"
"2020-02-01","2020-02-29","","","","","","","","Platform:P1|YOP:2013","Denied","0"
"2020-03-01","2020-03-31","","","","","","","","Platform:P1|YOP:2013","Denied","2"
