"2020-01-01","2020-01-31","","T1","Print_ISSN:1111-1111","","","","","Platform:Platform - P1|YOP:2015","Sessions - Metric","1"
"2020-02-01","2020-02-29","","T1","Print_ISSN:1111-1111","","","","","Platform:Platform - P1|YOP:2015","Sessions - Metric","2"
"2020-03-01","2020-03-31","","T1","Print_ISSN:1111-1111","","","","","Platform:Platform - P1|YOP:2015","Sessions - Metric","3"
"2020-01-01","2020-01-31","","T1","Print_ISSN:1111-1111","","","","","Platform:Platform - P1|YOP:2015","Denied - Metric","0"
"2020-02-01","2020-02-29","","T1","Print_ISSN:1111-1111","","","","","Platform:Platform - P1|YOP:2015","Denied - Metric","1"
"2020-03-01","2020-03-31","","T1","Print_ISSN:1111-1111","","","","","Platform:Platform - P1|YOP:2015","Denied - Metric","0"
"2020-01-01","2020-01-31","","T2","Print_ISSN:2222-2222","","","","","Platform:Platform - P1|YOP:2013","Sessions - Metric","4"
"2020-02-01","2020-02-29","","T2","Print_ISSN:2222-2222","","","","","Platform:Platform - P1|YOP:2013","Sessions - Metric","5"
"2020-03-01","2020-03-31","","T2","Print_ISSN:2222-2222","","","","","Platform:Platform - P1|YOP:2013","Sessions - Metric","6"
"2020-01-01","2020-01-31","","T2","Print_ISSN:2222-2222","","","","","Platform:Platform - P1|YOP:2013","Denied - Metric","3"
"2020-02-01","2020-02-29","","T2","Print_ISSN:2222-2222","","","","","Platform:Platform - P1|YOP:2013","Denied - Metric","0"
"2020-03-01","2020-03-31","","T2","Print_ISSN:2222-2222","","","","","Platform:Platform - P1|YOP:2013","Denied - Metric","2"
