"2020-01-01","2020-01-31","T1","Sessions","Platform:P1|YOP:2015","Print_ISSN:1111-1111","1"
"2020-02-01","2020-02-29","T1","Sessions","Platform:P1|YOP:2015","Print_ISSN:1111-1111","2"
"2020-03-01","2020-03-31","T1","Sessions","Platform:P1|YOP:2015","Print_ISSN:1111-1111","3"
"2020-01-01","2020-01-31","T1","Denied","Platform:P1|YOP:2015","Print_ISSN:1111-1111","0"
"2020-02-01","2020-02-29","T1","Denied","Platform:P1|YOP:2015","Print_ISSN:1111-1111","1"
"2020-03-01","2020-03-31","T1","Denied","Platform:P1|YOP:2015","Print_ISSN:1111-1111","0"
"2020-01-01","2020-01-31","T2","Sessions","Platform:P1|YOP:2013","Print_ISSN:2222-2222","4"
"2020-02-01","2020-02-29","T2","Sessions","Platform:P1|YOP:2013","Print_ISSN:2222-2222","5"
"2020-03-01","2020-03-31","T2","Sessions","Platform:P1|YOP:2013","Print_ISSN:2222-2222","6"
"2020-01-01","2020-01-31","T2","Denied","Platform:P1|YOP:2013","Print_ISSN:2222-2222","3"
"2020-02-01","2020-02-29","T2","Denied","Platform:P1|YOP:2013","Print_ISSN:2222-2222","0"
"2020-03-01","2020-03-31","T2","Denied","Platform:P1|YOP:2013","Print_ISSN:2222-2222","2"
