"2020-01-01","2020-01-31","","","Metric1","","","11"
"2020-02-01","2020-02-29","","","Metric1","","","12"
"2020-03-01","2020-03-31","","","Metric1","","","13"
