"2020-01-01","2020-01-31","","","","","","","Users","1"
"2020-02-01","2020-02-29","","","","","","","Users","3"
"2020-03-01","2020-03-31","","","","","","","Users","5"
"2020-01-01","2020-01-31","","","","","","","Seconds","6"
"2020-02-01","2020-02-29","","","","","","","Seconds","30"
"2020-03-01","2020-03-31","","","","","","","Seconds","186"
