"2020-01-01","2020-01-31","","T1","Seconds","Platform:P1|YOP:2015","Print_ISSN:1111-1111","60"
"2020-02-01","2020-02-29","","T1","Seconds","Platform:P1|YOP:2015","Print_ISSN:1111-1111","600"
"2020-03-01","2020-03-31","","T1","Seconds","Platform:P1|YOP:2015","Print_ISSN:1111-1111","3600"
"2020-01-01","2020-01-31","","T1","Users","Platform:P1|YOP:2015","Print_ISSN:1111-1111","2"
"2020-02-01","2020-02-29","","T1","Users","Platform:P1|YOP:2015","Print_ISSN:1111-1111","4"
"2020-03-01","2020-03-31","","T1","Users","Platform:P1|YOP:2015","Print_ISSN:1111-1111","8"
"2020-01-01","2020-01-31","","T2","Seconds","Platform:P1|YOP:2013","Print_ISSN:2222-2222","360"
"2020-02-01","2020-02-29","","T2","Seconds","Platform:P1|YOP:2013","Print_ISSN:2222-2222","150"
"2020-03-01","2020-03-31","","T2","Seconds","Platform:P1|YOP:2013","Print_ISSN:2222-2222","18"
"2020-01-01","2020-01-31","","T2","Users","Platform:P1|YOP:2013","Print_ISSN:2222-2222","3"
"2020-02-01","2020-02-29","","T2","Users","Platform:P1|YOP:2013","Print_ISSN:2222-2222","9"
"2020-03-01","2020-03-31","","T2","Users","Platform:P1|YOP:2013","Print_ISSN:2222-2222","27"
