"2020-01-01","2020-01-31","","T1","Print_ISSN:1111-1111","","","Platform:P1|YOP:2015","Sessions","1000000"
"2020-02-01","2020-02-29","","T1","Print_ISSN:1111-1111","","","Platform:P1|YOP:2015","Sessions","2000"
"2020-03-01","2020-03-31","","T1","Print_ISSN:1111-1111","","","Platform:P1|YOP:2015","Sessions","3"
"2020-01-01","2020-01-31","","T1","Print_ISSN:1111-1111","","","Platform:P1|YOP:2015","Denied","0"
"2020-02-01","2020-02-29","","T1","Print_ISSN:1111-1111","","","Platform:P1|YOP:2015","Denied","1000000"
"2020-03-01","2020-03-31","","T1","Print_ISSN:1111-1111","","","Platform:P1|YOP:2015","Denied","6000"
"2020-01-01","2020-01-31","","T2","Print_ISSN:2222-2222","","","Platform:P1|YOP:2013","Sessions","4000"
"2020-02-01","2020-02-29","","T2","Print_ISSN:2222-2222","","","Platform:P1|YOP:2013","Sessions","5"
"2020-03-01","2020-03-31","","T2","Print_ISSN:2222-2222","","","Platform:P1|YOP:2013","Sessions","6000000"
"2020-01-01","2020-01-31","","T2","Print_ISSN:2222-2222","","","Platform:P1|YOP:2013","Denied","3000000"
"2020-02-01","2020-02-29","","T2","Print_ISSN:2222-2222","","","Platform:P1|YOP:2013","Denied","0"
"2020-03-01","2020-03-31","","T2","Print_ISSN:2222-2222","","","Platform:P1|YOP:2013","Denied","2000"
