"2019-01-01","2019-01-31","Micromedex",,"Document_count",,,"0"
"2019-02-01","2019-02-28","Micromedex",,"Document_count",,,"0"
"2019-03-01","2019-03-31","Micromedex",,"Document_count",,,"1"
"2019-04-01","2019-04-30","Micromedex",,"Document_count",,,"0"
"2019-05-01","2019-05-31","Micromedex",,"Document_count",,,"0"
"2019-06-01","2019-06-30","Micromedex",,"Document_count",,,"0"
"2019-07-01","2019-07-31","Micromedex",,"Document_count",,,"2"
"2019-08-01","2019-08-31","Micromedex",,"Document_count",,,"0"
"2019-09-01","2019-09-30","Micromedex",,"Document_count",,,"0"
"2019-10-01","2019-10-31","Micromedex",,"Document_count",,,"1"
"2019-11-01","2019-11-30","Micromedex",,"Document_count",,,"0"
"2019-12-01","2019-12-31","Micromedex",,"Document_count",,,"0"
"2019-01-01","2019-01-31","Micromedex",,"Document_count",,,"0"
"2019-02-01","2019-02-28","Micromedex",,"Document_count",,,"0"
"2019-03-01","2019-03-31","Micromedex",,"Document_count",,,"0"
"2019-04-01","2019-04-30","Micromedex",,"Document_count",,,"0"
"2019-05-01","2019-05-31","Micromedex",,"Document_count",,,"0"
"2019-06-01","2019-06-30","Micromedex",,"Document_count",,,"0"
"2019-07-01","2019-07-31","Micromedex",,"Document_count",,,"0"
"2019-08-01","2019-08-31","Micromedex",,"Document_count",,,"0"
"2019-09-01","2019-09-30","Micromedex",,"Document_count",,,"1"
"2019-10-01","2019-10-31","Micromedex",,"Document_count",,,"0"
"2019-11-01","2019-11-30","Micromedex",,"Document_count",,,"0"
"2019-12-01","2019-12-31","Micromedex",,"Document_count",,,"0"
"2019-01-01","2019-01-31","Micromedex",,"Document_count",,,"0"
"2019-02-01","2019-02-28","Micromedex",,"Document_count",,,"0"
"2019-03-01","2019-03-31","Micromedex",,"Document_count",,,"1"
"2019-04-01","2019-04-30","Micromedex",,"Document_count",,,"1"
"2019-05-01","2019-05-31","Micromedex",,"Document_count",,,"0"
"2019-06-01","2019-06-30","Micromedex",,"Document_count",,,"0"
"2019-07-01","2019-07-31","Micromedex",,"Document_count",,,"1"
"2019-08-01","2019-08-31","Micromedex",,"Document_count",,,"0"
"2019-09-01","2019-09-30","Micromedex",,"Document_count",,,"0"
"2019-10-01","2019-10-31","Micromedex",,"Document_count",,,"0"
"2019-11-01","2019-11-30","Micromedex",,"Document_count",,,"0"
"2019-12-01","2019-12-31","Micromedex",,"Document_count",,,"0"
"2019-01-01","2019-01-31","Micromedex",,"Document_count",,,"0"
"2019-02-01","2019-02-28","Micromedex",,"Document_count",,,"0"
"2019-03-01","2019-03-31","Micromedex",,"Document_count",,,"1"
"2019-04-01","2019-04-30","Micromedex",,"Document_count",,,"1"
"2019-05-01","2019-05-31","Micromedex",,"Document_count",,,"1"
"2019-06-01","2019-06-30","Micromedex",,"Document_count",,,"0"
"2019-07-01","2019-07-31","Micromedex",,"Document_count",,,"2"
"2019-08-01","2019-08-31","Micromedex",,"Document_count",,,"1"
"2019-09-01","2019-09-30","Micromedex",,"Document_count",,,"0"
"2019-10-01","2019-10-31","Micromedex",,"Document_count",,,"3"
"2019-11-01","2019-11-30","Micromedex",,"Document_count",,,"0"
"2019-12-01","2019-12-31","Micromedex",,"Document_count",,,"1"
"2019-01-01","2019-01-31","Micromedex",,"Document_count",,,"0"
"2019-02-01","2019-02-28","Micromedex",,"Document_count",,,"0"
"2019-03-01","2019-03-31","Micromedex",,"Document_count",,,"0"
"2019-04-01","2019-04-30","Micromedex",,"Document_count",,,"2"
"2019-05-01","2019-05-31","Micromedex",,"Document_count",,,"0"
"2019-06-01","2019-06-30","Micromedex",,"Document_count",,,"0"
"2019-07-01","2019-07-31","Micromedex",,"Document_count",,,"0"
"2019-08-01","2019-08-31","Micromedex",,"Document_count",,,"1"
"2019-09-01","2019-09-30","Micromedex",,"Document_count",,,"0"
"2019-10-01","2019-10-31","Micromedex",,"Document_count",,,"0"
"2019-11-01","2019-11-30","Micromedex",,"Document_count",,,"0"
"2019-12-01","2019-12-31","Micromedex",,"Document_count",,,"0"
"2019-01-01","2019-01-31","Micromedex",,"Document_count",,,"44"
"2019-02-01","2019-02-28","Micromedex",,"Document_count",,,"93"
"2019-03-01","2019-03-31","Micromedex",,"Document_count",,,"53"
"2019-04-01","2019-04-30","Micromedex",,"Document_count",,,"22"
"2019-05-01","2019-05-31","Micromedex",,"Document_count",,,"34"
"2019-06-01","2019-06-30","Micromedex",,"Document_count",,,"53"
"2019-07-01","2019-07-31","Micromedex",,"Document_count",,,"351"
"2019-08-01","2019-08-31","Micromedex",,"Document_count",,,"71"
"2019-09-01","2019-09-30","Micromedex",,"Document_count",,,"10"
"2019-10-01","2019-10-31","Micromedex",,"Document_count",,,"26"
"2019-11-01","2019-11-30","Micromedex",,"Document_count",,,"20"
"2019-12-01","2019-12-31","Micromedex",,"Document_count",,,"13"
"2019-01-01","2019-01-31","Micromedex",,"Document_count",,,"204"
"2019-02-01","2019-02-28","Micromedex",,"Document_count",,,"152"
"2019-03-01","2019-03-31","Micromedex",,"Document_count",,,"117"
"2019-04-01","2019-04-30","Micromedex",,"Document_count",,,"271"
"2019-05-01","2019-05-31","Micromedex",,"Document_count",,,"254"
"2019-06-01","2019-06-30","Micromedex",,"Document_count",,,"120"
"2019-07-01","2019-07-31","Micromedex",,"Document_count",,,"168"
"2019-08-01","2019-08-31","Micromedex",,"Document_count",,,"57"
"2019-09-01","2019-09-30","Micromedex",,"Document_count",,,"27"
"2019-10-01","2019-10-31","Micromedex",,"Document_count",,,"30"
"2019-11-01","2019-11-30","Micromedex",,"Document_count",,,"41"
"2019-12-01","2019-12-31","Micromedex",,"Document_count",,,"23"
"2019-01-01","2019-01-31","Micromedex",,"Document_count",,,"0"
"2019-02-01","2019-02-28","Micromedex",,"Document_count",,,"14"
"2019-03-01","2019-03-31","Micromedex",,"Document_count",,,"3"
"2019-04-01","2019-04-30","Micromedex",,"Document_count",,,"62"
"2019-05-01","2019-05-31","Micromedex",,"Document_count",,,"7"
"2019-06-01","2019-06-30","Micromedex",,"Document_count",,,"21"
"2019-07-01","2019-07-31","Micromedex",,"Document_count",,,"9"
"2019-08-01","2019-08-31","Micromedex",,"Document_count",,,"6"
"2019-09-01","2019-09-30","Micromedex",,"Document_count",,,"12"
"2019-10-01","2019-10-31","Micromedex",,"Document_count",,,"54"
"2019-11-01","2019-11-30","Micromedex",,"Document_count",,,"47"
"2019-12-01","2019-12-31","Micromedex",,"Document_count",,,"95"
"2019-01-01","2019-01-31","Micromedex",,"Document_count",,,"1"
"2019-02-01","2019-02-28","Micromedex",,"Document_count",,,"3"
"2019-03-01","2019-03-31","Micromedex",,"Document_count",,,"1"
"2019-04-01","2019-04-30","Micromedex",,"Document_count",,,"2"
"2019-05-01","2019-05-31","Micromedex",,"Document_count",,,"0"
"2019-06-01","2019-06-30","Micromedex",,"Document_count",,,"4"
"2019-07-01","2019-07-31","Micromedex",,"Document_count",,,"28"
"2019-08-01","2019-08-31","Micromedex",,"Document_count",,,"2"
"2019-09-01","2019-09-30","Micromedex",,"Document_count",,,"3"
"2019-10-01","2019-10-31","Micromedex",,"Document_count",,,"0"
"2019-11-01","2019-11-30","Micromedex",,"Document_count",,,"1"
"2019-12-01","2019-12-31","Micromedex",,"Document_count",,,"0"
"2019-01-01","2019-01-31","Micromedex",,"Document_count",,,"0"
"2019-02-01","2019-02-28","Micromedex",,"Document_count",,,"0"
"2019-03-01","2019-03-31","Micromedex",,"Document_count",,,"0"
"2019-04-01","2019-04-30","Micromedex",,"Document_count",,,"0"
"2019-05-01","2019-05-31","Micromedex",,"Document_count",,,"0"
"2019-06-01","2019-06-30","Micromedex",,"Document_count",,,"0"
"2019-07-01","2019-07-31","Micromedex",,"Document_count",,,"2"
"2019-08-01","2019-08-31","Micromedex",,"Document_count",,,"0"
"2019-09-01","2019-09-30","Micromedex",,"Document_count",,,"0"
"2019-10-01","2019-10-31","Micromedex",,"Document_count",,,"0"
"2019-11-01","2019-11-30","Micromedex",,"Document_count",,,"0"
"2019-12-01","2019-12-31","Micromedex",,"Document_count",,,"0"
"2019-01-01","2019-01-31","Micromedex",,"Document_count",,,"4"
"2019-02-01","2019-02-28","Micromedex",,"Document_count",,,"13"
"2019-03-01","2019-03-31","Micromedex",,"Document_count",,,"2"
"2019-04-01","2019-04-30","Micromedex",,"Document_count",,,"1"
"2019-05-01","2019-05-31","Micromedex",,"Document_count",,,"1"
"2019-06-01","2019-06-30","Micromedex",,"Document_count",,,"3"
"2019-07-01","2019-07-31","Micromedex",,"Document_count",,,"9"
"2019-08-01","2019-08-31","Micromedex",,"Document_count",,,"1"
"2019-09-01","2019-09-30","Micromedex",,"Document_count",,,"2"
"2019-10-01","2019-10-31","Micromedex",,"Document_count",,,"3"
"2019-11-01","2019-11-30","Micromedex",,"Document_count",,,"0"
"2019-12-01","2019-12-31","Micromedex",,"Document_count",,,"0"
