"2020-01-01","2020-01-31","","Database1","Proprietary:IIIIIIIII:000","","","","","Access_Method:Regular|Data_Type:Database|Platform:MyPlatform|Publisher:MyPublisher","Searches_Regular","5"
"2020-01-01","2020-01-31","","Database2","Proprietary:IIIIIIIII:111","","","","","Access_Method:Regular|Data_Type:Book|Platform:MyPlatform|Publisher:MyPublisher","Total_Item_Investigations","25"
"2020-01-01","2020-01-31","","Database2","Proprietary:IIIIIIIII:111","","","","","Access_Method:Regular|Data_Type:Book|Platform:MyPlatform|Publisher:MyPublisher","Total_Item_Requests","13"
"2020-01-01","2020-01-31","","Database2","Proprietary:IIIIIIIII:111","","","","","Access_Method:Regular|Data_Type:Book|Platform:MyPlatform|Publisher:MyPublisher","Unique_Item_Investigations","14"
"2020-01-01","2020-01-31","","Database2","Proprietary:IIIIIIIII:111","","","","","Access_Method:Regular|Data_Type:Book|Platform:MyPlatform|Publisher:MyPublisher","Unique_Item_Requests","11"
"2020-01-01","2020-01-31","","Database2","Proprietary:IIIIIIIII:111","","","","","Access_Method:Regular|Data_Type:Book|Platform:MyPlatform|Publisher:MyPublisher","Unique_Title_Investigations","13"
"2020-01-01","2020-01-31","","Database2","Proprietary:IIIIIIIII:111","","","","","Access_Method:Regular|Data_Type:Book|Platform:MyPlatform|Publisher:MyPublisher","Unique_Title_Requests","11"
