"2022-10-01","2022-10-31","","","","Item1","Proprietary:MyProvider:1111111111","Platform:MyPlatform|Publisher:MyPublisher","Total_Item_Requests","16"
"2022-10-01","2022-10-31","","","","Item2","Proprietary:MyProvider:2222222222","Platform:MyPlatform|Publisher:MyPublisher","Total_Item_Requests","3"
"2022-10-01","2022-10-31","","","","Item3","Proprietary:MyProvider:3333333333","Platform:MyPlatform|Publisher:MyPublisher","Total_Item_Requests","1"
"2022-10-01","2022-10-31","","","","Item4","Proprietary:MyProvider:4444444444","Platform:MyPlatform|Publisher:MyPublisher","Total_Item_Requests","3"
"2022-10-01","2022-10-31","","","","Item5","Proprietary:MyProvider:5555555555","Platform:MyPlatform|Publisher:MyPublisher","Total_Item_Requests","1"
