"2019-04-01","2019-04-30","","","","","","","","Access_Method:Regular|Data_Type:Book|Platform:Platform1","Total_Item_Investigations","125"
"2019-04-01","2019-04-30","","","","","","","","Access_Method:Regular|Data_Type:Book|Platform:Platform1","Total_Item_Requests","52"
"2019-04-01","2019-04-30","","","","","","","","Access_Method:Regular|Data_Type:Book|Platform:Platform1","Unique_Item_Investigations","61"
"2019-04-01","2019-04-30","","","","","","","","Access_Method:Regular|Data_Type:Book|Platform:Platform1","Unique_Item_Requests","37"
"2019-04-01","2019-04-30","","","","","","","","Access_Method:Regular|Data_Type:Book|Platform:Platform1","Unique_Title_Investigations","59"
"2019-04-01","2019-04-30","","","","","","","","Access_Method:Regular|Data_Type:Book|Platform:Platform1","Unique_Title_Requests","36"
"2019-04-01","2019-04-30","","","","","","","","Access_Method:Regular|Data_Type:Database|Platform:Platform1","Total_Item_Investigations","1"
"2019-04-01","2019-04-30","","","","","","","","Access_Method:Regular|Data_Type:Database|Platform:Platform1","Unique_Item_Investigations","1"
"2019-04-01","2019-04-30","","","","","","","","Access_Method:Regular|Data_Type:Journal|Platform:Platform1","Total_Item_Investigations","1381"
"2019-04-01","2019-04-30","","","","","","","","Access_Method:Regular|Data_Type:Journal|Platform:Platform1","Total_Item_Requests","610"
"2019-04-01","2019-04-30","","","","","","","","Access_Method:Regular|Data_Type:Journal|Platform:Platform1","Unique_Item_Investigations","837"
"2019-04-01","2019-04-30","","","","","","","","Access_Method:Regular|Data_Type:Journal|Platform:Platform1","Unique_Item_Requests","483"
"2019-04-01","2019-04-30","","","","","","","","Access_Method:Regular|Data_Type:Newspaper_or_Newsletter|Platform:Platform1","Total_Item_Investigations","50"
"2019-04-01","2019-04-30","","","","","","","","Access_Method:Regular|Data_Type:Newspaper_or_Newsletter|Platform:Platform1","Total_Item_Requests","24"
"2019-04-01","2019-04-30","","","","","","","","Access_Method:Regular|Data_Type:Newspaper_or_Newsletter|Platform:Platform1","Unique_Item_Investigations","31"
"2019-04-01","2019-04-30","","","","","","","","Access_Method:Regular|Data_Type:Newspaper_or_Newsletter|Platform:Platform1","Unique_Item_Requests","19"
"2019-04-01","2019-04-30","","","","","","","","Access_Method:Regular|Data_Type:Other|Platform:Platform1","Total_Item_Investigations","39"
"2019-04-01","2019-04-30","","","","","","","","Access_Method:Regular|Data_Type:Other|Platform:Platform1","Total_Item_Requests","10"
"2019-04-01","2019-04-30","","","","","","","","Access_Method:Regular|Data_Type:Other|Platform:Platform1","Unique_Item_Investigations","20"
"2019-04-01","2019-04-30","","","","","","","","Access_Method:Regular|Data_Type:Other|Platform:Platform1","Unique_Item_Requests","9"
"2019-04-01","2019-04-30","","","","","","","","Access_Method:Regular|Data_Type:Platform|Platform:Platform1","Searches_Platform","1113"
"2019-04-01","2019-04-30","","","","","","","","Access_Method:Regular|Data_Type:Report|Platform:Platform1","Total_Item_Investigations","23"
"2019-04-01","2019-04-30","","","","","","","","Access_Method:Regular|Data_Type:Report|Platform:Platform1","Total_Item_Requests","14"
"2019-04-01","2019-04-30","","","","","","","","Access_Method:Regular|Data_Type:Report|Platform:Platform1","Unique_Item_Investigations","8"
"2019-04-01","2019-04-30","","","","","","","","Access_Method:Regular|Data_Type:Report|Platform:Platform1","Unique_Item_Requests","8"
