"2020-01-01","2020-01-31","","","","","","Access_Method:Regular|Data_Type:Journal|Platform:Platform1","Total_Item_Investigations","0"
"2020-02-01","2020-02-29","","","","","","Access_Method:Regular|Data_Type:Journal|Platform:Platform1","Total_Item_Investigations","22"
"2020-03-01","2020-03-31","","","","","","Access_Method:Regular|Data_Type:Journal|Platform:Platform1","Total_Item_Investigations","4"
"2020-04-01","2020-04-30","","","","","","Access_Method:Regular|Data_Type:Journal|Platform:Platform1","Total_Item_Investigations","25"
"2020-05-01","2020-05-31","","","","","","Access_Method:Regular|Data_Type:Journal|Platform:Platform1","Total_Item_Investigations","6"
"2020-06-01","2020-06-30","","","","","","Access_Method:Regular|Data_Type:Journal|Platform:Platform1","Total_Item_Investigations","7"
"2020-07-01","2020-07-31","","","","","","Access_Method:Regular|Data_Type:Journal|Platform:Platform1","Total_Item_Investigations","23"
"2020-08-01","2020-08-31","","","","","","Access_Method:Regular|Data_Type:Journal|Platform:Platform1","Total_Item_Investigations","5"
"2020-09-01","2020-09-30","","","","","","Access_Method:Regular|Data_Type:Journal|Platform:Platform1","Total_Item_Investigations","30"
"2020-10-01","2020-10-31","","","","","","Access_Method:Regular|Data_Type:Journal|Platform:Platform1","Total_Item_Investigations","56"
"2020-11-01","2020-11-30","","","","","","Access_Method:Regular|Data_Type:Journal|Platform:Platform1","Total_Item_Investigations","30"
"2020-12-01","2020-12-31","","","","","","Access_Method:Regular|Data_Type:Journal|Platform:Platform1","Total_Item_Investigations","26"
"2020-01-01","2020-01-31","","","","","","Access_Method:Regular|Data_Type:Journal|Platform:Platform1","Total_Item_Requests","0"
"2020-02-01","2020-02-29","","","","","","Access_Method:Regular|Data_Type:Journal|Platform:Platform1","Total_Item_Requests","18"
"2020-03-01","2020-03-31","","","","","","Access_Method:Regular|Data_Type:Journal|Platform:Platform1","Total_Item_Requests","4"
"2020-04-01","2020-04-30","","","","","","Access_Method:Regular|Data_Type:Journal|Platform:Platform1","Total_Item_Requests","22"
"2020-05-01","2020-05-31","","","","","","Access_Method:Regular|Data_Type:Journal|Platform:Platform1","Total_Item_Requests","5"
"2020-06-01","2020-06-30","","","","","","Access_Method:Regular|Data_Type:Journal|Platform:Platform1","Total_Item_Requests","6"
"2020-07-01","2020-07-31","","","","","","Access_Method:Regular|Data_Type:Journal|Platform:Platform1","Total_Item_Requests","22"
"2020-08-01","2020-08-31","","","","","","Access_Method:Regular|Data_Type:Journal|Platform:Platform1","Total_Item_Requests","5"
"2020-09-01","2020-09-30","","","","","","Access_Method:Regular|Data_Type:Journal|Platform:Platform1","Total_Item_Requests","23"
"2020-10-01","2020-10-31","","","","","","Access_Method:Regular|Data_Type:Journal|Platform:Platform1","Total_Item_Requests","52"
"2020-11-01","2020-11-30","","","","","","Access_Method:Regular|Data_Type:Journal|Platform:Platform1","Total_Item_Requests","27"
"2020-12-01","2020-12-31","","","","","","Access_Method:Regular|Data_Type:Journal|Platform:Platform1","Total_Item_Requests","21"
"2020-01-01","2020-01-31","","","","","","Access_Method:Regular|Data_Type:Journal|Platform:Platform1","Unique_Item_Investigations","0"
"2020-02-01","2020-02-29","","","","","","Access_Method:Regular|Data_Type:Journal|Platform:Platform1","Unique_Item_Investigations","17"
"2020-03-01","2020-03-31","","","","","","Access_Method:Regular|Data_Type:Journal|Platform:Platform1","Unique_Item_Investigations","4"
"2020-04-01","2020-04-30","","","","","","Access_Method:Regular|Data_Type:Journal|Platform:Platform1","Unique_Item_Investigations","20"
"2020-05-01","2020-05-31","","","","","","Access_Method:Regular|Data_Type:Journal|Platform:Platform1","Unique_Item_Investigations","6"
"2020-06-01","2020-06-30","","","","","","Access_Method:Regular|Data_Type:Journal|Platform:Platform1","Unique_Item_Investigations","5"
"2020-07-01","2020-07-31","","","","","","Access_Method:Regular|Data_Type:Journal|Platform:Platform1","Unique_Item_Investigations","22"
"2020-08-01","2020-08-31","","","","","","Access_Method:Regular|Data_Type:Journal|Platform:Platform1","Unique_Item_Investigations","4"
"2020-09-01","2020-09-30","","","","","","Access_Method:Regular|Data_Type:Journal|Platform:Platform1","Unique_Item_Investigations","29"
"2020-10-01","2020-10-31","","","","","","Access_Method:Regular|Data_Type:Journal|Platform:Platform1","Unique_Item_Investigations","50"
"2020-11-01","2020-11-30","","","","","","Access_Method:Regular|Data_Type:Journal|Platform:Platform1","Unique_Item_Investigations","26"
"2020-12-01","2020-12-31","","","","","","Access_Method:Regular|Data_Type:Journal|Platform:Platform1","Unique_Item_Investigations","19"
"2020-01-01","2020-01-31","","","","","","Access_Method:Regular|Data_Type:Journal|Platform:Platform1","Unique_Item_Requests","0"
"2020-02-01","2020-02-29","","","","","","Access_Method:Regular|Data_Type:Journal|Platform:Platform1","Unique_Item_Requests","13"
"2020-03-01","2020-03-31","","","","","","Access_Method:Regular|Data_Type:Journal|Platform:Platform1","Unique_Item_Requests","4"
"2020-04-01","2020-04-30","","","","","","Access_Method:Regular|Data_Type:Journal|Platform:Platform1","Unique_Item_Requests","17"
"2020-05-01","2020-05-31","","","","","","Access_Method:Regular|Data_Type:Journal|Platform:Platform1","Unique_Item_Requests","5"
"2020-06-01","2020-06-30","","","","","","Access_Method:Regular|Data_Type:Journal|Platform:Platform1","Unique_Item_Requests","4"
"2020-07-01","2020-07-31","","","","","","Access_Method:Regular|Data_Type:Journal|Platform:Platform1","Unique_Item_Requests","21"
"2020-08-01","2020-08-31","","","","","","Access_Method:Regular|Data_Type:Journal|Platform:Platform1","Unique_Item_Requests","4"
"2020-09-01","2020-09-30","","","","","","Access_Method:Regular|Data_Type:Journal|Platform:Platform1","Unique_Item_Requests","22"
"2020-10-01","2020-10-31","","","","","","Access_Method:Regular|Data_Type:Journal|Platform:Platform1","Unique_Item_Requests","46"
"2020-11-01","2020-11-30","","","","","","Access_Method:Regular|Data_Type:Journal|Platform:Platform1","Unique_Item_Requests","23"
"2020-12-01","2020-12-31","","","","","","Access_Method:Regular|Data_Type:Journal|Platform:Platform1","Unique_Item_Requests","15"
"2020-01-01","2020-01-31","","","","","","Access_Method:Regular|Data_Type:Journal|Platform:Platform2","Total_Item_Investigations","0"
"2020-02-01","2020-02-29","","","","","","Access_Method:Regular|Data_Type:Journal|Platform:Platform2","Total_Item_Investigations","74"
"2020-03-01","2020-03-31","","","","","","Access_Method:Regular|Data_Type:Journal|Platform:Platform2","Total_Item_Investigations","38"
"2020-04-01","2020-04-30","","","","","","Access_Method:Regular|Data_Type:Journal|Platform:Platform2","Total_Item_Investigations","102"
"2020-05-01","2020-05-31","","","","","","Access_Method:Regular|Data_Type:Journal|Platform:Platform2","Total_Item_Investigations","19"
"2020-06-01","2020-06-30","","","","","","Access_Method:Regular|Data_Type:Journal|Platform:Platform2","Total_Item_Investigations","0"
"2020-07-01","2020-07-31","","","","","","Access_Method:Regular|Data_Type:Journal|Platform:Platform2","Total_Item_Investigations","4"
"2020-08-01","2020-08-31","","","","","","Access_Method:Regular|Data_Type:Journal|Platform:Platform2","Total_Item_Investigations","9"
"2020-09-01","2020-09-30","","","","","","Access_Method:Regular|Data_Type:Journal|Platform:Platform2","Total_Item_Investigations","7"
"2020-10-01","2020-10-31","","","","","","Access_Method:Regular|Data_Type:Journal|Platform:Platform2","Total_Item_Investigations","0"
"2020-11-01","2020-11-30","","","","","","Access_Method:Regular|Data_Type:Journal|Platform:Platform2","Total_Item_Investigations","0"
"2020-12-01","2020-12-31","","","","","","Access_Method:Regular|Data_Type:Journal|Platform:Platform2","Total_Item_Investigations","0"
"2020-01-01","2020-01-31","","","","","","Access_Method:Regular|Data_Type:Journal|Platform:Platform2","Total_Item_Requests","0"
"2020-02-01","2020-02-29","","","","","","Access_Method:Regular|Data_Type:Journal|Platform:Platform2","Total_Item_Requests","71"
"2020-03-01","2020-03-31","","","","","","Access_Method:Regular|Data_Type:Journal|Platform:Platform2","Total_Item_Requests","37"
"2020-04-01","2020-04-30","","","","","","Access_Method:Regular|Data_Type:Journal|Platform:Platform2","Total_Item_Requests","100"
"2020-05-01","2020-05-31","","","","","","Access_Method:Regular|Data_Type:Journal|Platform:Platform2","Total_Item_Requests","17"
"2020-06-01","2020-06-30","","","","","","Access_Method:Regular|Data_Type:Journal|Platform:Platform2","Total_Item_Requests","0"
"2020-07-01","2020-07-31","","","","","","Access_Method:Regular|Data_Type:Journal|Platform:Platform2","Total_Item_Requests","4"
"2020-08-01","2020-08-31","","","","","","Access_Method:Regular|Data_Type:Journal|Platform:Platform2","Total_Item_Requests","9"
"2020-09-01","2020-09-30","","","","","","Access_Method:Regular|Data_Type:Journal|Platform:Platform2","Total_Item_Requests","6"
"2020-10-01","2020-10-31","","","","","","Access_Method:Regular|Data_Type:Journal|Platform:Platform2","Total_Item_Requests","0"
"2020-11-01","2020-11-30","","","","","","Access_Method:Regular|Data_Type:Journal|Platform:Platform2","Total_Item_Requests","0"
"2020-12-01","2020-12-31","","","","","","Access_Method:Regular|Data_Type:Journal|Platform:Platform2","Total_Item_Requests","0"
"2020-01-01","2020-01-31","","","","","","Access_Method:Regular|Data_Type:Journal|Platform:Platform2","Unique_Item_Investigations","0"
"2020-02-01","2020-02-29","","","","","","Access_Method:Regular|Data_Type:Journal|Platform:Platform2","Unique_Item_Investigations","37"
"2020-03-01","2020-03-31","","","","","","Access_Method:Regular|Data_Type:Journal|Platform:Platform2","Unique_Item_Investigations","20"
"2020-04-01","2020-04-30","","","","","","Access_Method:Regular|Data_Type:Journal|Platform:Platform2","Unique_Item_Investigations","58"
"2020-05-01","2020-05-31","","","","","","Access_Method:Regular|Data_Type:Journal|Platform:Platform2","Unique_Item_Investigations","14"
"2020-06-01","2020-06-30","","","","","","Access_Method:Regular|Data_Type:Journal|Platform:Platform2","Unique_Item_Investigations","0"
"2020-07-01","2020-07-31","","","","","","Access_Method:Regular|Data_Type:Journal|Platform:Platform2","Unique_Item_Investigations","2"
"2020-08-01","2020-08-31","","","","","","Access_Method:Regular|Data_Type:Journal|Platform:Platform2","Unique_Item_Investigations","4"
"2020-09-01","2020-09-30","","","","","","Access_Method:Regular|Data_Type:Journal|Platform:Platform2","Unique_Item_Investigations","5"
"2020-10-01","2020-10-31","","","","","","Access_Method:Regular|Data_Type:Journal|Platform:Platform2","Unique_Item_Investigations","0"
"2020-11-01","2020-11-30","","","","","","Access_Method:Regular|Data_Type:Journal|Platform:Platform2","Unique_Item_Investigations","0"
"2020-12-01","2020-12-31","","","","","","Access_Method:Regular|Data_Type:Journal|Platform:Platform2","Unique_Item_Investigations","0"
"2020-01-01","2020-01-31","","","","","","Access_Method:Regular|Data_Type:Journal|Platform:Platform2","Unique_Item_Requests","0"
"2020-02-01","2020-02-29","","","","","","Access_Method:Regular|Data_Type:Journal|Platform:Platform2","Unique_Item_Requests","34"
"2020-03-01","2020-03-31","","","","","","Access_Method:Regular|Data_Type:Journal|Platform:Platform2","Unique_Item_Requests","19"
"2020-04-01","2020-04-30","","","","","","Access_Method:Regular|Data_Type:Journal|Platform:Platform2","Unique_Item_Requests","56"
"2020-05-01","2020-05-31","","","","","","Access_Method:Regular|Data_Type:Journal|Platform:Platform2","Unique_Item_Requests","12"
"2020-06-01","2020-06-30","","","","","","Access_Method:Regular|Data_Type:Journal|Platform:Platform2","Unique_Item_Requests","0"
"2020-07-01","2020-07-31","","","","","","Access_Method:Regular|Data_Type:Journal|Platform:Platform2","Unique_Item_Requests","2"
"2020-08-01","2020-08-31","","","","","","Access_Method:Regular|Data_Type:Journal|Platform:Platform2","Unique_Item_Requests","4"
"2020-09-01","2020-09-30","","","","","","Access_Method:Regular|Data_Type:Journal|Platform:Platform2","Unique_Item_Requests","4"
"2020-10-01","2020-10-31","","","","","","Access_Method:Regular|Data_Type:Journal|Platform:Platform2","Unique_Item_Requests","0"
"2020-11-01","2020-11-30","","","","","","Access_Method:Regular|Data_Type:Journal|Platform:Platform2","Unique_Item_Requests","0"
"2020-12-01","2020-12-31","","","","","","Access_Method:Regular|Data_Type:Journal|Platform:Platform2","Unique_Item_Requests","0"
