"2018-11-01","2018-11-30",,"First title","Total_Item_Investigations","Access_Method:Regular|Access_Type:Controlled|Data_Type:Journal|Platform:My Platform|Publisher:First Publisher|Section_Type:Article|YOP:1112","Online_ISSN:1111-2222|Print_ISSN:2222-1111","2"
"2018-11-01","2018-11-30",,"First title","Unique_Item_Requests","Access_Method:Regular|Access_Type:Controlled|Data_Type:Journal|Platform:My Platform|Publisher:First Publisher|Section_Type:Article|YOP:1112","Online_ISSN:1111-2222|Print_ISSN:2222-1111","2"
"2018-11-01","2018-11-30",,"First title","Total_Item_Requests","Access_Method:Regular|Access_Type:Controlled|Data_Type:Journal|Platform:My Platform|Publisher:First Publisher|Section_Type:Article|YOP:1112","Online_ISSN:1111-2222|Print_ISSN:2222-1111","2"
"2018-11-01","2018-11-30",,"First title","Unique_Item_Investigations","Access_Method:Regular|Access_Type:Controlled|Data_Type:Journal|Platform:My Platform|Publisher:First Publisher|Section_Type:Article|YOP:1112","Online_ISSN:1111-2222|Print_ISSN:2222-1111","2"
"2018-11-01","2018-11-30",,"Second Title","Unique_Item_Investigations","Access_Method:Regular|Access_Type:Controlled|Data_Type:Journal|Platform:My Platform|Publisher:My Publisher|Section_Type:Article|YOP:1112","Online_ISSN:3333-4444|Print_ISSN:5555-6666","8"
"2018-11-01","2018-11-30",,"Second Title","Total_Item_Requests","Access_Method:Regular|Access_Type:Controlled|Data_Type:Journal|Platform:My Platform|Publisher:My Publisher|Section_Type:Article|YOP:1112","Online_ISSN:3333-4444|Print_ISSN:5555-6666","11"
"2018-11-01","2018-11-30",,"Second Title","Unique_Item_Requests","Access_Method:Regular|Access_Type:Controlled|Data_Type:Journal|Platform:My Platform|Publisher:My Publisher|Section_Type:Article|YOP:1112","Online_ISSN:3333-4444|Print_ISSN:5555-6666","8"
"2018-11-01","2018-11-30",,"Second Title","Total_Item_Investigations","Access_Method:Regular|Access_Type:Controlled|Data_Type:Journal|Platform:My Platform|Publisher:My Publisher|Section_Type:Article|YOP:1112","Online_ISSN:3333-4444|Print_ISSN:5555-6666","11"
