"2016-01-01","2016-01-31","MyLib","Book 1715","ISBN:978-0-300-94426-6|Proprietary:ppdelta:1715","","","Access_Method:Regular|Access_Type:Controlled|Data_Type:Book|Platform:PPDelta|Publisher:Publisher 109|Section_Type:Book|YOP:2012","Limit_Exceeded","0"
"2016-02-01","2016-02-29","MyLib","Book 1715","ISBN:978-0-300-94426-6|Proprietary:ppdelta:1715","","","Access_Method:Regular|Access_Type:Controlled|Data_Type:Book|Platform:PPDelta|Publisher:Publisher 109|Section_Type:Book|YOP:2012","Limit_Exceeded","0"
"2016-03-01","2016-03-31","MyLib","Book 1715","ISBN:978-0-300-94426-6|Proprietary:ppdelta:1715","","","Access_Method:Regular|Access_Type:Controlled|Data_Type:Book|Platform:PPDelta|Publisher:Publisher 109|Section_Type:Book|YOP:2012","Limit_Exceeded","1"
"2016-01-01","2016-01-31","MyLib","Book 1715","ISBN:978-0-300-94426-6|Proprietary:ppdelta:1715","","","Access_Method:Regular|Access_Type:Controlled|Data_Type:Book|Platform:PPDelta|Publisher:Publisher 109|Section_Type:Book|YOP:2012","No_License","1"
"2016-02-01","2016-02-29","MyLib","Book 1715","ISBN:978-0-300-94426-6|Proprietary:ppdelta:1715","","","Access_Method:Regular|Access_Type:Controlled|Data_Type:Book|Platform:PPDelta|Publisher:Publisher 109|Section_Type:Book|YOP:2012","No_License","2"
"2016-03-01","2016-03-31","MyLib","Book 1715","ISBN:978-0-300-94426-6|Proprietary:ppdelta:1715","","","Access_Method:Regular|Access_Type:Controlled|Data_Type:Book|Platform:PPDelta|Publisher:Publisher 109|Section_Type:Book|YOP:2012","No_License","0"
"2016-01-01","2016-01-31","MyLib","Book 1715","ISBN:978-0-300-94426-6|Proprietary:ppdelta:1715","","","Access_Method:Regular|Access_Type:Controlled|Data_Type:Book|Platform:PPDelta|Publisher:Publisher 109|Section_Type:Book|YOP:2012","Total_Item_Investigations","0"
"2016-02-01","2016-02-29","MyLib","Book 1715","ISBN:978-0-300-94426-6|Proprietary:ppdelta:1715","","","Access_Method:Regular|Access_Type:Controlled|Data_Type:Book|Platform:PPDelta|Publisher:Publisher 109|Section_Type:Book|YOP:2012","Total_Item_Investigations","0"
"2016-03-01","2016-03-31","MyLib","Book 1715","ISBN:978-0-300-94426-6|Proprietary:ppdelta:1715","","","Access_Method:Regular|Access_Type:Controlled|Data_Type:Book|Platform:PPDelta|Publisher:Publisher 109|Section_Type:Book|YOP:2012","Total_Item_Investigations","10"
"2016-01-01","2016-01-31","MyLib","Book 1715","ISBN:978-0-300-94426-6|Proprietary:ppdelta:1715","","","Access_Method:Regular|Access_Type:Controlled|Data_Type:Book|Platform:PPDelta|Publisher:Publisher 109|Section_Type:Book|YOP:2012","Total_Item_Requests","0"
"2016-02-01","2016-02-29","MyLib","Book 1715","ISBN:978-0-300-94426-6|Proprietary:ppdelta:1715","","","Access_Method:Regular|Access_Type:Controlled|Data_Type:Book|Platform:PPDelta|Publisher:Publisher 109|Section_Type:Book|YOP:2012","Total_Item_Requests","0"
"2016-03-01","2016-03-31","MyLib","Book 1715","ISBN:978-0-300-94426-6|Proprietary:ppdelta:1715","","","Access_Method:Regular|Access_Type:Controlled|Data_Type:Book|Platform:PPDelta|Publisher:Publisher 109|Section_Type:Book|YOP:2012","Total_Item_Requests","5"
"2016-01-01","2016-01-31","MyLib","Book 1715","ISBN:978-0-300-94426-6|Proprietary:ppdelta:1715","","","Access_Method:Regular|Access_Type:Controlled|Data_Type:Book|Platform:PPDelta|Publisher:Publisher 109|Section_Type:Book|YOP:2012","Unique_Item_Investigations","0"
"2016-02-01","2016-02-29","MyLib","Book 1715","ISBN:978-0-300-94426-6|Proprietary:ppdelta:1715","","","Access_Method:Regular|Access_Type:Controlled|Data_Type:Book|Platform:PPDelta|Publisher:Publisher 109|Section_Type:Book|YOP:2012","Unique_Item_Investigations","0"
"2016-03-01","2016-03-31","MyLib","Book 1715","ISBN:978-0-300-94426-6|Proprietary:ppdelta:1715","","","Access_Method:Regular|Access_Type:Controlled|Data_Type:Book|Platform:PPDelta|Publisher:Publisher 109|Section_Type:Book|YOP:2012","Unique_Item_Investigations","5"
"2016-01-01","2016-01-31","MyLib","Book 1715","ISBN:978-0-300-94426-6|Proprietary:ppdelta:1715","","","Access_Method:Regular|Access_Type:Controlled|Data_Type:Book|Platform:PPDelta|Publisher:Publisher 109|Section_Type:Book|YOP:2012","Unique_Item_Requests","0"
"2016-02-01","2016-02-29","MyLib","Book 1715","ISBN:978-0-300-94426-6|Proprietary:ppdelta:1715","","","Access_Method:Regular|Access_Type:Controlled|Data_Type:Book|Platform:PPDelta|Publisher:Publisher 109|Section_Type:Book|YOP:2012","Unique_Item_Requests","0"
"2016-03-01","2016-03-31","MyLib","Book 1715","ISBN:978-0-300-94426-6|Proprietary:ppdelta:1715","","","Access_Method:Regular|Access_Type:Controlled|Data_Type:Book|Platform:PPDelta|Publisher:Publisher 109|Section_Type:Book|YOP:2012","Unique_Item_Requests","5"
"2016-01-01","2016-01-31","MyLib","Book 1715","ISBN:978-0-300-94426-6|Proprietary:ppdelta:1715","","","Access_Method:Regular|Access_Type:Controlled|Data_Type:Book|Platform:PPDelta|Publisher:Publisher 109|Section_Type:|YOP:2012","Unique_Title_Investigations","0"
"2016-02-01","2016-02-29","MyLib","Book 1715","ISBN:978-0-300-94426-6|Proprietary:ppdelta:1715","","","Access_Method:Regular|Access_Type:Controlled|Data_Type:Book|Platform:PPDelta|Publisher:Publisher 109|Section_Type:|YOP:2012","Unique_Title_Investigations","0"
"2016-03-01","2016-03-31","MyLib","Book 1715","ISBN:978-0-300-94426-6|Proprietary:ppdelta:1715","","","Access_Method:Regular|Access_Type:Controlled|Data_Type:Book|Platform:PPDelta|Publisher:Publisher 109|Section_Type:|YOP:2012","Unique_Title_Investigations","5"
"2016-01-01","2016-01-31","MyLib","Book 1715","ISBN:978-0-300-94426-6|Proprietary:ppdelta:1715","","","Access_Method:Regular|Access_Type:Controlled|Data_Type:Book|Platform:PPDelta|Publisher:Publisher 109|Section_Type:|YOP:2012","Unique_Title_Requests","0"
"2016-02-01","2016-02-29","MyLib","Book 1715","ISBN:978-0-300-94426-6|Proprietary:ppdelta:1715","","","Access_Method:Regular|Access_Type:Controlled|Data_Type:Book|Platform:PPDelta|Publisher:Publisher 109|Section_Type:|YOP:2012","Unique_Title_Requests","0"
"2016-03-01","2016-03-31","MyLib","Book 1715","ISBN:978-0-300-94426-6|Proprietary:ppdelta:1715","","","Access_Method:Regular|Access_Type:Controlled|Data_Type:Book|Platform:PPDelta|Publisher:Publisher 109|Section_Type:|YOP:2012","Unique_Title_Requests","5"
"2016-01-01","2016-01-31","MyLib","Journal 10","Online_ISSN:2042-5872|Print_ISSN:2042-5813|Proprietary:ppdelta:10","","","Access_Method:Regular|Access_Type:Controlled|Data_Type:Journal|Platform:PPDelta|Publisher:Publisher 111|Section_Type:Article|YOP:2016","Total_Item_Investigations","10"
"2016-02-01","2016-02-29","MyLib","Journal 10","Online_ISSN:2042-5872|Print_ISSN:2042-5813|Proprietary:ppdelta:10","","","Access_Method:Regular|Access_Type:Controlled|Data_Type:Journal|Platform:PPDelta|Publisher:Publisher 111|Section_Type:Article|YOP:2016","Total_Item_Investigations","12"
"2016-03-01","2016-03-31","MyLib","Journal 10","Online_ISSN:2042-5872|Print_ISSN:2042-5813|Proprietary:ppdelta:10","","","Access_Method:Regular|Access_Type:Controlled|Data_Type:Journal|Platform:PPDelta|Publisher:Publisher 111|Section_Type:Article|YOP:2016","Total_Item_Investigations","20"
"2016-01-01","2016-01-31","MyLib","Journal 10","Online_ISSN:2042-5872|Print_ISSN:2042-5813|Proprietary:ppdelta:10","","","Access_Method:Regular|Access_Type:Controlled|Data_Type:Journal|Platform:PPDelta|Publisher:Publisher 111|Section_Type:Article|YOP:2016","Total_Item_Requests","6"
"2016-02-01","2016-02-29","MyLib","Journal 10","Online_ISSN:2042-5872|Print_ISSN:2042-5813|Proprietary:ppdelta:10","","","Access_Method:Regular|Access_Type:Controlled|Data_Type:Journal|Platform:PPDelta|Publisher:Publisher 111|Section_Type:Article|YOP:2016","Total_Item_Requests","9"
"2016-03-01","2016-03-31","MyLib","Journal 10","Online_ISSN:2042-5872|Print_ISSN:2042-5813|Proprietary:ppdelta:10","","","Access_Method:Regular|Access_Type:Controlled|Data_Type:Journal|Platform:PPDelta|Publisher:Publisher 111|Section_Type:Article|YOP:2016","Total_Item_Requests","10"
"2016-01-01","2016-01-31","MyLib","Journal 10","Online_ISSN:2042-5872|Print_ISSN:2042-5813|Proprietary:ppdelta:10","","","Access_Method:Regular|Access_Type:Controlled|Data_Type:Journal|Platform:PPDelta|Publisher:Publisher 111|Section_Type:Article|YOP:2016","Unique_Item_Investigations","6"
"2016-02-01","2016-02-29","MyLib","Journal 10","Online_ISSN:2042-5872|Print_ISSN:2042-5813|Proprietary:ppdelta:10","","","Access_Method:Regular|Access_Type:Controlled|Data_Type:Journal|Platform:PPDelta|Publisher:Publisher 111|Section_Type:Article|YOP:2016","Unique_Item_Investigations","10"
"2016-03-01","2016-03-31","MyLib","Journal 10","Online_ISSN:2042-5872|Print_ISSN:2042-5813|Proprietary:ppdelta:10","","","Access_Method:Regular|Access_Type:Controlled|Data_Type:Journal|Platform:PPDelta|Publisher:Publisher 111|Section_Type:Article|YOP:2016","Unique_Item_Investigations","13"
"2016-01-01","2016-01-31","MyLib","Journal 10","Online_ISSN:2042-5872|Print_ISSN:2042-5813|Proprietary:ppdelta:10","","","Access_Method:Regular|Access_Type:Controlled|Data_Type:Journal|Platform:PPDelta|Publisher:Publisher 111|Section_Type:Article|YOP:2016","Unique_Item_Requests","5"
"2016-02-01","2016-02-29","MyLib","Journal 10","Online_ISSN:2042-5872|Print_ISSN:2042-5813|Proprietary:ppdelta:10","","","Access_Method:Regular|Access_Type:Controlled|Data_Type:Journal|Platform:PPDelta|Publisher:Publisher 111|Section_Type:Article|YOP:2016","Unique_Item_Requests","8"
"2016-03-01","2016-03-31","MyLib","Journal 10","Online_ISSN:2042-5872|Print_ISSN:2042-5813|Proprietary:ppdelta:10","","","Access_Method:Regular|Access_Type:Controlled|Data_Type:Journal|Platform:PPDelta|Publisher:Publisher 111|Section_Type:Article|YOP:2016","Unique_Item_Requests","9"
"2016-01-01","2016-01-31","MyLib","Journal 11","Online_ISSN:2042-5139|Print_ISSN:2042-5163|Proprietary:ppdelta:11","","","Access_Method:Regular|Access_Type:Controlled|Data_Type:Journal|Platform:PPDelta|Publisher:Publisher 111|Section_Type:Article|YOP:2016","Total_Item_Investigations","3"
"2016-02-01","2016-02-29","MyLib","Journal 11","Online_ISSN:2042-5139|Print_ISSN:2042-5163|Proprietary:ppdelta:11","","","Access_Method:Regular|Access_Type:Controlled|Data_Type:Journal|Platform:PPDelta|Publisher:Publisher 111|Section_Type:Article|YOP:2016","Total_Item_Investigations","7"
"2016-03-01","2016-03-31","MyLib","Journal 11","Online_ISSN:2042-5139|Print_ISSN:2042-5163|Proprietary:ppdelta:11","","","Access_Method:Regular|Access_Type:Controlled|Data_Type:Journal|Platform:PPDelta|Publisher:Publisher 111|Section_Type:Article|YOP:2016","Total_Item_Investigations","6"
"2016-01-01","2016-01-31","MyLib","Journal 11","Online_ISSN:2042-5139|Print_ISSN:2042-5163|Proprietary:ppdelta:11","","","Access_Method:Regular|Access_Type:Controlled|Data_Type:Journal|Platform:PPDelta|Publisher:Publisher 111|Section_Type:Article|YOP:2016","Total_Item_Requests","3"
"2016-02-01","2016-02-29","MyLib","Journal 11","Online_ISSN:2042-5139|Print_ISSN:2042-5163|Proprietary:ppdelta:11","","","Access_Method:Regular|Access_Type:Controlled|Data_Type:Journal|Platform:PPDelta|Publisher:Publisher 111|Section_Type:Article|YOP:2016","Total_Item_Requests","6"
"2016-03-01","2016-03-31","MyLib","Journal 11","Online_ISSN:2042-5139|Print_ISSN:2042-5163|Proprietary:ppdelta:11","","","Access_Method:Regular|Access_Type:Controlled|Data_Type:Journal|Platform:PPDelta|Publisher:Publisher 111|Section_Type:Article|YOP:2016","Total_Item_Requests","6"
"2016-01-01","2016-01-31","MyLib","Journal 11","Online_ISSN:2042-5139|Print_ISSN:2042-5163|Proprietary:ppdelta:11","","","Access_Method:Regular|Access_Type:Controlled|Data_Type:Journal|Platform:PPDelta|Publisher:Publisher 111|Section_Type:Article|YOP:2016","Unique_Item_Investigations","3"
"2016-02-01","2016-02-29","MyLib","Journal 11","Online_ISSN:2042-5139|Print_ISSN:2042-5163|Proprietary:ppdelta:11","","","Access_Method:Regular|Access_Type:Controlled|Data_Type:Journal|Platform:PPDelta|Publisher:Publisher 111|Section_Type:Article|YOP:2016","Unique_Item_Investigations","7"
"2016-03-01","2016-03-31","MyLib","Journal 11","Online_ISSN:2042-5139|Print_ISSN:2042-5163|Proprietary:ppdelta:11","","","Access_Method:Regular|Access_Type:Controlled|Data_Type:Journal|Platform:PPDelta|Publisher:Publisher 111|Section_Type:Article|YOP:2016","Unique_Item_Investigations","6"
"2016-01-01","2016-01-31","MyLib","Journal 11","Online_ISSN:2042-5139|Print_ISSN:2042-5163|Proprietary:ppdelta:11","","","Access_Method:Regular|Access_Type:Controlled|Data_Type:Journal|Platform:PPDelta|Publisher:Publisher 111|Section_Type:Article|YOP:2016","Unique_Item_Requests","3"
"2016-02-01","2016-02-29","MyLib","Journal 11","Online_ISSN:2042-5139|Print_ISSN:2042-5163|Proprietary:ppdelta:11","","","Access_Method:Regular|Access_Type:Controlled|Data_Type:Journal|Platform:PPDelta|Publisher:Publisher 111|Section_Type:Article|YOP:2016","Unique_Item_Requests","6"
"2016-03-01","2016-03-31","MyLib","Journal 11","Online_ISSN:2042-5139|Print_ISSN:2042-5163|Proprietary:ppdelta:11","","","Access_Method:Regular|Access_Type:Controlled|Data_Type:Journal|Platform:PPDelta|Publisher:Publisher 111|Section_Type:Article|YOP:2016","Unique_Item_Requests","6"
"2016-01-01","2016-01-31","MyLib","Journal 11","Online_ISSN:2042-5139|Print_ISSN:2042-5163|Proprietary:ppdelta:11","","","Access_Method:Regular|Access_Type:OA_Gold|Data_Type:Journal|Platform:PPDelta|Publisher:Publisher 111|Section_Type:Article|YOP:2016","Total_Item_Investigations","6"
"2016-02-01","2016-02-29","MyLib","Journal 11","Online_ISSN:2042-5139|Print_ISSN:2042-5163|Proprietary:ppdelta:11","","","Access_Method:Regular|Access_Type:OA_Gold|Data_Type:Journal|Platform:PPDelta|Publisher:Publisher 111|Section_Type:Article|YOP:2016","Total_Item_Investigations","5"
"2016-03-01","2016-03-31","MyLib","Journal 11","Online_ISSN:2042-5139|Print_ISSN:2042-5163|Proprietary:ppdelta:11","","","Access_Method:Regular|Access_Type:OA_Gold|Data_Type:Journal|Platform:PPDelta|Publisher:Publisher 111|Section_Type:Article|YOP:2016","Total_Item_Investigations","4"
"2016-01-01","2016-01-31","MyLib","Journal 11","Online_ISSN:2042-5139|Print_ISSN:2042-5163|Proprietary:ppdelta:11","","","Access_Method:Regular|Access_Type:OA_Gold|Data_Type:Journal|Platform:PPDelta|Publisher:Publisher 111|Section_Type:Article|YOP:2016","Total_Item_Requests","3"
"2016-02-01","2016-02-29","MyLib","Journal 11","Online_ISSN:2042-5139|Print_ISSN:2042-5163|Proprietary:ppdelta:11","","","Access_Method:Regular|Access_Type:OA_Gold|Data_Type:Journal|Platform:PPDelta|Publisher:Publisher 111|Section_Type:Article|YOP:2016","Total_Item_Requests","3"
"2016-03-01","2016-03-31","MyLib","Journal 11","Online_ISSN:2042-5139|Print_ISSN:2042-5163|Proprietary:ppdelta:11","","","Access_Method:Regular|Access_Type:OA_Gold|Data_Type:Journal|Platform:PPDelta|Publisher:Publisher 111|Section_Type:Article|YOP:2016","Total_Item_Requests","2"
"2016-01-01","2016-01-31","MyLib","Journal 11","Online_ISSN:2042-5139|Print_ISSN:2042-5163|Proprietary:ppdelta:11","","","Access_Method:Regular|Access_Type:OA_Gold|Data_Type:Journal|Platform:PPDelta|Publisher:Publisher 111|Section_Type:Article|YOP:2016","Unique_Item_Investigations","3"
"2016-02-01","2016-02-29","MyLib","Journal 11","Online_ISSN:2042-5139|Print_ISSN:2042-5163|Proprietary:ppdelta:11","","","Access_Method:Regular|Access_Type:OA_Gold|Data_Type:Journal|Platform:PPDelta|Publisher:Publisher 111|Section_Type:Article|YOP:2016","Unique_Item_Investigations","3"
"2016-03-01","2016-03-31","MyLib","Journal 11","Online_ISSN:2042-5139|Print_ISSN:2042-5163|Proprietary:ppdelta:11","","","Access_Method:Regular|Access_Type:OA_Gold|Data_Type:Journal|Platform:PPDelta|Publisher:Publisher 111|Section_Type:Article|YOP:2016","Unique_Item_Investigations","2"
"2016-01-01","2016-01-31","MyLib","Journal 11","Online_ISSN:2042-5139|Print_ISSN:2042-5163|Proprietary:ppdelta:11","","","Access_Method:Regular|Access_Type:OA_Gold|Data_Type:Journal|Platform:PPDelta|Publisher:Publisher 111|Section_Type:Article|YOP:2016","Unique_Item_Requests","3"
"2016-02-01","2016-02-29","MyLib","Journal 11","Online_ISSN:2042-5139|Print_ISSN:2042-5163|Proprietary:ppdelta:11","","","Access_Method:Regular|Access_Type:OA_Gold|Data_Type:Journal|Platform:PPDelta|Publisher:Publisher 111|Section_Type:Article|YOP:2016","Unique_Item_Requests","3"
"2016-03-01","2016-03-31","MyLib","Journal 11","Online_ISSN:2042-5139|Print_ISSN:2042-5163|Proprietary:ppdelta:11","","","Access_Method:Regular|Access_Type:OA_Gold|Data_Type:Journal|Platform:PPDelta|Publisher:Publisher 111|Section_Type:Article|YOP:2016","Unique_Item_Requests","2"
"2016-01-01","2016-01-31","MyLib","Journal 12","Online_ISSN:2042-5406|Print_ISSN:2042-549X|Proprietary:ppdelta:12","","","Access_Method:Regular|Access_Type:Controlled|Data_Type:Journal|Platform:PPDelta|Publisher:Publisher 111|Section_Type:Article|YOP:2016","No_License","1"
"2016-02-01","2016-02-29","MyLib","Journal 12","Online_ISSN:2042-5406|Print_ISSN:2042-549X|Proprietary:ppdelta:12","","","Access_Method:Regular|Access_Type:Controlled|Data_Type:Journal|Platform:PPDelta|Publisher:Publisher 111|Section_Type:Article|YOP:2016","No_License","2"
"2016-03-01","2016-03-31","MyLib","Journal 12","Online_ISSN:2042-5406|Print_ISSN:2042-549X|Proprietary:ppdelta:12","","","Access_Method:Regular|Access_Type:Controlled|Data_Type:Journal|Platform:PPDelta|Publisher:Publisher 111|Section_Type:Article|YOP:2016","No_License","0"
