"2022-07-01","2022-07-31",,"T1","Total_Item_Requests","Platform:My Platform|Publisher:P1|YOP:2019","DOI:10.1111/1111111111111|ISBN:999-9-99-999999-9|Online_ISSN:|Print_ISSN:|Proprietary:","42"
"2022-07-01","2022-07-31",,"T1","Unique_Title_Requests","Platform:My Platform|Publisher:P1|YOP:2019","DOI:10.1111/1111111111111|ISBN:999-9-99-999999-9|Online_ISSN:|Print_ISSN:|Proprietary:","1"
"2022-07-01","2022-07-31",,"T2","Total_Item_Requests","Platform:My Platform|Publisher:P2|YOP:2018","DOI:10.2222/2222222222222|ISBN:888-8-88-888888-8|Online_ISSN:|Print_ISSN:|Proprietary:","1"
"2022-07-01","2022-07-31",,"T2","Unique_Title_Requests","Platform:My Platform|Publisher:P2|YOP:2018","DOI:10.2222/2222222222222|ISBN:888-8-88-888888-8|Online_ISSN:|Print_ISSN:|Proprietary:","1"
