"2020-01-01","2020-01-31","Org1","","","","","","","Extra:PROD","Views","2"
"2020-01-01","2020-01-31","Org2","","","","","","","Extra:PROD","Views","1"
"2020-01-01","2020-01-31","Org3","","","","","","","Extra:PROD","Views","0"
"2020-02-01","2020-02-29","Org1","","","","","","","Extra:PROD","Views","4"
"2020-02-01","2020-02-29","Org2","","","","","","","Extra:PROD","Views","3"
"2020-02-01","2020-02-29","Org3","","","","","","","Extra:PROD","Views","2"
"2020-03-01","2020-03-31","Org1","","","","","","","Extra:PROD","Views","0"
"2020-03-01","2020-03-31","Org2","","","","","","","Extra:PROD","Views","5"
"2020-03-01","2020-03-31","Org3","","","","","","","Extra:PROD","Views","4"
"2020-01-01","2020-01-31","Org1","","","","","","","Extra:PROD","Visits","1"
"2020-01-01","2020-01-31","Org2","","","","","","","Extra:PROD","Visits","0"
"2020-01-01","2020-01-31","Org3","","","","","","","Extra:PROD","Visits","5"
"2020-02-01","2020-02-29","Org1","","","","","","","Extra:PROD","Visits","3"
"2020-02-01","2020-02-29","Org2","","","","","","","Extra:PROD","Visits","2"
"2020-02-01","2020-02-29","Org3","","","","","","","Extra:PROD","Visits","1"
"2020-03-01","2020-03-31","Org1","","","","","","","Extra:PROD","Visits","5"
"2020-03-01","2020-03-31","Org2","","","","","","","Extra:PROD","Visits","4"
"2020-03-01","2020-03-31","Org3","","","","","","","Extra:PROD","Visits","3"
