"2022-07-01","2022-07-31","ips_org1","","","","","Dimension1:1.1.1.1","Printed","8"
"2022-07-01","2022-07-31","ips_org3","","","","","Dimension1:3.3.3.3","Printed","6"
"2022-07-01","2022-07-31","ips_org1","","","","","Dimension1:1.1.1.1","Searched","4"
"2022-07-01","2022-07-31","ips_org3","","","","","Dimension1:3.3.3.3","Searched","2"
"2022-07-01","2022-07-31","ips_org1","","","","","Dimension1:1.1.1.1","Activities","7"
"2022-07-01","2022-07-31","ips_org1","","","","","Dimension1:1.1.1.1","Downloaded","6"
"2022-07-01","2022-07-31","ips_org3","","","","","Dimension1:3.3.3.3","Activities","5"
"2022-07-01","2022-07-31","ips_org3","","","","","Dimension1:3.3.3.3","Downloaded","4"
"2022-07-01","2022-07-31","ips_org1","","","","","Dimension1:1.1.1.1","Data Module","5"
"2022-07-01","2022-07-31","ips_org1","","","","","Dimension1:11.11.11.11","Printed","1"
"2022-07-01","2022-07-31","ips_org3","","","","","Dimension1:3.3.3.3","Data Module","10"
"2022-07-01","2022-07-31","ips_org1","","","","","Dimension1:1.1.1.1","Pages Viewed","2"
"2022-07-01","2022-07-31","ips_org1","","","","","Dimension1:11.11.11.11","Searched","6"
"2022-07-01","2022-07-31","ips_org3","","","","","Dimension1:3.3.3.3","Pages Viewed","7"
"2022-07-01","2022-07-31","ips_org1","","","","","Dimension1:11.11.11.11","Activities","4"
"2022-07-01","2022-07-31","ips_org1","","","","","Dimension1:11.11.11.11","Downloaded","0"
"2022-07-01","2022-07-31","ips_org1","","","","","Dimension1:11.11.11.11","Data Module","3"
"2022-07-01","2022-07-31","ips_org1","","","","","Dimension1:1.1.1.1","Companies Viewed","10"
"2022-07-01","2022-07-31","ips_org1","","","","","Dimension1:11.11.11.11","Pages Viewed","5"
"2022-07-01","2022-07-31","ips_org3","","","","","Dimension1:3.3.3.3","Companies Viewed","8"
"2022-07-01","2022-07-31","ips_org1","","","","","Dimension1:11.11.11.11","Companies Viewed","2"
