"2019-01-01","2019-01-31","Brepolis","L'Année Philologique","Sessions",,,"2"
"2019-02-01","2019-02-28","Brepolis","L'Année Philologique","Sessions",,,"4"
"2019-03-01","2019-03-31","Brepolis","L'Année Philologique","Sessions",,,"1"
"2019-04-01","2019-04-30","Brepolis","L'Année Philologique","Sessions",,,"1"
"2019-05-01","2019-05-31","Brepolis","L'Année Philologique","Sessions",,,"1"
"2019-06-01","2019-06-30","Brepolis","L'Année Philologique","Sessions",,,"2"
"2019-07-01","2019-07-31","Brepolis","L'Année Philologique","Sessions",,,"2"
"2019-08-01","2019-08-31","Brepolis","L'Année Philologique","Sessions",,,"0"
"2019-09-01","2019-09-30","Brepolis","L'Année Philologique","Sessions",,,"5"
"2019-10-01","2019-10-31","Brepolis","L'Année Philologique","Sessions",,,"25"
"2019-11-01","2019-11-30","Brepolis","L'Année Philologique","Sessions",,,"28"
"2019-12-01","2019-12-31","Brepolis","L'Année Philologique","Sessions",,,"0"
"2019-01-01","2019-01-31","Brepolis","L'Année Philologique","Attempts",,,"0"
"2019-02-01","2019-02-28","Brepolis","L'Année Philologique","Attempts",,,"0"
"2019-03-01","2019-03-31","Brepolis","L'Année Philologique","Attempts",,,"0"
"2019-04-01","2019-04-30","Brepolis","L'Année Philologique","Attempts",,,"0"
"2019-05-01","2019-05-31","Brepolis","L'Année Philologique","Attempts",,,"0"
"2019-06-01","2019-06-30","Brepolis","L'Année Philologique","Attempts",,,"0"
"2019-07-01","2019-07-31","Brepolis","L'Année Philologique","Attempts",,,"0"
"2019-08-01","2019-08-31","Brepolis","L'Année Philologique","Attempts",,,"0"
"2019-09-01","2019-09-30","Brepolis","L'Année Philologique","Attempts",,,"0"
"2019-10-01","2019-10-31","Brepolis","L'Année Philologique","Attempts",,,"0"
"2019-11-01","2019-11-30","Brepolis","L'Année Philologique","Attempts",,,"0"
"2019-12-01","2019-12-31","Brepolis","L'Année Philologique","Attempts",,,"0"
