"2020-01-01","2020-01-31","SciFinder",,,"Name:JAN EVANGELISTA PURKYNE UNIV UST NAD LABEM  CZ",,"336"
"2020-02-01","2020-02-29","SciFinder",,,"Name:JAN EVANGELISTA PURKYNE UNIV UST NAD LABEM  CZ",,"90"
"2020-03-01","2020-03-31","SciFinder",,,"Name:JAN EVANGELISTA PURKYNE UNIV UST NAD LABEM  CZ",,"9"
"2020-04-01","2020-04-30","SciFinder",,,"Name:JAN EVANGELISTA PURKYNE UNIV UST NAD LABEM  CZ",,"28"
"2020-05-01","2020-05-31","SciFinder",,,"Name:JAN EVANGELISTA PURKYNE UNIV UST NAD LABEM  CZ",,"30"
"2020-06-01","2020-06-30","SciFinder",,,"Name:JAN EVANGELISTA PURKYNE UNIV UST NAD LABEM  CZ",,"39"
"2020-07-01","2020-07-31","SciFinder",,,"Name:JAN EVANGELISTA PURKYNE UNIV UST NAD LABEM  CZ",,"31"
"2020-08-01","2020-08-31","SciFinder",,,"Name:JAN EVANGELISTA PURKYNE UNIV UST NAD LABEM  CZ",,"5"
"2020-09-01","2020-09-30","SciFinder",,,"Name:JAN EVANGELISTA PURKYNE UNIV UST NAD LABEM  CZ",,"11"
"2020-10-01","2020-10-31","SciFinder",,,"Name:JAN EVANGELISTA PURKYNE UNIV UST NAD LABEM  CZ",,"27"
"2020-11-01","2020-11-30","SciFinder",,,"Name:JAN EVANGELISTA PURKYNE UNIV UST NAD LABEM  CZ",,"113"
"2020-12-01","2020-12-31","SciFinder",,,"Name:JAN EVANGELISTA PURKYNE UNIV UST NAD LABEM  CZ",,"786"
"2020-01-01","2020-01-31","SciFinder",,,"Name:MASARYK UNIV BRNO BRNO  CZ",,"4002"
"2020-02-01","2020-02-29","SciFinder",,,"Name:MASARYK UNIV BRNO BRNO  CZ",,"1701"
"2020-03-01","2020-03-31","SciFinder",,,"Name:MASARYK UNIV BRNO BRNO  CZ",,"1408"
"2020-04-01","2020-04-30","SciFinder",,,"Name:MASARYK UNIV BRNO BRNO  CZ",,"2262"
"2020-05-01","2020-05-31","SciFinder",,,"Name:MASARYK UNIV BRNO BRNO  CZ",,"1345"
"2020-06-01","2020-06-30","SciFinder",,,"Name:MASARYK UNIV BRNO BRNO  CZ",,"2107"
"2020-07-01","2020-07-31","SciFinder",,,"Name:MASARYK UNIV BRNO BRNO  CZ",,"1525"
"2020-08-01","2020-08-31","SciFinder",,,"Name:MASARYK UNIV BRNO BRNO  CZ",,"1341"
"2020-09-01","2020-09-30","SciFinder",,,"Name:MASARYK UNIV BRNO BRNO  CZ",,"1281"
"2020-10-01","2020-10-31","SciFinder",,,"Name:MASARYK UNIV BRNO BRNO  CZ",,"1784"
"2020-11-01","2020-11-30","SciFinder",,,"Name:MASARYK UNIV BRNO BRNO  CZ",,"2301"
"2020-12-01","2020-12-31","SciFinder",,,"Name:MASARYK UNIV BRNO BRNO  CZ",,"1559"
"2020-01-01","2020-01-31","SciFinder",,,"Name:PALACKY UNIV OLOMOUC  CZ",,"2701"
"2020-02-01","2020-02-29","SciFinder",,,"Name:PALACKY UNIV OLOMOUC  CZ",,"2849"
"2020-03-01","2020-03-31","SciFinder",,,"Name:PALACKY UNIV OLOMOUC  CZ",,"2679"
"2020-04-01","2020-04-30","SciFinder",,,"Name:PALACKY UNIV OLOMOUC  CZ",,"2818"
"2020-05-01","2020-05-31","SciFinder",,,"Name:PALACKY UNIV OLOMOUC  CZ",,"2239"
"2020-06-01","2020-06-30","SciFinder",,,"Name:PALACKY UNIV OLOMOUC  CZ",,"3063"
"2020-07-01","2020-07-31","SciFinder",,,"Name:PALACKY UNIV OLOMOUC  CZ",,"2418"
"2020-08-01","2020-08-31","SciFinder",,,"Name:PALACKY UNIV OLOMOUC  CZ",,"2364"
"2020-09-01","2020-09-30","SciFinder",,,"Name:PALACKY UNIV OLOMOUC  CZ",,"2128"
"2020-10-01","2020-10-31","SciFinder",,,"Name:PALACKY UNIV OLOMOUC  CZ",,"2533"
"2020-11-01","2020-11-30","SciFinder",,,"Name:PALACKY UNIV OLOMOUC  CZ",,"2739"
"2020-12-01","2020-12-31","SciFinder",,,"Name:PALACKY UNIV OLOMOUC  CZ",,"1900"
"2020-01-01","2020-01-31","SciFinder",,,"Name:TECHNICKA UNIV OSTRAVA OSTRAVA  CZ",,"51"
"2020-02-01","2020-02-29","SciFinder",,,"Name:TECHNICKA UNIV OSTRAVA OSTRAVA  CZ",,"56"
"2020-03-01","2020-03-31","SciFinder",,,"Name:TECHNICKA UNIV OSTRAVA OSTRAVA  CZ",,"34"
"2020-04-01","2020-04-30","SciFinder",,,"Name:TECHNICKA UNIV OSTRAVA OSTRAVA  CZ",,"70"
"2020-05-01","2020-05-31","SciFinder",,,"Name:TECHNICKA UNIV OSTRAVA OSTRAVA  CZ",,"100"
"2020-06-01","2020-06-30","SciFinder",,,"Name:TECHNICKA UNIV OSTRAVA OSTRAVA  CZ",,"72"
"2020-07-01","2020-07-31","SciFinder",,,"Name:TECHNICKA UNIV OSTRAVA OSTRAVA  CZ",,"51"
"2020-08-01","2020-08-31","SciFinder",,,"Name:TECHNICKA UNIV OSTRAVA OSTRAVA  CZ",,"29"
"2020-09-01","2020-09-30","SciFinder",,,"Name:TECHNICKA UNIV OSTRAVA OSTRAVA  CZ",,"62"
"2020-10-01","2020-10-31","SciFinder",,,"Name:TECHNICKA UNIV OSTRAVA OSTRAVA  CZ",,"92"
"2020-11-01","2020-11-30","SciFinder",,,"Name:TECHNICKA UNIV OSTRAVA OSTRAVA  CZ",,"32"
"2020-12-01","2020-12-31","SciFinder",,,"Name:TECHNICKA UNIV OSTRAVA OSTRAVA  CZ",,"3"
"2020-01-01","2020-01-31","SciFinder",,,"Name:TOMAS BATA UNIV IN ZLIN ZLIN  CZ",,"128"
"2020-02-01","2020-02-29","SciFinder",,,"Name:TOMAS BATA UNIV IN ZLIN ZLIN  CZ",,"104"
"2020-03-01","2020-03-31","SciFinder",,,"Name:TOMAS BATA UNIV IN ZLIN ZLIN  CZ",,"83"
"2020-04-01","2020-04-30","SciFinder",,,"Name:TOMAS BATA UNIV IN ZLIN ZLIN  CZ",,"117"
"2020-05-01","2020-05-31","SciFinder",,,"Name:TOMAS BATA UNIV IN ZLIN ZLIN  CZ",,"168"
"2020-06-01","2020-06-30","SciFinder",,,"Name:TOMAS BATA UNIV IN ZLIN ZLIN  CZ",,"63"
"2020-07-01","2020-07-31","SciFinder",,,"Name:TOMAS BATA UNIV IN ZLIN ZLIN  CZ",,"131"
"2020-08-01","2020-08-31","SciFinder",,,"Name:TOMAS BATA UNIV IN ZLIN ZLIN  CZ",,"155"
"2020-09-01","2020-09-30","SciFinder",,,"Name:TOMAS BATA UNIV IN ZLIN ZLIN  CZ",,"176"
"2020-10-01","2020-10-31","SciFinder",,,"Name:TOMAS BATA UNIV IN ZLIN ZLIN  CZ",,"65"
"2020-11-01","2020-11-30","SciFinder",,,"Name:TOMAS BATA UNIV IN ZLIN ZLIN  CZ",,"44"
"2020-12-01","2020-12-31","SciFinder",,,"Name:TOMAS BATA UNIV IN ZLIN ZLIN  CZ",,"107"
"2020-01-01","2020-01-31","SciFinder",,,"Name:UNIV CHEMISTRY & TECHNOLOGY PRAGUE PRAHA 6  CZ",,"4074"
"2020-02-01","2020-02-29","SciFinder",,,"Name:UNIV CHEMISTRY & TECHNOLOGY PRAGUE PRAHA 6  CZ",,"3702"
"2020-03-01","2020-03-31","SciFinder",,,"Name:UNIV CHEMISTRY & TECHNOLOGY PRAGUE PRAHA 6  CZ",,"5443"
"2020-04-01","2020-04-30","SciFinder",,,"Name:UNIV CHEMISTRY & TECHNOLOGY PRAGUE PRAHA 6  CZ",,"6987"
"2020-05-01","2020-05-31","SciFinder",,,"Name:UNIV CHEMISTRY & TECHNOLOGY PRAGUE PRAHA 6  CZ",,"4362"
"2020-06-01","2020-06-30","SciFinder",,,"Name:UNIV CHEMISTRY & TECHNOLOGY PRAGUE PRAHA 6  CZ",,"2675"
"2020-07-01","2020-07-31","SciFinder",,,"Name:UNIV CHEMISTRY & TECHNOLOGY PRAGUE PRAHA 6  CZ",,"2602"
"2020-08-01","2020-08-31","SciFinder",,,"Name:UNIV CHEMISTRY & TECHNOLOGY PRAGUE PRAHA 6  CZ",,"2573"
"2020-09-01","2020-09-30","SciFinder",,,"Name:UNIV CHEMISTRY & TECHNOLOGY PRAGUE PRAHA 6  CZ",,"1952"
"2020-10-01","2020-10-31","SciFinder",,,"Name:UNIV CHEMISTRY & TECHNOLOGY PRAGUE PRAHA 6  CZ",,"5600"
"2020-11-01","2020-11-30","SciFinder",,,"Name:UNIV CHEMISTRY & TECHNOLOGY PRAGUE PRAHA 6  CZ",,"5767"
"2020-12-01","2020-12-31","SciFinder",,,"Name:UNIV CHEMISTRY & TECHNOLOGY PRAGUE PRAHA 6  CZ",,"2633"
"2020-01-01","2020-01-31","SciFinder",,,"Name:UNIV KARLOVA PRAHA 1  CZ",,"2554"
"2020-02-01","2020-02-29","SciFinder",,,"Name:UNIV KARLOVA PRAHA 1  CZ",,"3492"
"2020-03-01","2020-03-31","SciFinder",,,"Name:UNIV KARLOVA PRAHA 1  CZ",,"2976"
"2020-04-01","2020-04-30","SciFinder",,,"Name:UNIV KARLOVA PRAHA 1  CZ",,"3476"
"2020-05-01","2020-05-31","SciFinder",,,"Name:UNIV KARLOVA PRAHA 1  CZ",,"3091"
"2020-06-01","2020-06-30","SciFinder",,,"Name:UNIV KARLOVA PRAHA 1  CZ",,"2676"
"2020-07-01","2020-07-31","SciFinder",,,"Name:UNIV KARLOVA PRAHA 1  CZ",,"2478"
"2020-08-01","2020-08-31","SciFinder",,,"Name:UNIV KARLOVA PRAHA 1  CZ",,"1850"
"2020-09-01","2020-09-30","SciFinder",,,"Name:UNIV KARLOVA PRAHA 1  CZ",,"1792"
"2020-10-01","2020-10-31","SciFinder",,,"Name:UNIV KARLOVA PRAHA 1  CZ",,"3515"
"2020-11-01","2020-11-30","SciFinder",,,"Name:UNIV KARLOVA PRAHA 1  CZ",,"4425"
"2020-12-01","2020-12-31","SciFinder",,,"Name:UNIV KARLOVA PRAHA 1  CZ",,"3713"
"2020-01-01","2020-01-31","SciFinder",,,"Name:UNIV OF PARDUBICE PARDUBICE  CZ",,"982"
"2020-02-01","2020-02-29","SciFinder",,,"Name:UNIV OF PARDUBICE PARDUBICE  CZ",,"1174"
"2020-03-01","2020-03-31","SciFinder",,,"Name:UNIV OF PARDUBICE PARDUBICE  CZ",,"823"
"2020-04-01","2020-04-30","SciFinder",,,"Name:UNIV OF PARDUBICE PARDUBICE  CZ",,"780"
"2020-05-01","2020-05-31","SciFinder",,,"Name:UNIV OF PARDUBICE PARDUBICE  CZ",,"1005"
"2020-06-01","2020-06-30","SciFinder",,,"Name:UNIV OF PARDUBICE PARDUBICE  CZ",,"1138"
"2020-07-01","2020-07-31","SciFinder",,,"Name:UNIV OF PARDUBICE PARDUBICE  CZ",,"938"
"2020-08-01","2020-08-31","SciFinder",,,"Name:UNIV OF PARDUBICE PARDUBICE  CZ",,"579"
"2020-09-01","2020-09-30","SciFinder",,,"Name:UNIV OF PARDUBICE PARDUBICE  CZ",,"937"
"2020-10-01","2020-10-31","SciFinder",,,"Name:UNIV OF PARDUBICE PARDUBICE  CZ",,"859"
"2020-11-01","2020-11-30","SciFinder",,,"Name:UNIV OF PARDUBICE PARDUBICE  CZ",,"893"
"2020-12-01","2020-12-31","SciFinder",,,"Name:UNIV OF PARDUBICE PARDUBICE  CZ",,"702"
"2020-01-01","2020-01-31","SciFinder",,,"Name:VETERINARNI A FARMACEUTICKA UNIV BRNO  CZ",,"764"
"2020-02-01","2020-02-29","SciFinder",,,"Name:VETERINARNI A FARMACEUTICKA UNIV BRNO  CZ",,"603"
"2020-03-01","2020-03-31","SciFinder",,,"Name:VETERINARNI A FARMACEUTICKA UNIV BRNO  CZ",,"609"
"2020-04-01","2020-04-30","SciFinder",,,"Name:VETERINARNI A FARMACEUTICKA UNIV BRNO  CZ",,"330"
"2020-05-01","2020-05-31","SciFinder",,,"Name:VETERINARNI A FARMACEUTICKA UNIV BRNO  CZ",,"184"
"2020-06-01","2020-06-30","SciFinder",,,"Name:VETERINARNI A FARMACEUTICKA UNIV BRNO  CZ",,"186"
"2020-07-01","2020-07-31","SciFinder",,,"Name:VETERINARNI A FARMACEUTICKA UNIV BRNO  CZ",,"258"
"2020-08-01","2020-08-31","SciFinder",,,"Name:VETERINARNI A FARMACEUTICKA UNIV BRNO  CZ",,"179"
"2020-09-01","2020-09-30","SciFinder",,,"Name:VETERINARNI A FARMACEUTICKA UNIV BRNO  CZ",,"195"
"2020-10-01","2020-10-31","SciFinder",,,"Name:VETERINARNI A FARMACEUTICKA UNIV BRNO  CZ",,"108"
"2020-11-01","2020-11-30","SciFinder",,,"Name:VETERINARNI A FARMACEUTICKA UNIV BRNO  CZ",,"309"
"2020-12-01","2020-12-31","SciFinder",,,"Name:VETERINARNI A FARMACEUTICKA UNIV BRNO  CZ",,"305"
"2020-01-01","2020-01-31","SciFinder",,,"Name:VYSOKE UCENI TECHNICKE V BRNE BRNO  CZ",,"327"
"2020-02-01","2020-02-29","SciFinder",,,"Name:VYSOKE UCENI TECHNICKE V BRNE BRNO  CZ",,"500"
"2020-03-01","2020-03-31","SciFinder",,,"Name:VYSOKE UCENI TECHNICKE V BRNE BRNO  CZ",,"503"
"2020-04-01","2020-04-30","SciFinder",,,"Name:VYSOKE UCENI TECHNICKE V BRNE BRNO  CZ",,"383"
"2020-05-01","2020-05-31","SciFinder",,,"Name:VYSOKE UCENI TECHNICKE V BRNE BRNO  CZ",,"418"
"2020-06-01","2020-06-30","SciFinder",,,"Name:VYSOKE UCENI TECHNICKE V BRNE BRNO  CZ",,"309"
"2020-07-01","2020-07-31","SciFinder",,,"Name:VYSOKE UCENI TECHNICKE V BRNE BRNO  CZ",,"247"
"2020-08-01","2020-08-31","SciFinder",,,"Name:VYSOKE UCENI TECHNICKE V BRNE BRNO  CZ",,"148"
"2020-09-01","2020-09-30","SciFinder",,,"Name:VYSOKE UCENI TECHNICKE V BRNE BRNO  CZ",,"170"
"2020-10-01","2020-10-31","SciFinder",,,"Name:VYSOKE UCENI TECHNICKE V BRNE BRNO  CZ",,"302"
"2020-11-01","2020-11-30","SciFinder",,,"Name:VYSOKE UCENI TECHNICKE V BRNE BRNO  CZ",,"327"
"2020-12-01","2020-12-31","SciFinder",,,"Name:VYSOKE UCENI TECHNICKE V BRNE BRNO  CZ",,"200"
"2020-01-01","2020-01-31","SciFinder",,,"Name:INST CHEMISTRY PROCESS FUNDAMENTALS PRAHA 6  CZ",,"218"
"2020-02-01","2020-02-29","SciFinder",,,"Name:INST CHEMISTRY PROCESS FUNDAMENTALS PRAHA 6  CZ",,"667"
"2020-03-01","2020-03-31","SciFinder",,,"Name:INST CHEMISTRY PROCESS FUNDAMENTALS PRAHA 6  CZ",,"492"
"2020-04-01","2020-04-30","SciFinder",,,"Name:INST CHEMISTRY PROCESS FUNDAMENTALS PRAHA 6  CZ",,"952"
"2020-05-01","2020-05-31","SciFinder",,,"Name:INST CHEMISTRY PROCESS FUNDAMENTALS PRAHA 6  CZ",,"388"
"2020-06-01","2020-06-30","SciFinder",,,"Name:INST CHEMISTRY PROCESS FUNDAMENTALS PRAHA 6  CZ",,"167"
"2020-07-01","2020-07-31","SciFinder",,,"Name:INST CHEMISTRY PROCESS FUNDAMENTALS PRAHA 6  CZ",,"95"
"2020-08-01","2020-08-31","SciFinder",,,"Name:INST CHEMISTRY PROCESS FUNDAMENTALS PRAHA 6  CZ",,"120"
"2020-09-01","2020-09-30","SciFinder",,,"Name:INST CHEMISTRY PROCESS FUNDAMENTALS PRAHA 6  CZ",,"68"
"2020-10-01","2020-10-31","SciFinder",,,"Name:INST CHEMISTRY PROCESS FUNDAMENTALS PRAHA 6  CZ",,"291"
"2020-11-01","2020-11-30","SciFinder",,,"Name:INST CHEMISTRY PROCESS FUNDAMENTALS PRAHA 6  CZ",,"106"
"2020-12-01","2020-12-31","SciFinder",,,"Name:INST CHEMISTRY PROCESS FUNDAMENTALS PRAHA 6  CZ",,"183"
"2020-01-01","2020-01-31","SciFinder",,,"Name:INST OF INORGANIC CHEMISTRY REZ  CZ",,"70"
"2020-02-01","2020-02-29","SciFinder",,,"Name:INST OF INORGANIC CHEMISTRY REZ  CZ",,"71"
"2020-03-01","2020-03-31","SciFinder",,,"Name:INST OF INORGANIC CHEMISTRY REZ  CZ",,"49"
"2020-04-01","2020-04-30","SciFinder",,,"Name:INST OF INORGANIC CHEMISTRY REZ  CZ",,"160"
"2020-05-01","2020-05-31","SciFinder",,,"Name:INST OF INORGANIC CHEMISTRY REZ  CZ",,"83"
"2020-06-01","2020-06-30","SciFinder",,,"Name:INST OF INORGANIC CHEMISTRY REZ  CZ",,"30"
"2020-07-01","2020-07-31","SciFinder",,,"Name:INST OF INORGANIC CHEMISTRY REZ  CZ",,"130"
"2020-08-01","2020-08-31","SciFinder",,,"Name:INST OF INORGANIC CHEMISTRY REZ  CZ",,"40"
"2020-09-01","2020-09-30","SciFinder",,,"Name:INST OF INORGANIC CHEMISTRY REZ  CZ",,"83"
"2020-10-01","2020-10-31","SciFinder",,,"Name:INST OF INORGANIC CHEMISTRY REZ  CZ",,"32"
"2020-11-01","2020-11-30","SciFinder",,,"Name:INST OF INORGANIC CHEMISTRY REZ  CZ",,"98"
"2020-12-01","2020-12-31","SciFinder",,,"Name:INST OF INORGANIC CHEMISTRY REZ  CZ",,"55"
"2020-01-01","2020-01-31","SciFinder",,,"Name:INST ORGANIC CHEMISTRY & BIOCHEM PRAGUE  CZ",,"2246"
"2020-02-01","2020-02-29","SciFinder",,,"Name:INST ORGANIC CHEMISTRY & BIOCHEM PRAGUE  CZ",,"1989"
"2020-03-01","2020-03-31","SciFinder",,,"Name:INST ORGANIC CHEMISTRY & BIOCHEM PRAGUE  CZ",,"2898"
"2020-04-01","2020-04-30","SciFinder",,,"Name:INST ORGANIC CHEMISTRY & BIOCHEM PRAGUE  CZ",,"4047"
"2020-05-01","2020-05-31","SciFinder",,,"Name:INST ORGANIC CHEMISTRY & BIOCHEM PRAGUE  CZ",,"3253"
"2020-06-01","2020-06-30","SciFinder",,,"Name:INST ORGANIC CHEMISTRY & BIOCHEM PRAGUE  CZ",,"2006"
"2020-07-01","2020-07-31","SciFinder",,,"Name:INST ORGANIC CHEMISTRY & BIOCHEM PRAGUE  CZ",,"1841"
"2020-08-01","2020-08-31","SciFinder",,,"Name:INST ORGANIC CHEMISTRY & BIOCHEM PRAGUE  CZ",,"1726"
"2020-09-01","2020-09-30","SciFinder",,,"Name:INST ORGANIC CHEMISTRY & BIOCHEM PRAGUE  CZ",,"1822"
"2020-10-01","2020-10-31","SciFinder",,,"Name:INST ORGANIC CHEMISTRY & BIOCHEM PRAGUE  CZ",,"2322"
"2020-11-01","2020-11-30","SciFinder",,,"Name:INST ORGANIC CHEMISTRY & BIOCHEM PRAGUE  CZ",,"2786"
"2020-12-01","2020-12-31","SciFinder",,,"Name:INST ORGANIC CHEMISTRY & BIOCHEM PRAGUE  CZ",,"1247"
"2020-01-01","2020-01-31","SciFinder",,,"Name:J HEYROVSKY INST PHYSICAL CHEMISTRY PRAHA 8  CZ",,"329"
"2020-02-01","2020-02-29","SciFinder",,,"Name:J HEYROVSKY INST PHYSICAL CHEMISTRY PRAHA 8  CZ",,"357"
"2020-03-01","2020-03-31","SciFinder",,,"Name:J HEYROVSKY INST PHYSICAL CHEMISTRY PRAHA 8  CZ",,"221"
"2020-04-01","2020-04-30","SciFinder",,,"Name:J HEYROVSKY INST PHYSICAL CHEMISTRY PRAHA 8  CZ",,"268"
"2020-05-01","2020-05-31","SciFinder",,,"Name:J HEYROVSKY INST PHYSICAL CHEMISTRY PRAHA 8  CZ",,"126"
"2020-06-01","2020-06-30","SciFinder",,,"Name:J HEYROVSKY INST PHYSICAL CHEMISTRY PRAHA 8  CZ",,"320"
"2020-07-01","2020-07-31","SciFinder",,,"Name:J HEYROVSKY INST PHYSICAL CHEMISTRY PRAHA 8  CZ",,"164"
"2020-08-01","2020-08-31","SciFinder",,,"Name:J HEYROVSKY INST PHYSICAL CHEMISTRY PRAHA 8  CZ",,"125"
"2020-09-01","2020-09-30","SciFinder",,,"Name:J HEYROVSKY INST PHYSICAL CHEMISTRY PRAHA 8  CZ",,"234"
"2020-10-01","2020-10-31","SciFinder",,,"Name:J HEYROVSKY INST PHYSICAL CHEMISTRY PRAHA 8  CZ",,"340"
"2020-11-01","2020-11-30","SciFinder",,,"Name:J HEYROVSKY INST PHYSICAL CHEMISTRY PRAHA 8  CZ",,"218"
"2020-12-01","2020-12-31","SciFinder",,,"Name:J HEYROVSKY INST PHYSICAL CHEMISTRY PRAHA 8  CZ",,"162"
"2020-01-01","2020-01-31","SciFinder_n",,,"Name:JAN EVANGELISTA PURKYNE UNIV UST NAD LABEM  CZ",,"0"
"2020-02-01","2020-02-29","SciFinder_n",,,"Name:JAN EVANGELISTA PURKYNE UNIV UST NAD LABEM  CZ",,"0"
"2020-03-01","2020-03-31","SciFinder_n",,,"Name:JAN EVANGELISTA PURKYNE UNIV UST NAD LABEM  CZ",,"0"
"2020-04-01","2020-04-30","SciFinder_n",,,"Name:JAN EVANGELISTA PURKYNE UNIV UST NAD LABEM  CZ",,"0"
"2020-05-01","2020-05-31","SciFinder_n",,,"Name:JAN EVANGELISTA PURKYNE UNIV UST NAD LABEM  CZ",,"0"
"2020-06-01","2020-06-30","SciFinder_n",,,"Name:JAN EVANGELISTA PURKYNE UNIV UST NAD LABEM  CZ",,"0"
"2020-07-01","2020-07-31","SciFinder_n",,,"Name:JAN EVANGELISTA PURKYNE UNIV UST NAD LABEM  CZ",,"0"
"2020-08-01","2020-08-31","SciFinder_n",,,"Name:JAN EVANGELISTA PURKYNE UNIV UST NAD LABEM  CZ",,"0"
"2020-09-01","2020-09-30","SciFinder_n",,,"Name:JAN EVANGELISTA PURKYNE UNIV UST NAD LABEM  CZ",,"0"
"2020-10-01","2020-10-31","SciFinder_n",,,"Name:JAN EVANGELISTA PURKYNE UNIV UST NAD LABEM  CZ",,"0"
"2020-11-01","2020-11-30","SciFinder_n",,,"Name:JAN EVANGELISTA PURKYNE UNIV UST NAD LABEM  CZ",,"0"
"2020-12-01","2020-12-31","SciFinder_n",,,"Name:JAN EVANGELISTA PURKYNE UNIV UST NAD LABEM  CZ",,"7"
"2020-01-01","2020-01-31","SciFinder_n",,,"Name:MASARYK UNIV BRNO BRNO  CZ",,"0"
"2020-02-01","2020-02-29","SciFinder_n",,,"Name:MASARYK UNIV BRNO BRNO  CZ",,"0"
"2020-03-01","2020-03-31","SciFinder_n",,,"Name:MASARYK UNIV BRNO BRNO  CZ",,"0"
"2020-04-01","2020-04-30","SciFinder_n",,,"Name:MASARYK UNIV BRNO BRNO  CZ",,"0"
"2020-05-01","2020-05-31","SciFinder_n",,,"Name:MASARYK UNIV BRNO BRNO  CZ",,"0"
"2020-06-01","2020-06-30","SciFinder_n",,,"Name:MASARYK UNIV BRNO BRNO  CZ",,"0"
"2020-07-01","2020-07-31","SciFinder_n",,,"Name:MASARYK UNIV BRNO BRNO  CZ",,"0"
"2020-08-01","2020-08-31","SciFinder_n",,,"Name:MASARYK UNIV BRNO BRNO  CZ",,"0"
"2020-09-01","2020-09-30","SciFinder_n",,,"Name:MASARYK UNIV BRNO BRNO  CZ",,"0"
"2020-10-01","2020-10-31","SciFinder_n",,,"Name:MASARYK UNIV BRNO BRNO  CZ",,"0"
"2020-11-01","2020-11-30","SciFinder_n",,,"Name:MASARYK UNIV BRNO BRNO  CZ",,"0"
"2020-12-01","2020-12-31","SciFinder_n",,,"Name:MASARYK UNIV BRNO BRNO  CZ",,"36"
"2020-01-01","2020-01-31","SciFinder_n",,,"Name:PALACKY UNIV OLOMOUC  CZ",,"0"
"2020-02-01","2020-02-29","SciFinder_n",,,"Name:PALACKY UNIV OLOMOUC  CZ",,"0"
"2020-03-01","2020-03-31","SciFinder_n",,,"Name:PALACKY UNIV OLOMOUC  CZ",,"0"
"2020-04-01","2020-04-30","SciFinder_n",,,"Name:PALACKY UNIV OLOMOUC  CZ",,"0"
"2020-05-01","2020-05-31","SciFinder_n",,,"Name:PALACKY UNIV OLOMOUC  CZ",,"0"
"2020-06-01","2020-06-30","SciFinder_n",,,"Name:PALACKY UNIV OLOMOUC  CZ",,"0"
"2020-07-01","2020-07-31","SciFinder_n",,,"Name:PALACKY UNIV OLOMOUC  CZ",,"0"
"2020-08-01","2020-08-31","SciFinder_n",,,"Name:PALACKY UNIV OLOMOUC  CZ",,"0"
"2020-09-01","2020-09-30","SciFinder_n",,,"Name:PALACKY UNIV OLOMOUC  CZ",,"0"
"2020-10-01","2020-10-31","SciFinder_n",,,"Name:PALACKY UNIV OLOMOUC  CZ",,"0"
"2020-11-01","2020-11-30","SciFinder_n",,,"Name:PALACKY UNIV OLOMOUC  CZ",,"0"
"2020-12-01","2020-12-31","SciFinder_n",,,"Name:PALACKY UNIV OLOMOUC  CZ",,"118"
"2020-01-01","2020-01-31","SciFinder_n",,,"Name:TECHNICKA UNIV OSTRAVA OSTRAVA  CZ",,"0"
"2020-02-01","2020-02-29","SciFinder_n",,,"Name:TECHNICKA UNIV OSTRAVA OSTRAVA  CZ",,"0"
"2020-03-01","2020-03-31","SciFinder_n",,,"Name:TECHNICKA UNIV OSTRAVA OSTRAVA  CZ",,"0"
"2020-04-01","2020-04-30","SciFinder_n",,,"Name:TECHNICKA UNIV OSTRAVA OSTRAVA  CZ",,"0"
"2020-05-01","2020-05-31","SciFinder_n",,,"Name:TECHNICKA UNIV OSTRAVA OSTRAVA  CZ",,"0"
"2020-06-01","2020-06-30","SciFinder_n",,,"Name:TECHNICKA UNIV OSTRAVA OSTRAVA  CZ",,"0"
"2020-07-01","2020-07-31","SciFinder_n",,,"Name:TECHNICKA UNIV OSTRAVA OSTRAVA  CZ",,"0"
"2020-08-01","2020-08-31","SciFinder_n",,,"Name:TECHNICKA UNIV OSTRAVA OSTRAVA  CZ",,"0"
"2020-09-01","2020-09-30","SciFinder_n",,,"Name:TECHNICKA UNIV OSTRAVA OSTRAVA  CZ",,"0"
"2020-10-01","2020-10-31","SciFinder_n",,,"Name:TECHNICKA UNIV OSTRAVA OSTRAVA  CZ",,"0"
"2020-11-01","2020-11-30","SciFinder_n",,,"Name:TECHNICKA UNIV OSTRAVA OSTRAVA  CZ",,"0"
"2020-12-01","2020-12-31","SciFinder_n",,,"Name:TECHNICKA UNIV OSTRAVA OSTRAVA  CZ",,"0"
"2020-01-01","2020-01-31","SciFinder_n",,,"Name:TOMAS BATA UNIV IN ZLIN ZLIN  CZ",,"0"
"2020-02-01","2020-02-29","SciFinder_n",,,"Name:TOMAS BATA UNIV IN ZLIN ZLIN  CZ",,"0"
"2020-03-01","2020-03-31","SciFinder_n",,,"Name:TOMAS BATA UNIV IN ZLIN ZLIN  CZ",,"0"
"2020-04-01","2020-04-30","SciFinder_n",,,"Name:TOMAS BATA UNIV IN ZLIN ZLIN  CZ",,"0"
"2020-05-01","2020-05-31","SciFinder_n",,,"Name:TOMAS BATA UNIV IN ZLIN ZLIN  CZ",,"0"
"2020-06-01","2020-06-30","SciFinder_n",,,"Name:TOMAS BATA UNIV IN ZLIN ZLIN  CZ",,"0"
"2020-07-01","2020-07-31","SciFinder_n",,,"Name:TOMAS BATA UNIV IN ZLIN ZLIN  CZ",,"0"
"2020-08-01","2020-08-31","SciFinder_n",,,"Name:TOMAS BATA UNIV IN ZLIN ZLIN  CZ",,"0"
"2020-09-01","2020-09-30","SciFinder_n",,,"Name:TOMAS BATA UNIV IN ZLIN ZLIN  CZ",,"0"
"2020-10-01","2020-10-31","SciFinder_n",,,"Name:TOMAS BATA UNIV IN ZLIN ZLIN  CZ",,"0"
"2020-11-01","2020-11-30","SciFinder_n",,,"Name:TOMAS BATA UNIV IN ZLIN ZLIN  CZ",,"0"
"2020-12-01","2020-12-31","SciFinder_n",,,"Name:TOMAS BATA UNIV IN ZLIN ZLIN  CZ",,"0"
"2020-01-01","2020-01-31","SciFinder_n",,,"Name:UNIV CHEMISTRY & TECHNOLOGY PRAGUE PRAHA 6  CZ",,"616"
"2020-02-01","2020-02-29","SciFinder_n",,,"Name:UNIV CHEMISTRY & TECHNOLOGY PRAGUE PRAHA 6  CZ",,"860"
"2020-03-01","2020-03-31","SciFinder_n",,,"Name:UNIV CHEMISTRY & TECHNOLOGY PRAGUE PRAHA 6  CZ",,"1659"
"2020-04-01","2020-04-30","SciFinder_n",,,"Name:UNIV CHEMISTRY & TECHNOLOGY PRAGUE PRAHA 6  CZ",,"1546"
"2020-05-01","2020-05-31","SciFinder_n",,,"Name:UNIV CHEMISTRY & TECHNOLOGY PRAGUE PRAHA 6  CZ",,"1437"
"2020-06-01","2020-06-30","SciFinder_n",,,"Name:UNIV CHEMISTRY & TECHNOLOGY PRAGUE PRAHA 6  CZ",,"785"
"2020-07-01","2020-07-31","SciFinder_n",,,"Name:UNIV CHEMISTRY & TECHNOLOGY PRAGUE PRAHA 6  CZ",,"2586"
"2020-08-01","2020-08-31","SciFinder_n",,,"Name:UNIV CHEMISTRY & TECHNOLOGY PRAGUE PRAHA 6  CZ",,"3389"
"2020-09-01","2020-09-30","SciFinder_n",,,"Name:UNIV CHEMISTRY & TECHNOLOGY PRAGUE PRAHA 6  CZ",,"709"
"2020-10-01","2020-10-31","SciFinder_n",,,"Name:UNIV CHEMISTRY & TECHNOLOGY PRAGUE PRAHA 6  CZ",,"1222"
"2020-11-01","2020-11-30","SciFinder_n",,,"Name:UNIV CHEMISTRY & TECHNOLOGY PRAGUE PRAHA 6  CZ",,"2408"
"2020-12-01","2020-12-31","SciFinder_n",,,"Name:UNIV CHEMISTRY & TECHNOLOGY PRAGUE PRAHA 6  CZ",,"2087"
"2020-01-01","2020-01-31","SciFinder_n",,,"Name:UNIV KARLOVA PRAHA 1  CZ",,"92"
"2020-02-01","2020-02-29","SciFinder_n",,,"Name:UNIV KARLOVA PRAHA 1  CZ",,"121"
"2020-03-01","2020-03-31","SciFinder_n",,,"Name:UNIV KARLOVA PRAHA 1  CZ",,"421"
"2020-04-01","2020-04-30","SciFinder_n",,,"Name:UNIV KARLOVA PRAHA 1  CZ",,"1240"
"2020-05-01","2020-05-31","SciFinder_n",,,"Name:UNIV KARLOVA PRAHA 1  CZ",,"445"
"2020-06-01","2020-06-30","SciFinder_n",,,"Name:UNIV KARLOVA PRAHA 1  CZ",,"720"
"2020-07-01","2020-07-31","SciFinder_n",,,"Name:UNIV KARLOVA PRAHA 1  CZ",,"378"
"2020-08-01","2020-08-31","SciFinder_n",,,"Name:UNIV KARLOVA PRAHA 1  CZ",,"273"
"2020-09-01","2020-09-30","SciFinder_n",,,"Name:UNIV KARLOVA PRAHA 1  CZ",,"253"
"2020-10-01","2020-10-31","SciFinder_n",,,"Name:UNIV KARLOVA PRAHA 1  CZ",,"1041"
"2020-11-01","2020-11-30","SciFinder_n",,,"Name:UNIV KARLOVA PRAHA 1  CZ",,"2224"
"2020-12-01","2020-12-31","SciFinder_n",,,"Name:UNIV KARLOVA PRAHA 1  CZ",,"1397"
"2020-01-01","2020-01-31","SciFinder_n",,,"Name:UNIV OF PARDUBICE PARDUBICE  CZ",,"0"
"2020-02-01","2020-02-29","SciFinder_n",,,"Name:UNIV OF PARDUBICE PARDUBICE  CZ",,"0"
"2020-03-01","2020-03-31","SciFinder_n",,,"Name:UNIV OF PARDUBICE PARDUBICE  CZ",,"0"
"2020-04-01","2020-04-30","SciFinder_n",,,"Name:UNIV OF PARDUBICE PARDUBICE  CZ",,"0"
"2020-05-01","2020-05-31","SciFinder_n",,,"Name:UNIV OF PARDUBICE PARDUBICE  CZ",,"0"
"2020-06-01","2020-06-30","SciFinder_n",,,"Name:UNIV OF PARDUBICE PARDUBICE  CZ",,"0"
"2020-07-01","2020-07-31","SciFinder_n",,,"Name:UNIV OF PARDUBICE PARDUBICE  CZ",,"0"
"2020-08-01","2020-08-31","SciFinder_n",,,"Name:UNIV OF PARDUBICE PARDUBICE  CZ",,"0"
"2020-09-01","2020-09-30","SciFinder_n",,,"Name:UNIV OF PARDUBICE PARDUBICE  CZ",,"0"
"2020-10-01","2020-10-31","SciFinder_n",,,"Name:UNIV OF PARDUBICE PARDUBICE  CZ",,"0"
"2020-11-01","2020-11-30","SciFinder_n",,,"Name:UNIV OF PARDUBICE PARDUBICE  CZ",,"0"
"2020-12-01","2020-12-31","SciFinder_n",,,"Name:UNIV OF PARDUBICE PARDUBICE  CZ",,"150"
"2020-01-01","2020-01-31","SciFinder_n",,,"Name:VETERINARNI A FARMACEUTICKA UNIV BRNO  CZ",,"0"
"2020-02-01","2020-02-29","SciFinder_n",,,"Name:VETERINARNI A FARMACEUTICKA UNIV BRNO  CZ",,"0"
"2020-03-01","2020-03-31","SciFinder_n",,,"Name:VETERINARNI A FARMACEUTICKA UNIV BRNO  CZ",,"0"
"2020-04-01","2020-04-30","SciFinder_n",,,"Name:VETERINARNI A FARMACEUTICKA UNIV BRNO  CZ",,"0"
"2020-05-01","2020-05-31","SciFinder_n",,,"Name:VETERINARNI A FARMACEUTICKA UNIV BRNO  CZ",,"0"
"2020-06-01","2020-06-30","SciFinder_n",,,"Name:VETERINARNI A FARMACEUTICKA UNIV BRNO  CZ",,"0"
"2020-07-01","2020-07-31","SciFinder_n",,,"Name:VETERINARNI A FARMACEUTICKA UNIV BRNO  CZ",,"0"
"2020-08-01","2020-08-31","SciFinder_n",,,"Name:VETERINARNI A FARMACEUTICKA UNIV BRNO  CZ",,"0"
"2020-09-01","2020-09-30","SciFinder_n",,,"Name:VETERINARNI A FARMACEUTICKA UNIV BRNO  CZ",,"0"
"2020-10-01","2020-10-31","SciFinder_n",,,"Name:VETERINARNI A FARMACEUTICKA UNIV BRNO  CZ",,"0"
"2020-11-01","2020-11-30","SciFinder_n",,,"Name:VETERINARNI A FARMACEUTICKA UNIV BRNO  CZ",,"0"
"2020-12-01","2020-12-31","SciFinder_n",,,"Name:VETERINARNI A FARMACEUTICKA UNIV BRNO  CZ",,"0"
"2020-01-01","2020-01-31","SciFinder_n",,,"Name:VYSOKE UCENI TECHNICKE V BRNE BRNO  CZ",,"0"
"2020-02-01","2020-02-29","SciFinder_n",,,"Name:VYSOKE UCENI TECHNICKE V BRNE BRNO  CZ",,"0"
"2020-03-01","2020-03-31","SciFinder_n",,,"Name:VYSOKE UCENI TECHNICKE V BRNE BRNO  CZ",,"0"
"2020-04-01","2020-04-30","SciFinder_n",,,"Name:VYSOKE UCENI TECHNICKE V BRNE BRNO  CZ",,"0"
"2020-05-01","2020-05-31","SciFinder_n",,,"Name:VYSOKE UCENI TECHNICKE V BRNE BRNO  CZ",,"0"
"2020-06-01","2020-06-30","SciFinder_n",,,"Name:VYSOKE UCENI TECHNICKE V BRNE BRNO  CZ",,"0"
"2020-07-01","2020-07-31","SciFinder_n",,,"Name:VYSOKE UCENI TECHNICKE V BRNE BRNO  CZ",,"0"
"2020-08-01","2020-08-31","SciFinder_n",,,"Name:VYSOKE UCENI TECHNICKE V BRNE BRNO  CZ",,"0"
"2020-09-01","2020-09-30","SciFinder_n",,,"Name:VYSOKE UCENI TECHNICKE V BRNE BRNO  CZ",,"0"
"2020-10-01","2020-10-31","SciFinder_n",,,"Name:VYSOKE UCENI TECHNICKE V BRNE BRNO  CZ",,"0"
"2020-11-01","2020-11-30","SciFinder_n",,,"Name:VYSOKE UCENI TECHNICKE V BRNE BRNO  CZ",,"0"
"2020-12-01","2020-12-31","SciFinder_n",,,"Name:VYSOKE UCENI TECHNICKE V BRNE BRNO  CZ",,"1"
"2020-01-01","2020-01-31","SciFinder_n",,,"Name:INST CHEMISTRY PROCESS FUNDAMENTALS PRAHA 6  CZ",,"0"
"2020-02-01","2020-02-29","SciFinder_n",,,"Name:INST CHEMISTRY PROCESS FUNDAMENTALS PRAHA 6  CZ",,"0"
"2020-03-01","2020-03-31","SciFinder_n",,,"Name:INST CHEMISTRY PROCESS FUNDAMENTALS PRAHA 6  CZ",,"0"
"2020-04-01","2020-04-30","SciFinder_n",,,"Name:INST CHEMISTRY PROCESS FUNDAMENTALS PRAHA 6  CZ",,"0"
"2020-05-01","2020-05-31","SciFinder_n",,,"Name:INST CHEMISTRY PROCESS FUNDAMENTALS PRAHA 6  CZ",,"0"
"2020-06-01","2020-06-30","SciFinder_n",,,"Name:INST CHEMISTRY PROCESS FUNDAMENTALS PRAHA 6  CZ",,"0"
"2020-07-01","2020-07-31","SciFinder_n",,,"Name:INST CHEMISTRY PROCESS FUNDAMENTALS PRAHA 6  CZ",,"0"
"2020-08-01","2020-08-31","SciFinder_n",,,"Name:INST CHEMISTRY PROCESS FUNDAMENTALS PRAHA 6  CZ",,"0"
"2020-09-01","2020-09-30","SciFinder_n",,,"Name:INST CHEMISTRY PROCESS FUNDAMENTALS PRAHA 6  CZ",,"0"
"2020-10-01","2020-10-31","SciFinder_n",,,"Name:INST CHEMISTRY PROCESS FUNDAMENTALS PRAHA 6  CZ",,"0"
"2020-11-01","2020-11-30","SciFinder_n",,,"Name:INST CHEMISTRY PROCESS FUNDAMENTALS PRAHA 6  CZ",,"0"
"2020-12-01","2020-12-31","SciFinder_n",,,"Name:INST CHEMISTRY PROCESS FUNDAMENTALS PRAHA 6  CZ",,"55"
"2020-01-01","2020-01-31","SciFinder_n",,,"Name:INST OF INORGANIC CHEMISTRY REZ  CZ",,"0"
"2020-02-01","2020-02-29","SciFinder_n",,,"Name:INST OF INORGANIC CHEMISTRY REZ  CZ",,"0"
"2020-03-01","2020-03-31","SciFinder_n",,,"Name:INST OF INORGANIC CHEMISTRY REZ  CZ",,"0"
"2020-04-01","2020-04-30","SciFinder_n",,,"Name:INST OF INORGANIC CHEMISTRY REZ  CZ",,"0"
"2020-05-01","2020-05-31","SciFinder_n",,,"Name:INST OF INORGANIC CHEMISTRY REZ  CZ",,"0"
"2020-06-01","2020-06-30","SciFinder_n",,,"Name:INST OF INORGANIC CHEMISTRY REZ  CZ",,"0"
"2020-07-01","2020-07-31","SciFinder_n",,,"Name:INST OF INORGANIC CHEMISTRY REZ  CZ",,"0"
"2020-08-01","2020-08-31","SciFinder_n",,,"Name:INST OF INORGANIC CHEMISTRY REZ  CZ",,"0"
"2020-09-01","2020-09-30","SciFinder_n",,,"Name:INST OF INORGANIC CHEMISTRY REZ  CZ",,"0"
"2020-10-01","2020-10-31","SciFinder_n",,,"Name:INST OF INORGANIC CHEMISTRY REZ  CZ",,"0"
"2020-11-01","2020-11-30","SciFinder_n",,,"Name:INST OF INORGANIC CHEMISTRY REZ  CZ",,"0"
"2020-12-01","2020-12-31","SciFinder_n",,,"Name:INST OF INORGANIC CHEMISTRY REZ  CZ",,"0"
"2020-01-01","2020-01-31","SciFinder_n",,,"Name:INST ORGANIC CHEMISTRY & BIOCHEM PRAGUE  CZ",,"0"
"2020-02-01","2020-02-29","SciFinder_n",,,"Name:INST ORGANIC CHEMISTRY & BIOCHEM PRAGUE  CZ",,"0"
"2020-03-01","2020-03-31","SciFinder_n",,,"Name:INST ORGANIC CHEMISTRY & BIOCHEM PRAGUE  CZ",,"0"
"2020-04-01","2020-04-30","SciFinder_n",,,"Name:INST ORGANIC CHEMISTRY & BIOCHEM PRAGUE  CZ",,"0"
"2020-05-01","2020-05-31","SciFinder_n",,,"Name:INST ORGANIC CHEMISTRY & BIOCHEM PRAGUE  CZ",,"0"
"2020-06-01","2020-06-30","SciFinder_n",,,"Name:INST ORGANIC CHEMISTRY & BIOCHEM PRAGUE  CZ",,"0"
"2020-07-01","2020-07-31","SciFinder_n",,,"Name:INST ORGANIC CHEMISTRY & BIOCHEM PRAGUE  CZ",,"0"
"2020-08-01","2020-08-31","SciFinder_n",,,"Name:INST ORGANIC CHEMISTRY & BIOCHEM PRAGUE  CZ",,"0"
"2020-09-01","2020-09-30","SciFinder_n",,,"Name:INST ORGANIC CHEMISTRY & BIOCHEM PRAGUE  CZ",,"0"
"2020-10-01","2020-10-31","SciFinder_n",,,"Name:INST ORGANIC CHEMISTRY & BIOCHEM PRAGUE  CZ",,"0"
"2020-11-01","2020-11-30","SciFinder_n",,,"Name:INST ORGANIC CHEMISTRY & BIOCHEM PRAGUE  CZ",,"0"
"2020-12-01","2020-12-31","SciFinder_n",,,"Name:INST ORGANIC CHEMISTRY & BIOCHEM PRAGUE  CZ",,"4"
"2020-01-01","2020-01-31","SciFinder_n",,,"Name:J HEYROVSKY INST PHYSICAL CHEMISTRY PRAHA 8  CZ",,"0"
"2020-02-01","2020-02-29","SciFinder_n",,,"Name:J HEYROVSKY INST PHYSICAL CHEMISTRY PRAHA 8  CZ",,"0"
"2020-03-01","2020-03-31","SciFinder_n",,,"Name:J HEYROVSKY INST PHYSICAL CHEMISTRY PRAHA 8  CZ",,"0"
"2020-04-01","2020-04-30","SciFinder_n",,,"Name:J HEYROVSKY INST PHYSICAL CHEMISTRY PRAHA 8  CZ",,"0"
"2020-05-01","2020-05-31","SciFinder_n",,,"Name:J HEYROVSKY INST PHYSICAL CHEMISTRY PRAHA 8  CZ",,"0"
"2020-06-01","2020-06-30","SciFinder_n",,,"Name:J HEYROVSKY INST PHYSICAL CHEMISTRY PRAHA 8  CZ",,"0"
"2020-07-01","2020-07-31","SciFinder_n",,,"Name:J HEYROVSKY INST PHYSICAL CHEMISTRY PRAHA 8  CZ",,"0"
"2020-08-01","2020-08-31","SciFinder_n",,,"Name:J HEYROVSKY INST PHYSICAL CHEMISTRY PRAHA 8  CZ",,"0"
"2020-09-01","2020-09-30","SciFinder_n",,,"Name:J HEYROVSKY INST PHYSICAL CHEMISTRY PRAHA 8  CZ",,"0"
"2020-10-01","2020-10-31","SciFinder_n",,,"Name:J HEYROVSKY INST PHYSICAL CHEMISTRY PRAHA 8  CZ",,"0"
"2020-11-01","2020-11-30","SciFinder_n",,,"Name:J HEYROVSKY INST PHYSICAL CHEMISTRY PRAHA 8  CZ",,"0"
"2020-12-01","2020-12-31","SciFinder_n",,,"Name:J HEYROVSKY INST PHYSICAL CHEMISTRY PRAHA 8  CZ",,"0"
