"2020-01-01","2020-01-31","SciFinder",,,"Name:JAN EVANGELISTA PURKYNE UNIV",,"336"
"2020-02-01","2020-02-29","SciFinder",,,"Name:JAN EVANGELISTA PURKYNE UNIV",,"90"
"2020-03-01","2020-03-31","SciFinder",,,"Name:JAN EVANGELISTA PURKYNE UNIV",,"9"
"2020-04-01","2020-04-30","SciFinder",,,"Name:JAN EVANGELISTA PURKYNE UNIV",,"28"
"2020-05-01","2020-05-31","SciFinder",,,"Name:JAN EVANGELISTA PURKYNE UNIV",,"30"
"2020-06-01","2020-06-30","SciFinder",,,"Name:JAN EVANGELISTA PURKYNE UNIV",,"39"
"2020-07-01","2020-07-31","SciFinder",,,"Name:JAN EVANGELISTA PURKYNE UNIV",,"31"
"2020-08-01","2020-08-31","SciFinder",,,"Name:JAN EVANGELISTA PURKYNE UNIV",,"5"
"2020-09-01","2020-09-30","SciFinder",,,"Name:JAN EVANGELISTA PURKYNE UNIV",,"11"
"2020-10-01","2020-10-31","SciFinder",,,"Name:JAN EVANGELISTA PURKYNE UNIV",,"27"
"2020-11-01","2020-11-30","SciFinder",,,"Name:JAN EVANGELISTA PURKYNE UNIV",,"113"
"2020-12-01","2020-12-31","SciFinder",,,"Name:JAN EVANGELISTA PURKYNE UNIV",,"786"
"2020-01-01","2020-01-31","SciFinder",,,"Name:MASARYK UNIV BRNO",,"4002"
"2020-02-01","2020-02-29","SciFinder",,,"Name:MASARYK UNIV BRNO",,"1701"
"2020-03-01","2020-03-31","SciFinder",,,"Name:MASARYK UNIV BRNO",,"1408"
"2020-04-01","2020-04-30","SciFinder",,,"Name:MASARYK UNIV BRNO",,"2262"
"2020-05-01","2020-05-31","SciFinder",,,"Name:MASARYK UNIV BRNO",,"1345"
"2020-06-01","2020-06-30","SciFinder",,,"Name:MASARYK UNIV BRNO",,"2107"
"2020-07-01","2020-07-31","SciFinder",,,"Name:MASARYK UNIV BRNO",,"1525"
"2020-08-01","2020-08-31","SciFinder",,,"Name:MASARYK UNIV BRNO",,"1341"
"2020-09-01","2020-09-30","SciFinder",,,"Name:MASARYK UNIV BRNO",,"1281"
"2020-10-01","2020-10-31","SciFinder",,,"Name:MASARYK UNIV BRNO",,"1784"
"2020-11-01","2020-11-30","SciFinder",,,"Name:MASARYK UNIV BRNO",,"2301"
"2020-12-01","2020-12-31","SciFinder",,,"Name:MASARYK UNIV BRNO",,"1559"
"2020-01-01","2020-01-31","SciFinder",,,"Name:PALACKY UNIV",,"2701"
"2020-02-01","2020-02-29","SciFinder",,,"Name:PALACKY UNIV",,"2849"
"2020-03-01","2020-03-31","SciFinder",,,"Name:PALACKY UNIV",,"2679"
"2020-04-01","2020-04-30","SciFinder",,,"Name:PALACKY UNIV",,"2818"
"2020-05-01","2020-05-31","SciFinder",,,"Name:PALACKY UNIV",,"2239"
"2020-06-01","2020-06-30","SciFinder",,,"Name:PALACKY UNIV",,"3063"
"2020-07-01","2020-07-31","SciFinder",,,"Name:PALACKY UNIV",,"2418"
"2020-08-01","2020-08-31","SciFinder",,,"Name:PALACKY UNIV",,"2364"
"2020-09-01","2020-09-30","SciFinder",,,"Name:PALACKY UNIV",,"2128"
"2020-10-01","2020-10-31","SciFinder",,,"Name:PALACKY UNIV",,"2533"
"2020-11-01","2020-11-30","SciFinder",,,"Name:PALACKY UNIV",,"2739"
"2020-12-01","2020-12-31","SciFinder",,,"Name:PALACKY UNIV",,"1900"
"2020-01-01","2020-01-31","SciFinder",,,"Name:TECHNICKA UNIV OSTRAVA",,"51"
"2020-02-01","2020-02-29","SciFinder",,,"Name:TECHNICKA UNIV OSTRAVA",,"56"
"2020-03-01","2020-03-31","SciFinder",,,"Name:TECHNICKA UNIV OSTRAVA",,"34"
"2020-04-01","2020-04-30","SciFinder",,,"Name:TECHNICKA UNIV OSTRAVA",,"70"
"2020-05-01","2020-05-31","SciFinder",,,"Name:TECHNICKA UNIV OSTRAVA",,"100"
"2020-06-01","2020-06-30","SciFinder",,,"Name:TECHNICKA UNIV OSTRAVA",,"72"
"2020-07-01","2020-07-31","SciFinder",,,"Name:TECHNICKA UNIV OSTRAVA",,"51"
"2020-08-01","2020-08-31","SciFinder",,,"Name:TECHNICKA UNIV OSTRAVA",,"29"
"2020-09-01","2020-09-30","SciFinder",,,"Name:TECHNICKA UNIV OSTRAVA",,"62"
"2020-10-01","2020-10-31","SciFinder",,,"Name:TECHNICKA UNIV OSTRAVA",,"92"
"2020-11-01","2020-11-30","SciFinder",,,"Name:TECHNICKA UNIV OSTRAVA",,"32"
"2020-12-01","2020-12-31","SciFinder",,,"Name:TECHNICKA UNIV OSTRAVA",,"3"
"2020-01-01","2020-01-31","SciFinder",,,"Name:TOMAS BATA UNIV IN ZLIN",,"128"
"2020-02-01","2020-02-29","SciFinder",,,"Name:TOMAS BATA UNIV IN ZLIN",,"104"
"2020-03-01","2020-03-31","SciFinder",,,"Name:TOMAS BATA UNIV IN ZLIN",,"83"
"2020-04-01","2020-04-30","SciFinder",,,"Name:TOMAS BATA UNIV IN ZLIN",,"117"
"2020-05-01","2020-05-31","SciFinder",,,"Name:TOMAS BATA UNIV IN ZLIN",,"168"
"2020-06-01","2020-06-30","SciFinder",,,"Name:TOMAS BATA UNIV IN ZLIN",,"63"
"2020-07-01","2020-07-31","SciFinder",,,"Name:TOMAS BATA UNIV IN ZLIN",,"131"
"2020-08-01","2020-08-31","SciFinder",,,"Name:TOMAS BATA UNIV IN ZLIN",,"155"
"2020-09-01","2020-09-30","SciFinder",,,"Name:TOMAS BATA UNIV IN ZLIN",,"176"
"2020-10-01","2020-10-31","SciFinder",,,"Name:TOMAS BATA UNIV IN ZLIN",,"65"
"2020-11-01","2020-11-30","SciFinder",,,"Name:TOMAS BATA UNIV IN ZLIN",,"44"
"2020-12-01","2020-12-31","SciFinder",,,"Name:TOMAS BATA UNIV IN ZLIN",,"107"
"2020-01-01","2020-01-31","SciFinder",,,"Name:UNIV CHEMISTRY & TECHNOLOGY PRAGUE",,"4074"
"2020-02-01","2020-02-29","SciFinder",,,"Name:UNIV CHEMISTRY & TECHNOLOGY PRAGUE",,"3702"
"2020-03-01","2020-03-31","SciFinder",,,"Name:UNIV CHEMISTRY & TECHNOLOGY PRAGUE",,"5443"
"2020-04-01","2020-04-30","SciFinder",,,"Name:UNIV CHEMISTRY & TECHNOLOGY PRAGUE",,"6987"
"2020-05-01","2020-05-31","SciFinder",,,"Name:UNIV CHEMISTRY & TECHNOLOGY PRAGUE",,"4362"
"2020-06-01","2020-06-30","SciFinder",,,"Name:UNIV CHEMISTRY & TECHNOLOGY PRAGUE",,"2675"
"2020-07-01","2020-07-31","SciFinder",,,"Name:UNIV CHEMISTRY & TECHNOLOGY PRAGUE",,"2602"
"2020-08-01","2020-08-31","SciFinder",,,"Name:UNIV CHEMISTRY & TECHNOLOGY PRAGUE",,"2573"
"2020-09-01","2020-09-30","SciFinder",,,"Name:UNIV CHEMISTRY & TECHNOLOGY PRAGUE",,"1952"
"2020-10-01","2020-10-31","SciFinder",,,"Name:UNIV CHEMISTRY & TECHNOLOGY PRAGUE",,"5600"
"2020-11-01","2020-11-30","SciFinder",,,"Name:UNIV CHEMISTRY & TECHNOLOGY PRAGUE",,"5767"
"2020-12-01","2020-12-31","SciFinder",,,"Name:UNIV CHEMISTRY & TECHNOLOGY PRAGUE",,"2633"
"2020-01-01","2020-01-31","SciFinder",,,"Name:UNIV KARLOVA",,"2554"
"2020-02-01","2020-02-29","SciFinder",,,"Name:UNIV KARLOVA",,"3492"
"2020-03-01","2020-03-31","SciFinder",,,"Name:UNIV KARLOVA",,"2976"
"2020-04-01","2020-04-30","SciFinder",,,"Name:UNIV KARLOVA",,"3476"
"2020-05-01","2020-05-31","SciFinder",,,"Name:UNIV KARLOVA",,"3091"
"2020-06-01","2020-06-30","SciFinder",,,"Name:UNIV KARLOVA",,"2676"
"2020-07-01","2020-07-31","SciFinder",,,"Name:UNIV KARLOVA",,"2478"
"2020-08-01","2020-08-31","SciFinder",,,"Name:UNIV KARLOVA",,"1850"
"2020-09-01","2020-09-30","SciFinder",,,"Name:UNIV KARLOVA",,"1792"
"2020-10-01","2020-10-31","SciFinder",,,"Name:UNIV KARLOVA",,"3515"
"2020-11-01","2020-11-30","SciFinder",,,"Name:UNIV KARLOVA",,"4425"
"2020-12-01","2020-12-31","SciFinder",,,"Name:UNIV KARLOVA",,"3713"
"2020-01-01","2020-01-31","SciFinder",,,"Name:UNIV OF PARDUBICE",,"982"
"2020-02-01","2020-02-29","SciFinder",,,"Name:UNIV OF PARDUBICE",,"1174"
"2020-03-01","2020-03-31","SciFinder",,,"Name:UNIV OF PARDUBICE",,"823"
"2020-04-01","2020-04-30","SciFinder",,,"Name:UNIV OF PARDUBICE",,"780"
"2020-05-01","2020-05-31","SciFinder",,,"Name:UNIV OF PARDUBICE",,"1005"
"2020-06-01","2020-06-30","SciFinder",,,"Name:UNIV OF PARDUBICE",,"1138"
"2020-07-01","2020-07-31","SciFinder",,,"Name:UNIV OF PARDUBICE",,"938"
"2020-08-01","2020-08-31","SciFinder",,,"Name:UNIV OF PARDUBICE",,"579"
"2020-09-01","2020-09-30","SciFinder",,,"Name:UNIV OF PARDUBICE",,"937"
"2020-10-01","2020-10-31","SciFinder",,,"Name:UNIV OF PARDUBICE",,"859"
"2020-11-01","2020-11-30","SciFinder",,,"Name:UNIV OF PARDUBICE",,"893"
"2020-12-01","2020-12-31","SciFinder",,,"Name:UNIV OF PARDUBICE",,"702"
"2020-01-01","2020-01-31","SciFinder",,,"Name:VETERINARNI A FARMACEUTICKA UNIV",,"764"
"2020-02-01","2020-02-29","SciFinder",,,"Name:VETERINARNI A FARMACEUTICKA UNIV",,"603"
"2020-03-01","2020-03-31","SciFinder",,,"Name:VETERINARNI A FARMACEUTICKA UNIV",,"609"
"2020-04-01","2020-04-30","SciFinder",,,"Name:VETERINARNI A FARMACEUTICKA UNIV",,"330"
"2020-05-01","2020-05-31","SciFinder",,,"Name:VETERINARNI A FARMACEUTICKA UNIV",,"184"
"2020-06-01","2020-06-30","SciFinder",,,"Name:VETERINARNI A FARMACEUTICKA UNIV",,"186"
"2020-07-01","2020-07-31","SciFinder",,,"Name:VETERINARNI A FARMACEUTICKA UNIV",,"258"
"2020-08-01","2020-08-31","SciFinder",,,"Name:VETERINARNI A FARMACEUTICKA UNIV",,"179"
"2020-09-01","2020-09-30","SciFinder",,,"Name:VETERINARNI A FARMACEUTICKA UNIV",,"195"
"2020-10-01","2020-10-31","SciFinder",,,"Name:VETERINARNI A FARMACEUTICKA UNIV",,"108"
"2020-11-01","2020-11-30","SciFinder",,,"Name:VETERINARNI A FARMACEUTICKA UNIV",,"309"
"2020-12-01","2020-12-31","SciFinder",,,"Name:VETERINARNI A FARMACEUTICKA UNIV",,"305"
"2020-01-01","2020-01-31","SciFinder",,,"Name:VYSOKE UCENI TECHNICKE V BRNE",,"327"
"2020-02-01","2020-02-29","SciFinder",,,"Name:VYSOKE UCENI TECHNICKE V BRNE",,"500"
"2020-03-01","2020-03-31","SciFinder",,,"Name:VYSOKE UCENI TECHNICKE V BRNE",,"503"
"2020-04-01","2020-04-30","SciFinder",,,"Name:VYSOKE UCENI TECHNICKE V BRNE",,"383"
"2020-05-01","2020-05-31","SciFinder",,,"Name:VYSOKE UCENI TECHNICKE V BRNE",,"418"
"2020-06-01","2020-06-30","SciFinder",,,"Name:VYSOKE UCENI TECHNICKE V BRNE",,"309"
"2020-07-01","2020-07-31","SciFinder",,,"Name:VYSOKE UCENI TECHNICKE V BRNE",,"247"
"2020-08-01","2020-08-31","SciFinder",,,"Name:VYSOKE UCENI TECHNICKE V BRNE",,"148"
"2020-09-01","2020-09-30","SciFinder",,,"Name:VYSOKE UCENI TECHNICKE V BRNE",,"170"
"2020-10-01","2020-10-31","SciFinder",,,"Name:VYSOKE UCENI TECHNICKE V BRNE",,"302"
"2020-11-01","2020-11-30","SciFinder",,,"Name:VYSOKE UCENI TECHNICKE V BRNE",,"327"
"2020-12-01","2020-12-31","SciFinder",,,"Name:VYSOKE UCENI TECHNICKE V BRNE",,"200"
"2020-01-01","2020-01-31","SciFinder",,,"Name:ACADEMY SCIENCES CZECH REPUBLI",,"2863"
"2020-02-01","2020-02-29","SciFinder",,,"Name:ACADEMY SCIENCES CZECH REPUBLI",,"3084"
"2020-03-01","2020-03-31","SciFinder",,,"Name:ACADEMY SCIENCES CZECH REPUBLI",,"3660"
"2020-04-01","2020-04-30","SciFinder",,,"Name:ACADEMY SCIENCES CZECH REPUBLI",,"5427"
"2020-05-01","2020-05-31","SciFinder",,,"Name:ACADEMY SCIENCES CZECH REPUBLI",,"3850"
"2020-06-01","2020-06-30","SciFinder",,,"Name:ACADEMY SCIENCES CZECH REPUBLI",,"2523"
"2020-07-01","2020-07-31","SciFinder",,,"Name:ACADEMY SCIENCES CZECH REPUBLI",,"2230"
"2020-08-01","2020-08-31","SciFinder",,,"Name:ACADEMY SCIENCES CZECH REPUBLI",,"2011"
"2020-09-01","2020-09-30","SciFinder",,,"Name:ACADEMY SCIENCES CZECH REPUBLI",,"2207"
"2020-10-01","2020-10-31","SciFinder",,,"Name:ACADEMY SCIENCES CZECH REPUBLI",,"2985"
"2020-11-01","2020-11-30","SciFinder",,,"Name:ACADEMY SCIENCES CZECH REPUBLI",,"3208"
"2020-12-01","2020-12-31","SciFinder",,,"Name:ACADEMY SCIENCES CZECH REPUBLI",,"1647"
"2020-01-01","2020-01-31","SciFinder_n",,,"Name:JAN EVANGELISTA PURKYNE UNIV",,"0"
"2020-02-01","2020-02-29","SciFinder_n",,,"Name:JAN EVANGELISTA PURKYNE UNIV",,"0"
"2020-03-01","2020-03-31","SciFinder_n",,,"Name:JAN EVANGELISTA PURKYNE UNIV",,"0"
"2020-04-01","2020-04-30","SciFinder_n",,,"Name:JAN EVANGELISTA PURKYNE UNIV",,"0"
"2020-05-01","2020-05-31","SciFinder_n",,,"Name:JAN EVANGELISTA PURKYNE UNIV",,"0"
"2020-06-01","2020-06-30","SciFinder_n",,,"Name:JAN EVANGELISTA PURKYNE UNIV",,"0"
"2020-07-01","2020-07-31","SciFinder_n",,,"Name:JAN EVANGELISTA PURKYNE UNIV",,"0"
"2020-08-01","2020-08-31","SciFinder_n",,,"Name:JAN EVANGELISTA PURKYNE UNIV",,"0"
"2020-09-01","2020-09-30","SciFinder_n",,,"Name:JAN EVANGELISTA PURKYNE UNIV",,"0"
"2020-10-01","2020-10-31","SciFinder_n",,,"Name:JAN EVANGELISTA PURKYNE UNIV",,"0"
"2020-11-01","2020-11-30","SciFinder_n",,,"Name:JAN EVANGELISTA PURKYNE UNIV",,"0"
"2020-12-01","2020-12-31","SciFinder_n",,,"Name:JAN EVANGELISTA PURKYNE UNIV",,"7"
"2020-01-01","2020-01-31","SciFinder_n",,,"Name:MASARYK UNIV BRNO",,"0"
"2020-02-01","2020-02-29","SciFinder_n",,,"Name:MASARYK UNIV BRNO",,"0"
"2020-03-01","2020-03-31","SciFinder_n",,,"Name:MASARYK UNIV BRNO",,"0"
"2020-04-01","2020-04-30","SciFinder_n",,,"Name:MASARYK UNIV BRNO",,"0"
"2020-05-01","2020-05-31","SciFinder_n",,,"Name:MASARYK UNIV BRNO",,"0"
"2020-06-01","2020-06-30","SciFinder_n",,,"Name:MASARYK UNIV BRNO",,"0"
"2020-07-01","2020-07-31","SciFinder_n",,,"Name:MASARYK UNIV BRNO",,"0"
"2020-08-01","2020-08-31","SciFinder_n",,,"Name:MASARYK UNIV BRNO",,"0"
"2020-09-01","2020-09-30","SciFinder_n",,,"Name:MASARYK UNIV BRNO",,"0"
"2020-10-01","2020-10-31","SciFinder_n",,,"Name:MASARYK UNIV BRNO",,"0"
"2020-11-01","2020-11-30","SciFinder_n",,,"Name:MASARYK UNIV BRNO",,"0"
"2020-12-01","2020-12-31","SciFinder_n",,,"Name:MASARYK UNIV BRNO",,"36"
"2020-01-01","2020-01-31","SciFinder_n",,,"Name:PALACKY UNIV",,"0"
"2020-02-01","2020-02-29","SciFinder_n",,,"Name:PALACKY UNIV",,"0"
"2020-03-01","2020-03-31","SciFinder_n",,,"Name:PALACKY UNIV",,"0"
"2020-04-01","2020-04-30","SciFinder_n",,,"Name:PALACKY UNIV",,"0"
"2020-05-01","2020-05-31","SciFinder_n",,,"Name:PALACKY UNIV",,"0"
"2020-06-01","2020-06-30","SciFinder_n",,,"Name:PALACKY UNIV",,"0"
"2020-07-01","2020-07-31","SciFinder_n",,,"Name:PALACKY UNIV",,"0"
"2020-08-01","2020-08-31","SciFinder_n",,,"Name:PALACKY UNIV",,"0"
"2020-09-01","2020-09-30","SciFinder_n",,,"Name:PALACKY UNIV",,"0"
"2020-10-01","2020-10-31","SciFinder_n",,,"Name:PALACKY UNIV",,"0"
"2020-11-01","2020-11-30","SciFinder_n",,,"Name:PALACKY UNIV",,"0"
"2020-12-01","2020-12-31","SciFinder_n",,,"Name:PALACKY UNIV",,"118"
"2020-01-01","2020-01-31","SciFinder_n",,,"Name:UNIV CHEMISTRY & TECHNOLOGY PRAGUE",,"616"
"2020-02-01","2020-02-29","SciFinder_n",,,"Name:UNIV CHEMISTRY & TECHNOLOGY PRAGUE",,"860"
"2020-03-01","2020-03-31","SciFinder_n",,,"Name:UNIV CHEMISTRY & TECHNOLOGY PRAGUE",,"1659"
"2020-04-01","2020-04-30","SciFinder_n",,,"Name:UNIV CHEMISTRY & TECHNOLOGY PRAGUE",,"1546"
"2020-05-01","2020-05-31","SciFinder_n",,,"Name:UNIV CHEMISTRY & TECHNOLOGY PRAGUE",,"1437"
"2020-06-01","2020-06-30","SciFinder_n",,,"Name:UNIV CHEMISTRY & TECHNOLOGY PRAGUE",,"785"
"2020-07-01","2020-07-31","SciFinder_n",,,"Name:UNIV CHEMISTRY & TECHNOLOGY PRAGUE",,"2586"
"2020-08-01","2020-08-31","SciFinder_n",,,"Name:UNIV CHEMISTRY & TECHNOLOGY PRAGUE",,"3389"
"2020-09-01","2020-09-30","SciFinder_n",,,"Name:UNIV CHEMISTRY & TECHNOLOGY PRAGUE",,"709"
"2020-10-01","2020-10-31","SciFinder_n",,,"Name:UNIV CHEMISTRY & TECHNOLOGY PRAGUE",,"1222"
"2020-11-01","2020-11-30","SciFinder_n",,,"Name:UNIV CHEMISTRY & TECHNOLOGY PRAGUE",,"2408"
"2020-12-01","2020-12-31","SciFinder_n",,,"Name:UNIV CHEMISTRY & TECHNOLOGY PRAGUE",,"2087"
"2020-01-01","2020-01-31","SciFinder_n",,,"Name:UNIV KARLOVA",,"92"
"2020-02-01","2020-02-29","SciFinder_n",,,"Name:UNIV KARLOVA",,"121"
"2020-03-01","2020-03-31","SciFinder_n",,,"Name:UNIV KARLOVA",,"421"
"2020-04-01","2020-04-30","SciFinder_n",,,"Name:UNIV KARLOVA",,"1240"
"2020-05-01","2020-05-31","SciFinder_n",,,"Name:UNIV KARLOVA",,"445"
"2020-06-01","2020-06-30","SciFinder_n",,,"Name:UNIV KARLOVA",,"720"
"2020-07-01","2020-07-31","SciFinder_n",,,"Name:UNIV KARLOVA",,"378"
"2020-08-01","2020-08-31","SciFinder_n",,,"Name:UNIV KARLOVA",,"273"
"2020-09-01","2020-09-30","SciFinder_n",,,"Name:UNIV KARLOVA",,"253"
"2020-10-01","2020-10-31","SciFinder_n",,,"Name:UNIV KARLOVA",,"1041"
"2020-11-01","2020-11-30","SciFinder_n",,,"Name:UNIV KARLOVA",,"2224"
"2020-12-01","2020-12-31","SciFinder_n",,,"Name:UNIV KARLOVA",,"1397"
"2020-01-01","2020-01-31","SciFinder_n",,,"Name:UNIV OF PARDUBICE",,"0"
"2020-02-01","2020-02-29","SciFinder_n",,,"Name:UNIV OF PARDUBICE",,"0"
"2020-03-01","2020-03-31","SciFinder_n",,,"Name:UNIV OF PARDUBICE",,"0"
"2020-04-01","2020-04-30","SciFinder_n",,,"Name:UNIV OF PARDUBICE",,"0"
"2020-05-01","2020-05-31","SciFinder_n",,,"Name:UNIV OF PARDUBICE",,"0"
"2020-06-01","2020-06-30","SciFinder_n",,,"Name:UNIV OF PARDUBICE",,"0"
"2020-07-01","2020-07-31","SciFinder_n",,,"Name:UNIV OF PARDUBICE",,"0"
"2020-08-01","2020-08-31","SciFinder_n",,,"Name:UNIV OF PARDUBICE",,"0"
"2020-09-01","2020-09-30","SciFinder_n",,,"Name:UNIV OF PARDUBICE",,"0"
"2020-10-01","2020-10-31","SciFinder_n",,,"Name:UNIV OF PARDUBICE",,"0"
"2020-11-01","2020-11-30","SciFinder_n",,,"Name:UNIV OF PARDUBICE",,"0"
"2020-12-01","2020-12-31","SciFinder_n",,,"Name:UNIV OF PARDUBICE",,"150"
"2020-01-01","2020-01-31","SciFinder_n",,,"Name:VYSOKE UCENI TECHNICKE V BRNE",,"0"
"2020-02-01","2020-02-29","SciFinder_n",,,"Name:VYSOKE UCENI TECHNICKE V BRNE",,"0"
"2020-03-01","2020-03-31","SciFinder_n",,,"Name:VYSOKE UCENI TECHNICKE V BRNE",,"0"
"2020-04-01","2020-04-30","SciFinder_n",,,"Name:VYSOKE UCENI TECHNICKE V BRNE",,"0"
"2020-05-01","2020-05-31","SciFinder_n",,,"Name:VYSOKE UCENI TECHNICKE V BRNE",,"0"
"2020-06-01","2020-06-30","SciFinder_n",,,"Name:VYSOKE UCENI TECHNICKE V BRNE",,"0"
"2020-07-01","2020-07-31","SciFinder_n",,,"Name:VYSOKE UCENI TECHNICKE V BRNE",,"0"
"2020-08-01","2020-08-31","SciFinder_n",,,"Name:VYSOKE UCENI TECHNICKE V BRNE",,"0"
"2020-09-01","2020-09-30","SciFinder_n",,,"Name:VYSOKE UCENI TECHNICKE V BRNE",,"0"
"2020-10-01","2020-10-31","SciFinder_n",,,"Name:VYSOKE UCENI TECHNICKE V BRNE",,"0"
"2020-11-01","2020-11-30","SciFinder_n",,,"Name:VYSOKE UCENI TECHNICKE V BRNE",,"0"
"2020-12-01","2020-12-31","SciFinder_n",,,"Name:VYSOKE UCENI TECHNICKE V BRNE",,"1"
"2020-01-01","2020-01-31","SciFinder_n",,,"Name:ACADEMY SCIENCES CZECH REPUBLI",,"0"
"2020-02-01","2020-02-29","SciFinder_n",,,"Name:ACADEMY SCIENCES CZECH REPUBLI",,"0"
"2020-03-01","2020-03-31","SciFinder_n",,,"Name:ACADEMY SCIENCES CZECH REPUBLI",,"0"
"2020-04-01","2020-04-30","SciFinder_n",,,"Name:ACADEMY SCIENCES CZECH REPUBLI",,"0"
"2020-05-01","2020-05-31","SciFinder_n",,,"Name:ACADEMY SCIENCES CZECH REPUBLI",,"0"
"2020-06-01","2020-06-30","SciFinder_n",,,"Name:ACADEMY SCIENCES CZECH REPUBLI",,"0"
"2020-07-01","2020-07-31","SciFinder_n",,,"Name:ACADEMY SCIENCES CZECH REPUBLI",,"0"
"2020-08-01","2020-08-31","SciFinder_n",,,"Name:ACADEMY SCIENCES CZECH REPUBLI",,"0"
"2020-09-01","2020-09-30","SciFinder_n",,,"Name:ACADEMY SCIENCES CZECH REPUBLI",,"0"
"2020-10-01","2020-10-31","SciFinder_n",,,"Name:ACADEMY SCIENCES CZECH REPUBLI",,"0"
"2020-11-01","2020-11-30","SciFinder_n",,,"Name:ACADEMY SCIENCES CZECH REPUBLI",,"0"
"2020-12-01","2020-12-31","SciFinder_n",,,"Name:ACADEMY SCIENCES CZECH REPUBLI",,"59"
